Component: ARM Compiler 5.06 update 6 (build 750) Tool: armlink [4d35ed]

==============================================================================

Section Cross References

    startup_stm32f407xx.o(STACK) refers (Special) to heapauxi.o(.text) for __use_two_region_memory
    startup_stm32f407xx.o(HEAP) refers (Special) to heapauxi.o(.text) for __use_two_region_memory
    startup_stm32f407xx.o(RESET) refers (Special) to heapauxi.o(.text) for __use_two_region_memory
    startup_stm32f407xx.o(RESET) refers to startup_stm32f407xx.o(STACK) for __initial_sp
    startup_stm32f407xx.o(RESET) refers to startup_stm32f407xx.o(.text) for Reset_Handler
    startup_stm32f407xx.o(RESET) refers to stm32f4xx_it.o(i.NMI_Handler) for NMI_Handler
    startup_stm32f407xx.o(RESET) refers to stm32f4xx_it.o(i.HardFault_Handler) for HardFault_Handler
    startup_stm32f407xx.o(RESET) refers to stm32f4xx_it.o(i.MemManage_Handler) for MemManage_Handler
    startup_stm32f407xx.o(RESET) refers to stm32f4xx_it.o(i.BusFault_Handler) for BusFault_Handler
    startup_stm32f407xx.o(RESET) refers to stm32f4xx_it.o(i.UsageFault_Handler) for UsageFault_Handler
    startup_stm32f407xx.o(RESET) refers to port.o(.emb_text) for SVC_Handler
    startup_stm32f407xx.o(RESET) refers to stm32f4xx_it.o(i.DebugMon_Handler) for DebugMon_Handler
    startup_stm32f407xx.o(RESET) refers to stm32f4xx_it.o(i.SysTick_Handler) for SysTick_Handler
    startup_stm32f407xx.o(RESET) refers to stm32f4xx_it.o(i.DMA1_Stream1_IRQHandler) for DMA1_Stream1_IRQHandler
    startup_stm32f407xx.o(RESET) refers to stm32f4xx_it.o(i.CAN1_TX_IRQHandler) for CAN1_TX_IRQHandler
    startup_stm32f407xx.o(RESET) refers to stm32f4xx_it.o(i.CAN1_RX0_IRQHandler) for CAN1_RX0_IRQHandler
    startup_stm32f407xx.o(RESET) refers to stm32f4xx_it.o(i.CAN1_RX1_IRQHandler) for CAN1_RX1_IRQHandler
    startup_stm32f407xx.o(RESET) refers to stm32f4xx_it.o(i.TIM2_IRQHandler) for TIM2_IRQHandler
    startup_stm32f407xx.o(RESET) refers to remote_control.o(i.USART3_IRQHandler) for USART3_IRQHandler
    startup_stm32f407xx.o(RESET) refers to stm32f4xx_it.o(i.OTG_FS_IRQHandler) for OTG_FS_IRQHandler
    startup_stm32f407xx.o(RESET) refers to stm32f4xx_it.o(i.DMA2_Stream6_IRQHandler) for DMA2_Stream6_IRQHandler
    startup_stm32f407xx.o(RESET) refers to stm32f4xx_it.o(i.USART6_IRQHandler) for USART6_IRQHandler
    startup_stm32f407xx.o(.text) refers (Special) to heapauxi.o(.text) for __use_two_region_memory
    startup_stm32f407xx.o(.text) refers to system_stm32f4xx.o(i.SystemInit) for SystemInit
    startup_stm32f407xx.o(.text) refers to __main.o(!!!main) for __main
    startup_stm32f407xx.o(.text) refers to startup_stm32f407xx.o(HEAP) for Heap_Mem
    startup_stm32f407xx.o(.text) refers to startup_stm32f407xx.o(STACK) for Stack_Mem
    main.o(i.SystemClock_Config) refers to rt_memclr_w.o(.text) for __aeabi_memclr4
    main.o(i.SystemClock_Config) refers to stm32f4xx_hal_rcc.o(i.HAL_RCC_OscConfig) for HAL_RCC_OscConfig
    main.o(i.SystemClock_Config) refers to main.o(i.Error_Handler) for Error_Handler
    main.o(i.SystemClock_Config) refers to stm32f4xx_hal_rcc.o(i.HAL_RCC_ClockConfig) for HAL_RCC_ClockConfig
    main.o(i.main) refers to stm32f4xx_hal.o(i.HAL_Init) for HAL_Init
    main.o(i.main) refers to main.o(i.SystemClock_Config) for SystemClock_Config
    main.o(i.main) refers to gpio.o(i.MX_GPIO_Init) for MX_GPIO_Init
    main.o(i.main) refers to dma.o(i.MX_DMA_Init) for MX_DMA_Init
    main.o(i.main) refers to spi.o(i.MX_SPI1_Init) for MX_SPI1_Init
    main.o(i.main) refers to tim.o(i.MX_TIM2_Init) for MX_TIM2_Init
    main.o(i.main) refers to tim.o(i.MX_TIM10_Init) for MX_TIM10_Init
    main.o(i.main) refers to usart.o(i.MX_USART6_UART_Init) for MX_USART6_UART_Init
    main.o(i.main) refers to can.o(i.MX_CAN1_Init) for MX_CAN1_Init
    main.o(i.main) refers to usart.o(i.MX_USART3_UART_Init) for MX_USART3_UART_Init
    main.o(i.main) refers to bmi088driver.o(i.BMI088_init) for BMI088_init
    main.o(i.main) refers to remote_control.o(i.remote_control_init) for remote_control_init
    main.o(i.main) refers to pid.o(i.gimbal_PID_init) for gimbal_PID_init
    main.o(i.main) refers to bsp_can.o(i.can_filter_init) for can_filter_init
    main.o(i.main) refers to stm32f4xx_hal_tim.o(i.HAL_TIM_Base_Start_IT) for HAL_TIM_Base_Start_IT
    main.o(i.main) refers to remote_control.o(i.get_remote_control_point) for get_remote_control_point
    main.o(i.main) refers to freertos.o(i.MX_FREERTOS_Init) for MX_FREERTOS_Init
    main.o(i.main) refers to cmsis_os.o(i.osKernelStart) for osKernelStart
    main.o(i.main) refers to tim.o(.bss) for htim2
    main.o(i.main) refers to remote_control.o(.data) for local_rc_ctrl
    gpio.o(i.MX_GPIO_Init) refers to rt_memclr_w.o(.text) for __aeabi_memclr4
    gpio.o(i.MX_GPIO_Init) refers to stm32f4xx_hal_gpio.o(i.HAL_GPIO_WritePin) for HAL_GPIO_WritePin
    gpio.o(i.MX_GPIO_Init) refers to stm32f4xx_hal_gpio.o(i.HAL_GPIO_Init) for HAL_GPIO_Init
[...]
    USBD_LL_SOF                              0x080070e5   Thumb Code    40  usbd_core.o(i.USBD_LL_SOF)
    USBD_LL_SetSpeed                         0x0800710d   Thumb Code     8  usbd_core.o(i.USBD_LL_SetSpeed)
    USBD_LL_SetUSBAddress                    0x08007115   Thumb Code    38  usbd_conf.o(i.USBD_LL_SetUSBAddress)
    USBD_LL_SetupStage                       0x0800713b   Thumb Code   118  usbd_core.o(i.USBD_LL_SetupStage)
    USBD_LL_StallEP                          0x080071b1   Thumb Code    38  usbd_conf.o(i.USBD_LL_StallEP)
    USBD_LL_Start                            0x080071d7   Thumb Code    30  usbd_conf.o(i.USBD_LL_Start)
    USBD_LL_Suspend                          0x080071f5   Thumb Code    28  usbd_core.o(i.USBD_LL_Suspend)
    USBD_LL_Transmit                         0x08007211   Thumb Code    48  usbd_conf.o(i.USBD_LL_Transmit)
    USBD_ParseSetupRequest                   0x08007241   Thumb Code    54  usbd_ctlreq.o(i.USBD_ParseSetupRequest)
    USBD_RegisterClass                       0x08007277   Thumb Code    72  usbd_core.o(i.USBD_RegisterClass)
    USBD_RunTestMode                         0x080072bf   Thumb Code     6  usbd_core.o(i.USBD_RunTestMode)
    USBD_SetClassConfig                      0x0800731f   Thumb Code    32  usbd_core.o(i.USBD_SetClassConfig)
    USBD_Start                               0x0800747d   Thumb Code    12  usbd_core.o(i.USBD_Start)
    USBD_StdDevReq                           0x08007489   Thumb Code   174  usbd_ctlreq.o(i.USBD_StdDevReq)
    USBD_StdEPReq                            0x08007537   Thumb Code   644  usbd_ctlreq.o(i.USBD_StdEPReq)
    USBD_StdItfReq                           0x080077bb   Thumb Code   174  usbd_ctlreq.o(i.USBD_StdItfReq)
    USBD_static_free                         0x08007869   Thumb Code     2  usbd_conf.o(i.USBD_static_free)
    USBD_static_malloc                       0x0800786d   Thumb Code     6  usbd_conf.o(i.USBD_static_malloc)
    USB_ActivateEndpoint                     0x08007879   Thumb Code   202  stm32f4xx_ll_usb.o(i.USB_ActivateEndpoint)
    USB_ActivateSetup                        0x08007949   Thumb Code    40  stm32f4xx_ll_usb.o(i.USB_ActivateSetup)
    USB_CoreInit                             0x08007971   Thumb Code   136  stm32f4xx_ll_usb.o(i.USB_CoreInit)
    USB_DeactivateEndpoint                   0x08007a61   Thumb Code   318  stm32f4xx_ll_usb.o(i.USB_DeactivateEndpoint)
    USB_DevConnect                           0x08007bad   Thumb Code    36  stm32f4xx_ll_usb.o(i.USB_DevConnect)
    USB_DevDisconnect                        0x08007bd1   Thumb Code    36  stm32f4xx_ll_usb.o(i.USB_DevDisconnect)
    USB_DevInit                              0x08007bf5   Thumb Code   480  stm32f4xx_ll_usb.o(i.USB_DevInit)
    USB_DisableGlobalInt                     0x08007ddd   Thumb Code    14  stm32f4xx_ll_usb.o(i.USB_DisableGlobalInt)
    USB_EP0_OutStart                         0x08007ded   Thumb Code   106  stm32f4xx_ll_usb.o(i.USB_EP0_OutStart)
    USB_EPClearStall                         0x08007e5d   Thumb Code   142  stm32f4xx_ll_usb.o(i.USB_EPClearStall)
    USB_EPSetStall                           0x08007eeb   Thumb Code   154  stm32f4xx_ll_usb.o(i.USB_EPSetStall)
    USB_EPStartXfer                          0x08007f85   Thumb Code   954  stm32f4xx_ll_usb.o(i.USB_EPStartXfer)
    USB_EPStopXfer                           0x08008345   Thumb Code   236  stm32f4xx_ll_usb.o(i.USB_EPStopXfer)
    USB_EnableGlobalInt                      0x08008431   Thumb Code    14  stm32f4xx_ll_usb.o(i.USB_EnableGlobalInt)
    USB_FlushRxFifo                          0x0800843f   Thumb Code    80  stm32f4xx_ll_usb.o(i.USB_FlushRxFifo)
    USB_FlushTxFifo                          0x0800848f   Thumb Code    84  stm32f4xx_ll_usb.o(i.USB_FlushTxFifo)
    USB_GetDevSpeed                          0x080084e3   Thumb Code    38  stm32f4xx_ll_usb.o(i.USB_GetDevSpeed)
    USB_GetMode                              0x08008509   Thumb Code    10  stm32f4xx_ll_usb.o(i.USB_GetMode)
    USB_ReadDevAllInEpInterrupt              0x08008513   Thumb Code    20  stm32f4xx_ll_usb.o(i.USB_ReadDevAllInEpInterrupt)
    USB_ReadDevAllOutEpInterrupt             0x08008527   Thumb Code    20  stm32f4xx_ll_usb.o(i.USB_ReadDevAllOutEpInterrupt)
    USB_ReadDevInEPInterrupt                 0x0800853b   Thumb Code    50  stm32f4xx_ll_usb.o(i.USB_ReadDevInEPInterrupt)
    USB_ReadDevOutEPInterrupt                0x0800856d   Thumb Code    26  stm32f4xx_ll_usb.o(i.USB_ReadDevOutEPInterrupt)
    USB_ReadInterrupts                       0x08008587   Thumb Code    10  stm32f4xx_ll_usb.o(i.USB_ReadInterrupts)
    USB_ReadPacket                           0x08008591   Thumb Code    96  stm32f4xx_ll_usb.o(i.USB_ReadPacket)
    USB_SetCurrentMode                       0x080085f1   Thumb Code   104  stm32f4xx_ll_usb.o(i.USB_SetCurrentMode)
    USB_SetDevAddress                        0x08008659   Thumb Code    42  stm32f4xx_ll_usb.o(i.USB_SetDevAddress)
    USB_SetDevSpeed                          0x08008683   Thumb Code    18  stm32f4xx_ll_usb.o(i.USB_SetDevSpeed)
    USB_SetTurnaroundTime                    0x08008695   Thumb Code   192  stm32f4xx_ll_usb.o(i.USB_SetTurnaroundTime)
    USB_WritePacket                          0x0800877d   Thumb Code    68  stm32f4xx_ll_usb.o(i.USB_WritePacket)
    UsageFault_Handler                       0x080087c1   Thumb Code     4  stm32f4xx_it.o(i.UsageFault_Handler)
    VOFA_Send_Data                           0x080087c5   Thumb Code    82  vofa.o(i.VOFA_Send_Data)
    VOFA_Send_Frametail                      0x08008821   Thumb Code    90  vofa.o(i.VOFA_Send_Frametail)
    VOFA_Transmit                            0x08008885   Thumb Code    22  vofa.o(i.VOFA_Transmit)
    __ARM_fpclassify                         0x0800889b   Thumb Code    48  fpclassify.o(i.__ARM_fpclassify)
    __ARM_fpclassifyf                        0x080088cb   Thumb Code    38  fpclassifyf.o(i.__ARM_fpclassifyf)
    __hardfp_asin                            0x08008929   Thumb Code   770  asin.o(i.__hardfp_asin)
    __hardfp_atan                            0x08008c89   Thumb Code   622  atan.o(i.__hardfp_atan)
    __hardfp_atan2                           0x08008f61   Thumb Code   432  atan2.o(i.__hardfp_atan2)
    __hardfp_atan2f                          0x08009151   Thumb Code   502  atan2f.o(i.__hardfp_atan2f)
    __hardfp_fabs                            0x080093a1   Thumb Code    20  fabs.o(i.__hardfp_fabs)
    __kernel_poly                            0x080093b5   Thumb Code   248  poly.o(i.__kernel_poly)
    __mathlib_dbl_infnan                     0x080094ad   Thumb Code    20  dunder.o(i.__mathlib_dbl_infnan)
    __mathlib_dbl_infnan2                    0x080094c1   Thumb Code    20  dunder.o(i.__mathlib_dbl_infnan2)
    __mathlib_dbl_invalid                    0x080094d9   Thumb Code    24  dunder.o(i.__mathlib_dbl_invalid)
    __mathlib_dbl_underflow                  0x080094f9   Thumb Code    24  dunder.o(i.__mathlib_dbl_underflow)
    __mathlib_flt_infnan2                    0x08009519   Thumb Code     6  funder.o(i.__mathlib_flt_infnan2)
    __mathlib_flt_underflow                  0x08009521   Thumb Code    10  funder.o(i.__mathlib_flt_underflow)
    atan                                     0x08009531   Thumb Code    16  atan.o(i.atan)
    bmi088_accel_init                        0x08009541   Thumb Code   290  bmi088driver.o(i.bmi088_accel_init)
    bmi088_gyro_init                         0x08009669   Thumb Code   238  bmi088driver.o(i.bmi088_gyro_init)
    can_filter_init                          0x0800975d   Thumb Code    56  bsp_can.o(i.can_filter_init)
    fabs                                     0x08009799   Thumb Code    24  fabs.o(i.fabs)
    get_motor_measure                        0x080097b1   Thumb Code    40  can_receive.o(i.get_motor_measure)
    get_remote_control_point                 0x080097d9   Thumb Code     4  remote_control.o(i.get_remote_control_point)
    gimbal_PID_init                          0x080097e1   Thumb Code   108  pid.o(i.gimbal_PID_init)
    gimbal_angle_limit                       0x08009879   Thumb Code   334  gimbal.o(i.gimbal_angle_limit)
    gimbal_detact_calibration                0x080099d9   Thumb Code   212  gimbal.o(i.gimbal_detact_calibration)
    invSqrt                                  0x08009c49   Thumb Code    86  mahonyahrs.o(i.invSqrt)
    main                                     0x08009ca5   Thumb Code    88  main.o(i.main)
    msp                                      0x08009d3b   Thumb Code   108  motor.o(i.msp)
    osDelay                                  0x08009da7   Thumb Code    24  cmsis_os.o(i.osDelay)
    osKernelStart                            0x08009dbf   Thumb Code    10  cmsis_os.o(i.osKernelStart)
    osThreadCreate                           0x08009dc9   Thumb Code    94  cmsis_os.o(i.osThreadCreate)
    pid_calc_raw                             0x08009e29   Thumb Code   250  pid.o(i.pid_calc_raw)
    pid_calc_raw_return                      0x08009f2d   Thumb Code   250  pid.o(i.pid_calc_raw_return)
    pid_calc_speed                           0x0800a031   Thumb Code   234  pid.o(i.pid_calc_speed)
    pid_init                                 0x0800a125   Thumb Code    22  pid.o(i.pid_init)
    pvPortMalloc                             0x0800a731   Thumb Code   306  heap_4.o(i.pvPortMalloc)
    pvTaskIncrementMutexHeldCount            0x0800a87d   Thumb Code    26  tasks.o(i.pvTaskIncrementMutexHeldCount)
    pxPortInitialiseStack                    0x0800a89d   Thumb Code    38  port.o(i.pxPortInitialiseStack)
    rad_format                               0x0800a8c9   Thumb Code    96  pid.o(i.rad_format)
    rad_format_limit                         0x0800a92d   Thumb Code   152  pid.o(i.rad_format_limit)
    remote_control_init                      0x0800a9c9   Thumb Code    16  remote_control.o(i.remote_control_init)
    sErrorHandel                             0x0800a9dd   Thumb Code     8  errorhandel.o(i.sErrorHandel)
    sqrt                                     0x0800ab8d   Thumb Code   110  sqrt.o(i.sqrt)
    uxListRemove                             0x0800abfb   Thumb Code    40  list.o(i.uxListRemove)
    vApplicationGetIdleTaskMemory            0x0800ac25   Thumb Code    14  freertos.o(i.vApplicationGetIdleTaskMemory)
    vListInitialise                          0x0800ac3d   Thumb Code    26  list.o(i.vListInitialise)
    vListInitialiseItem                      0x0800ac57   Thumb Code     6  list.o(i.vListInitialiseItem)
    vListInsert                              0x0800ac5d   Thumb Code    52  list.o(i.vListInsert)
    vListInsertEnd                           0x0800ac91   Thumb Code    24  list.o(i.vListInsertEnd)
    vPortEnterCritical                       0x0800aca9   Thumb Code    76  port.o(i.vPortEnterCritical)
    vPortExitCritical                        0x0800acfd   Thumb Code    56  port.o(i.vPortExitCritical)
    vPortFree                                0x0800ad39   Thumb Code   150  heap_4.o(i.vPortFree)
    vPortSetupTimerInterrupt                 0x0800addd   Thumb Code    36  port.o(i.vPortSetupTimerInterrupt)
    vTaskDelay                               0x0800ae05   Thumb Code    82  tasks.o(i.vTaskDelay)
    vTaskInternalSetTimeOutState             0x0800ae61   Thumb Code    14  tasks.o(i.vTaskInternalSetTimeOutState)
    vTaskMissedYield                         0x0800ae79   Thumb Code     8  tasks.o(i.vTaskMissedYield)
    vTaskPlaceOnEventList                    0x0800ae85   Thumb Code    52  tasks.o(i.vTaskPlaceOnEventList)
    vTaskPriorityDisinheritAfterTimeout      0x0800aebd   Thumb Code   216  tasks.o(i.vTaskPriorityDisinheritAfterTimeout)
    vTaskStartScheduler                      0x0800afa1   Thumb Code   146  tasks.o(i.vTaskStartScheduler)
    vTaskSuspendAll                          0x0800b051   Thumb Code    12  tasks.o(i.vTaskSuspendAll)
    vTaskSwitchContext                       0x0800b061   Thumb Code   118  tasks.o(i.vTaskSwitchContext)
    vofa_demo3                               0x0800b0ed   Thumb Code    62  vofa.o(i.vofa_demo3)
    xPortStartScheduler                      0x0800b12d   Thumb Code   330  port.o(i.xPortStartScheduler)
    xPortSysTickHandler                      0x0800b295   Thumb Code    46  port.o(i.xPortSysTickHandler)
    xQueueGenericCreate                      0x0800b2c9   Thumb Code    90  queue.o(i.xQueueGenericCreate)
    xQueueGenericReset                       0x0800b325   Thumb Code   146  queue.o(i.xQueueGenericReset)
    xQueueGenericSend                        0x0800b3bd   Thumb Code   420  queue.o(i.xQueueGenericSend)
    xQueueSemaphoreTake                      0x0800b565   Thumb Code   434  queue.o(i.xQueueSemaphoreTake)
    xTaskCheckForTimeOut                     0x0800b71d   Thumb Code   132  tasks.o(i.xTaskCheckForTimeOut)
    xTaskCreate                              0x0800b7a9   Thumb Code   100  tasks.o(i.xTaskCreate)
    xTaskCreateStatic                        0x0800b80d   Thumb Code   186  tasks.o(i.xTaskCreateStatic)
    xTaskGetSchedulerState                   0x0800b8c9   Thumb Code    24  tasks.o(i.xTaskGetSchedulerState)
    xTaskIncrementTick                       0x0800b8e9   Thumb Code   282  tasks.o(i.xTaskIncrementTick)
    xTaskPriorityDisinherit                  0x0800ba31   Thumb Code   188  tasks.o(i.xTaskPriorityDisinherit)
    xTaskPriorityInherit                     0x0800baf9   Thumb Code   172  tasks.o(i.xTaskPriorityInherit)
    xTaskRemoveFromEventList                 0x0800bbb1   Thumb Code   128  tasks.o(i.xTaskRemoveFromEventList)
    xTaskResumeAll                           0x0800bc49   Thumb Code   224  tasks.o(i.xTaskResumeAll)
    __aeabi_dneg                             0x0800bd4d   Thumb Code     0  basic.o(x$fpl$basic)
    _dneg                                    0x0800bd4d   Thumb Code     6  basic.o(x$fpl$basic)
    __aeabi_fneg                             0x0800bd53   Thumb Code     0  basic.o(x$fpl$basic)
    _fneg                                    0x0800bd53   Thumb Code     6  basic.o(x$fpl$basic)
    _dabs                                    0x0800bd59   Thumb Code     6  basic.o(x$fpl$basic)
    _fabs                                    0x0800bd5f   Thumb Code     6  basic.o(x$fpl$basic)
    __aeabi_d2f                              0x0800bd65   Thumb Code     0  d2f.o(x$fpl$d2f)
    _d2f                                     0x0800bd65   Thumb Code    98  d2f.o(x$fpl$d2f)
    __aeabi_dadd                             0x0800bdc9   Thumb Code     0  daddsub_clz.o(x$fpl$dadd)
    _dadd                                    0x0800bdc9   Thumb Code   332  daddsub_clz.o(x$fpl$dadd)
    __fpl_dcmp_Inf                           0x0800bf19   Thumb Code    24  dcmpi.o(x$fpl$dcmpinf)
    __aeabi_ddiv                             0x0800bf31   Thumb Code     0  ddiv.o(x$fpl$ddiv)
    _ddiv                                    0x0800bf31   Thumb Code   552  ddiv.o(x$fpl$ddiv)
    __aeabi_cdcmple                          0x0800c1e1   Thumb Code     0  dleqf.o(x$fpl$dleqf)
    _dcmple                                  0x0800c1e1   Thumb Code   120  dleqf.o(x$fpl$dleqf)
    __fpl_dcmple_InfNaN                      0x0800c243   Thumb Code     0  dleqf.o(x$fpl$dleqf)
    __aeabi_dmul                             0x0800c259   Thumb Code     0  dmul.o(x$fpl$dmul)
    _dmul                                    0x0800c259   Thumb Code   332  dmul.o(x$fpl$dmul)
    __fpl_dnaninf                            0x0800c3ad   Thumb Code   156  dnaninf.o(x$fpl$dnaninf)
    __fpl_dretinf                            0x0800c449   Thumb Code    12  dretinf.o(x$fpl$dretinf)
    __aeabi_cdrcmple                         0x0800c455   Thumb Code     0  drleqf.o(x$fpl$drleqf)
    _drcmple                                 0x0800c455   Thumb Code   108  drleqf.o(x$fpl$drleqf)
    __aeabi_drsub                            0x0800c4c1   Thumb Code     0  daddsub_clz.o(x$fpl$drsb)
    _drsb                                    0x0800c4c1   Thumb Code    22  daddsub_clz.o(x$fpl$drsb)
    _dsqrt                                   0x0800c4d9   Thumb Code   404  dsqrt_umaal.o(x$fpl$dsqrt)
    __aeabi_dsub                             0x0800c671   Thumb Code     0  daddsub_clz.o(x$fpl$dsub)
    _dsub                                    0x0800c671   Thumb Code   464  daddsub_clz.o(x$fpl$dsub)
    __aeabi_f2d                              0x0800c845   Thumb Code     0  f2d.o(x$fpl$f2d)
    _f2d                                     0x0800c845   Thumb Code    86  f2d.o(x$fpl$f2d)
    __fpl_fnaninf                            0x0800c89b   Thumb Code   140  fnaninf.o(x$fpl$fnaninf)
    _fp_init                                 0x0800c927   Thumb Code    10  fpinit.o(x$fpl$fpinit)
    __fplib_config_fpu_vfp                   0x0800c92f   Thumb Code     0  fpinit.o(x$fpl$fpinit)
    __fplib_config_pureend_doubles           0x0800c92f   Thumb Code     0  fpinit.o(x$fpl$fpinit)
    __fpl_fretinf                            0x0800c931   Thumb Code    10  fretinf.o(x$fpl$fretinf)
    __I$use$fp                               0x0800c93a   Number         0  usenofp.o(x$fpl$usenofp)
    AHBPrescTable                            0x0800c9b4   Data          16  system_stm32f4xx.o(.constdata)
    APBPrescTable                            0x0800c9c4   Data           8  system_stm32f4xx.o(.constdata)
    __mathlib_zero                           0x0800cab8   Data           8  qnan.o(.constdata)
    Region$$Table$$Base                      0x0800caf0   Number         0  anon$$obj.o(Region$$Table)
    Region$$Table$$Limit                     0x0800cb10   Number         0  anon$$obj.o(Region$$Table)
    VPCHandle                                0x20000000   Data           4  freertos.o(.data)
    defaultTaskHandle                        0x20000004   Data           4  freertos.o(.data)
    can_send_motorHandle                     0x20000008   Data           4  freertos.o(.data)
    GimbalHandle                             0x2000000c   Data           4  freertos.o(.data)
    IMU_slovingHandle                        0x20000010   Data           4  freertos.o(.data)
    error_flag                               0x20000014   Data           1  errorhandel.o(.data)
    uwTick                                   0x20000018   Data           4  stm32f4xx_hal.o(.data)
    uwTickPrio                               0x2000001c   Data           4  stm32f4xx_hal.o(.data)
    uwTickFreq                               0x20000020   Data           1  stm32f4xx_hal.o(.data)
    SystemCoreClock                          0x20000024   Data           4  system_stm32f4xx.o(.data)
    cnt                                      0x20000028   Data           2  vofa.o(.data)
    pxCurrentTCB                             0x2000002c   Data           4  tasks.o(.data)
    Ax                                       0x20000094   Data           2  imu.o(.data)
    Ay                                       0x20000096   Data           2  imu.o(.data)
    Az                                       0x20000098   Data           2  imu.o(.data)
    Gx                                       0x2000009a   Data           2  imu.o(.data)
    Gy                                       0x2000009c   Data           2  imu.o(.data)
    Gz                                       0x2000009e   Data           2  imu.o(.data)
    temp                                     0x200000a0   Data           4  imu.o(.data)
    q                                        0x200000a4   Data          16  imu.o(.data)
    exInt                                    0x200000b4   Data           4  imu.o(.data)
    eyInt                                    0x200000b8   Data           4  imu.o(.data)
    ezInt                                    0x200000bc   Data           4  imu.o(.data)
    SENSER_OFFSET_FLAG                       0x200000c0   Data           1  imu.o(.data)
    PI                                       0x200000e4   Data           4  pid.o(.data)
    twoKp                                    0x200000e8   Data           4  mahonyahrs.o(.data)
    twoKi                                    0x200000ec   Data           4  mahonyahrs.o(.data)
    integralFBx                              0x200000f0   Data           4  mahonyahrs.o(.data)
    integralFBy                              0x200000f4   Data           4  mahonyahrs.o(.data)
    integralFBz                              0x200000f8   Data           4  mahonyahrs.o(.data)
    BMI088_ACCEL_SEN                         0x200000fc   Data           4  bmi088driver.o(.data)
    BMI088_GYRO_SEN                          0x20000100   Data           4  bmi088driver.o(.data)
    rx_data                                  0x20000138   Data           8  can_receive.o(.data)
    local_rc_ctrl                            0x20000140   Data           4  remote_control.o(.data)
    GIMBAL_OFFSET_FLAG                       0x20000148   Data           1  gimbal.o(.data)
    add_yaw                                  0x2000014c   Data           4  gimbal.o(.data)
    add_pitch                                0x20000150   Data           4  gimbal.o(.data)
    g_xSemTicks                              0x20000154   Data           4  gimbal.o(.data)
    FS_Desc                                  0x2000015c   Data          28  usbd_desc.o(.data)
    USBD_FS_DeviceDesc                       0x20000178   Data          18  usbd_desc.o(.data)
    USBD_LangIDDesc                          0x2000018c   Data           4  usbd_desc.o(.data)
    USBD_StringSerial                        0x20000190   Data          26  usbd_desc.o(.data)
    USBD_Interface_fops_FS                   0x200001ac   Data          20  usbd_cdc_if.o(.data)
    USBD_CDC                                 0x200001d0   Data          56  usbd_cdc.o(.data)
    hcan1                                    0x200004a4   Data          40  can.o(.bss)
    hspi1                                    0x200004cc   Data          88  spi.o(.bss)
    htim2                                    0x20000524   Data          72  tim.o(.bss)
    htim10                                   0x2000056c   Data          72  tim.o(.bss)
    huart3                                   0x200005b4   Data          72  usart.o(.bss)
    huart6                                   0x200005fc   Data          72  usart.o(.bss)
    hdma_usart3_rx                           0x20000644   Data          96  usart.o(.bss)
    hdma_usart6_tx                           0x200006a4   Data          96  usart.o(.bss)
    send_buf                                 0x20000704   Data         128  vofa.o(.bss)
    gyro                                     0x20004474   Data          12  imu.o(.bss)
    accel                                    0x20004480   Data          12  imu.o(.bss)
    imu_data                                 0x2000448c   Data          24  imu.o(.bss)
    imu_Angle                                0x200044a4   Data          12  imu.o(.bss)
    imu_offset                               0x200044b0   Data          12  imu.o(.bss)
    motor_ready                              0x200044bc   Data          24  motor.o(.bss)
    motor_data                               0x200044d4   Data          20  motor.o(.bss)
    gimbal_yaw_speed_pid                     0x200044e8   Data          52  pid.o(.bss)
    gimbal_yaw_angle_pid                     0x2000451c   Data          52  pid.o(.bss)
    gimbal_yaw_speed_pid_return              0x20004550   Data          52  pid.o(.bss)
    gimbal_yaw_angle_pid_return              0x20004584   Data          52  pid.o(.bss)
    motor_chassis                            0x200045b8   Data          49  can_receive.o(.bss)
    rx_header                                0x200045ec   Data          28  can_receive.o(.bss)
    rc_ctrl                                  0x20004638   Data          32  remote_control.o(.bss)
    gimbal_control                           0x200046a0   Data         325  gimbal.o(.bss)
    hUsbDeviceFS                             0x200047e8   Data         732  usb_device.o(.bss)
    USBD_StrDesc                             0x20004ac4   Data         512  usbd_desc.o(.bss)
    UserRxBufferFS                           0x20004cc4   Data        2048  usbd_cdc_if.o(.bss)
    UserTxBufferFS                           0x200054c4   Data        2048  usbd_cdc_if.o(.bss)
    hpcd_USB_OTG_FS                          0x20005cc4   Data        1252  usbd_conf.o(.bss)
    __libspace_start                         0x200063c8   Data          96  libspace.o(.bss)
    __temporary_stack_top$libspace           0x20006428   Data           0  libspace.o(.bss)



==============================================================================

Memory Map of the image

  Image Entry point : 0x08000189

  Load Region LR_IROM1 (Base: 0x08000000, Size: 0x0000cd60, Max: 0x00100000, ABSOLUTE, COMPRESSED[0x0000cc14])

    Execution Region ER_IROM1 (Exec base: 0x08000000, Load base: 0x08000000, Size: 0x0000cb10, Max: 0x00100000, ABSOLUTE)

    Exec Addr    Load Addr    Size         Type   Attr      Idx    E Section Name        Object

    0x08000000   0x08000000   0x00000188   Data   RO            3    RESET               startup_stm32f407xx.o
    0x08000188   0x08000188   0x00000008   Code   RO         7671  * !!!main             c_w.l(__main.o)
    0x08000190   0x08000190   0x00000034   Code   RO         8031    !!!scatter          c_w.l(__scatter.o)
    0x080001c4   0x080001c4   0x0000005a   Code   RO         8029    !!dczerorl2         c_w.l(__dczerorl2.o)
    0x0800021e   0x0800021e   0x00000002   PAD
    0x08000220   0x08000220   0x0000001c   Code   RO         8033    !!handler_zi        c_w.l(__scatter_zi.o)
    0x0800023c   0x0800023c   0x00000002   Code   RO         7968    .ARM.Collect$$libinit$$00000000  c_w.l(libinit.o)
    0x0800023e   0x0800023e   0x00000004   Code   RO         7785    .ARM.Collect$$libinit$$00000001  c_w.l(libinit2.o)
    0x08000242   0x08000242   0x00000000   Code   RO         7788    .ARM.Collect$$libinit$$00000004  c_w.l(libinit2.o)
    0x08000242   0x08000242   0x00000000   Code   RO         7791    .ARM.Collect$$libinit$$0000000A  c_w.l(libinit2.o)
    0x08000242   0x08000242   0x00000000   Code   RO         7793    .ARM.Collect$$libinit$$0000000C  c_w.l(libinit2.o)
    0x08000242   0x08000242   0x00000000   Code   RO         7795    .ARM.Collect$$libinit$$0000000E  c_w.l(libinit2.o)
    0x08000242   0x08000242   0x00000000   Code   RO         7798    .ARM.Collect$$libinit$$00000011  c_w.l(libinit2.o)
    0x08000242   0x08000242   0x00000000   Code   RO         7800    .ARM.Collect$$libinit$$00000013  c_w.l(libinit2.o)
    0x08000242   0x08000242   0x00000000   Code   RO         7802    .ARM.Collect$$libinit$$00000015  c_w.l(libinit2.o)
    0x08000242   0x08000242   0x00000000   Code   RO         7804    .ARM.Collect$$libinit$$00000017  c_w.l(libinit2.o)
    0x08000242   0x08000242   0x00000000   Code   RO         7806    .ARM.Collect$$libinit$$00000019  c_w.l(libinit2.o)
    0x08000242   0x08000242   0x00000000   Code   RO         7808    .ARM.Collect$$libinit$$0000001B  c_w.l(libinit2.o)
    0x08000242   0x08000242   0x00000000   Code   RO         7810    .ARM.Collect$$libinit$$0000001D  c_w.l(libinit2.o)
    0x08000242   0x08000242   0x00000000   Code   RO         7812    .ARM.Collect$$libinit$$0000001F  c_w.l(libinit2.o)
    0x08000242   0x08000242   0x00000000   Code   RO         7814    .ARM.Collect$$libinit$$00000021  c_w.l(libinit2.o)
    0x08000242   0x08000242   0x00000000   Code   RO         7816    .ARM.Collect$$libinit$$00000023  c_w.l(libinit2.o)
    0x08000242   0x08000242   0x00000000   Code   RO         7818    .ARM.Collect$$libinit$$00000025  c_w.l(libinit2.o)
    0x08000242   0x08000242   0x00000000   Code   RO         7822    .ARM.Collect$$libinit$$0000002C  c_w.l(libinit2.o)
    0x08000242   0x08000242   0x00000000   Code   RO         7824    .ARM.Collect$$libinit$$0000002E  c_w.l(libinit2.o)
    0x08000242   0x08000242   0x00000000   Code   RO         7826    .ARM.Collect$$libinit$$00000030  c_w.l(libinit2.o)
    0x08000242   0x08000242   0x00000000   Code   RO         7828    .ARM.Collect$$libinit$$00000032  c_w.l(libinit2.o)
    0x08000242   0x08000242   0x00000002   Code   RO         7829    .ARM.Collect$$libinit$$00000033  c_w.l(libinit2.o)
    0x08000244   0x08000244   0x00000002   Code   RO         8026    .ARM.Collect$$libshutdown$$00000000  c_w.l(libshutdown.o)
    0x08000246   0x08000246   0x00000000   Code   RO         7984    .ARM.Collect$$libshutdown$$00000002  c_w.l(libshutdown2.o)
    0x08000246   0x08000246   0x00000000   Code   RO         7986    .ARM.Collect$$libshutdown$$00000004  c_w.l(libshutdown2.o)
    0x08000246   0x08000246   0x00000000   Code   RO         7989    .ARM.Collect$$libshutdown$$00000007  c_w.l(libshutdown2.o)
    0x08000246   0x08000246   0x00000000   Code   RO         7992    .ARM.Collect$$libshutdown$$0000000A  c_w.l(libshutdown2.o)
    0x08000246   0x08000246   0x00000000   Code   RO         7994    .ARM.Collect$$libshutdown$$0000000C  c_w.l(libshutdown2.o)
    0x08000246   0x08000246   0x00000000   Code   RO         7997    .ARM.Collect$$libshutdown$$0000000F  c_w.l(libshutdown2.o)
    0x08000246   0x08000246   0x00000002   Code   RO         7998    .ARM.Collect$$libshutdown$$00000010  c_w.l(libshutdown2.o)
    0x08000248   0x08000248   0x00000000   Code   RO         7751    .ARM.Collect$$rtentry$$00000000  c_w.l(__rtentry.o)
    0x08000248   0x08000248   0x00000000   Code   RO         7900    .ARM.Collect$$rtentry$$00000002  c_w.l(__rtentry2.o)
    0x08000248   0x08000248   0x00000006   Code   RO         7912    .ARM.Collect$$rtentry$$00000004  c_w.l(__rtentry4.o)
    0x0800024e   0x0800024e   0x00000000   Code   RO         7902    .ARM.Collect$$rtentry$$00000009  c_w.l(__rtentry2.o)
    0x0800024e   0x0800024e   0x00000004   Code   RO         7903    .ARM.Collect$$rtentry$$0000000A  c_w.l(__rtentry2.o)
    0x08000252   0x08000252   0x00000000   Code   RO         7905    .ARM.Collect$$rtentry$$0000000C  c_w.l(__rtentry2.o)
    0x08000252   0x08000252   0x00000008   Code   RO         7906    .ARM.Collect$$rtentry$$0000000D  c_w.l(__rtentry2.o)
    0x0800025a   0x0800025a   0x00000002   Code   RO         7971    .ARM.Collect$$rtexit$$00000000  c_w.l(rtexit.o)
    0x0800025c   0x0800025c   0x00000000   Code   RO         8002    .ARM.Collect$$rtexit$$00000002  c_w.l(rtexit2.o)
    0x0800025c   0x0800025c   0x00000004   Code   RO         8003    .ARM.Collect$$rtexit$$00000003  c_w.l(rtexit2.o)
    0x08000260   0x08000260   0x00000006   Code   RO         8004    .ARM.Collect$$rtexit$$00000004  c_w.l(rtexit2.o)
    0x08000266   0x08000266   0x00000002   PAD
    0x08000268   0x08000268   0x000000be   Code   RO         5827    .emb_text           port.o
    0x08000326   0x08000326   0x00000002   PAD
    0x08000328   0x08000328   0x00000040   Code   RO            4    .text               startup_stm32f407xx.o
    0x08000368   0x08000368   0x000000ee   Code   RO         7657    .text               c_w.l(lludivv7m.o)
    0x08000456   0x08000456   0x0000008a   Code   RO         7659    .text               c_w.l(rt_memcpy_v6.o)
    0x080004e0   0x080004e0   0x00000064   Code   RO         7661    .text               c_w.l(rt_memcpy_w.o)
    0x08000544   0x08000544   0x0000004e   Code   RO         7667    .text               c_w.l(rt_memclr_w.o)
    0x08000592   0x08000592   0x00000006   Code   RO         7669    .text               c_w.l(heapauxi.o)
    0x08000598   0x08000598   0x00000016   Code   RO         7781    .text               c_w.l(_rserrno.o)
    0x080005ae   0x080005ae   0x00000002   PAD
    0x080005b0   0x080005b0   0x00000008   Code   RO         7896    .text               c_w.l(libspace.o)
    0x080005b8   0x080005b8   0x00000008   Code   RO         7919    .text               c_w.l(rt_errno_addr_intlibspace.o)
    0x080005c0   0x080005c0   0x00000002   Code   RO         7940    .text               c_w.l(use_no_semi.o)
    0x080005c2   0x080005c2   0x00000000   Code   RO         7942    .text               c_w.l(indicate_semi.o)
    0x080005c2   0x080005c2   0x0000004a   Code   RO         7943    .text               c_w.l(sys_stackheap_outer.o)
    0x0800060c   0x0800060c   0x00000012   Code   RO         7949    .text               c_w.l(exit.o)
    0x0800061e   0x0800061e   0x00000002   PAD
    0x08000620   0x08000620   0x0000000c   Code   RO         7969    .text               c_w.l(sys_exit.o)
    0x0800062c   0x0800062c   0x00000014   Code   RO         6355    i.BMI088_ACCEL_NS_H  bmi088middleware.o
    0x08000640   0x08000640   0x00000014   Code   RO         6356    i.BMI088_ACCEL_NS_L  bmi088middleware.o
    0x08000654   0x08000654   0x00000002   Code   RO         6357    i.BMI088_GPIO_init  bmi088middleware.o
    0x08000656   0x08000656   0x00000002   PAD
    0x08000658   0x08000658   0x00000014   Code   RO         6358    i.BMI088_GYRO_NS_H  bmi088middleware.o
    0x0800066c   0x0800066c   0x00000014   Code   RO         6359    i.BMI088_GYRO_NS_L  bmi088middleware.o
    0x08000680   0x08000680   0x00000002   Code   RO         6360    i.BMI088_com_init   bmi088middleware.o
    0x08000682   0x08000682   0x0000001a   Code   RO         6361    i.BMI088_delay_ms   bmi088middleware.o
    0x0800069c   0x0800069c   0x0000004a   Code   RO         6362    i.BMI088_delay_us   bmi088middleware.o
    0x080006e6   0x080006e6   0x0000001c   Code   RO         6248    i.BMI088_init       bmi088driver.o
    0x08000702   0x08000702   0x00000002   PAD
    0x08000704   0x08000704   0x0000017c   Code   RO         6249    i.BMI088_read       bmi088driver.o
    0x08000880   0x08000880   0x00000026   Code   RO         6250    i.BMI088_read_muli_reg  bmi088driver.o
    0x080008a6   0x080008a6   0x00000018   Code   RO         6251    i.BMI088_read_single_reg  bmi088driver.o
    0x080008be   0x080008be   0x00000002   PAD
    0x080008c0   0x080008c0   0x00000020   Code   RO         6363    i.BMI088_read_write_byte  bmi088middleware.o
    0x080008e0   0x080008e0   0x00000014   Code   RO         6252    i.BMI088_write_single_reg  bmi088driver.o
    0x080008f4   0x080008f4   0x00000004   Code   RO          616    i.BusFault_Handler  stm32f4xx_it.o
    0x080008f8   0x080008f8   0x00000010   Code   RO          617    i.CAN1_RX0_IRQHandler  stm32f4xx_it.o
    0x08000908   0x08000908   0x00000010   Code   RO          618    i.CAN1_RX1_IRQHandler  stm32f4xx_it.o
    0x08000918   0x08000918   0x00000010   Code   RO          619    i.CAN1_TX_IRQHandler  stm32f4xx_it.o
    0x08000928   0x08000928   0x00000044   Code   RO         6902    i.CDC_Control_FS    usbd_cdc_if.o
    0x0800096c   0x0800096c   0x00000004   Code   RO         6903    i.CDC_DeInit_FS     usbd_cdc_if.o
    0x08000970   0x08000970   0x00000024   Code   RO         6904    i.CDC_Init_FS       usbd_cdc_if.o
    0x08000994   0x08000994   0x0000001c   Code   RO         6905    i.CDC_Receive_FS    usbd_cdc_if.o
    0x080009b0   0x080009b0   0x0000000c   Code   RO         6906    i.CDC_TransmitCplt_FS  usbd_cdc_if.o
    0x080009bc   0x080009bc   0x0000003c   Code   RO         6487    i.Can_Send          can_receive.o
    0x080009f8   0x080009f8   0x00000010   Code   RO          620    i.DMA1_Stream1_IRQHandler  stm32f4xx_it.o
    0x08000a08   0x08000a08   0x00000010   Code   RO          621    i.DMA2_Stream6_IRQHandler  stm32f4xx_it.o
    0x08000a18   0x08000a18   0x00000034   Code   RO         1882    i.DMA_CalcBaseAndBitshift  stm32f4xx_hal_dma.o
    0x08000a4c   0x08000a4c   0x000000aa   Code   RO         1883    i.DMA_CheckFifoParam  stm32f4xx_hal_dma.o
    0x08000af6   0x08000af6   0x00000002   Code   RO          622    i.DebugMon_Handler  stm32f4xx_it.o
    0x08000af8   0x08000af8   0x00000006   Code   RO           13    i.Error_Handler     main.o
    0x08000afe   0x08000afe   0x00000002   PAD
    0x08000b00   0x08000b00   0x00000034   Code   RO         6812    i.Get_SerialNum     usbd_desc.o
    0x08000b34   0x08000b34   0x00000048   Code   RO         6598    i.Gimbal_task       gimbal.o
    0x08000b7c   0x08000b7c   0x0000002a   Code   RO         2579    i.HAL_CAN_ActivateNotification  stm32f4xx_hal_can.o
    0x08000ba6   0x08000ba6   0x00000002   PAD
    0x08000ba8   0x08000ba8   0x00000120   Code   RO         2581    i.HAL_CAN_ConfigFilter  stm32f4xx_hal_can.o
    0x08000cc8   0x08000cc8   0x00000002   Code   RO         2584    i.HAL_CAN_ErrorCallback  stm32f4xx_hal_can.o
    0x08000cca   0x08000cca   0x00000194   Code   RO         2587    i.HAL_CAN_GetRxMessage  stm32f4xx_hal_can.o
    0x08000e5e   0x08000e5e   0x0000024e   Code   RO         2591    i.HAL_CAN_IRQHandler  stm32f4xx_hal_can.o
    0x080010ac   0x080010ac   0x00000174   Code   RO         2592    i.HAL_CAN_Init      stm32f4xx_hal_can.o
    0x08001220   0x08001220   0x000000b8   Code   RO          407    i.HAL_CAN_MspInit   can.o
    0x080012d8   0x080012d8   0x00000002   Code   RO         2599    i.HAL_CAN_RxFifo0FullCallback  stm32f4xx_hal_can.o
    0x080012da   0x080012da   0x00000002   PAD
    0x080012dc   0x080012dc   0x00000078   Code   RO         6488    i.HAL_CAN_RxFifo0MsgPendingCallback  can_receive.o
    0x08001354   0x08001354   0x00000002   Code   RO         2601    i.HAL_CAN_RxFifo1FullCallback  stm32f4xx_hal_can.o
    0x08001356   0x08001356   0x00000002   Code   RO         2602    i.HAL_CAN_RxFifo1MsgPendingCallback  stm32f4xx_hal_can.o
    0x08001358   0x08001358   0x00000002   Code   RO         2603    i.HAL_CAN_SleepCallback  stm32f4xx_hal_can.o
    0x0800135a   0x0800135a   0x0000005e   Code   RO         2604    i.HAL_CAN_Start     stm32f4xx_hal_can.o
    0x080013b8   0x080013b8   0x00000002   Code   RO         2606    i.HAL_CAN_TxMailbox0AbortCallback  stm32f4xx_hal_can.o
    0x080013ba   0x080013ba   0x00000002   Code   RO         2607    i.HAL_CAN_TxMailbox0CompleteCallback  stm32f4xx_hal_can.o
    0x080013bc   0x080013bc   0x00000002   Code   RO         2608    i.HAL_CAN_TxMailbox1AbortCallback  stm32f4xx_hal_can.o
    0x080013be   0x080013be   0x00000002   Code   RO         2609    i.HAL_CAN_TxMailbox1CompleteCallback  stm32f4xx_hal_can.o
    0x080013c0   0x080013c0   0x00000002   Code   RO         2610    i.HAL_CAN_TxMailbox2AbortCallback  stm32f4xx_hal_can.o
    0x080013c2   0x080013c2   0x00000002   Code   RO         2611    i.HAL_CAN_TxMailbox2CompleteCallback  stm32f4xx_hal_can.o
    0x080013c4   0x080013c4   0x00000002   Code   RO         2613    i.HAL_CAN_WakeUpFromRxMsgCallback  stm32f4xx_hal_can.o
    0x080013c6   0x080013c6   0x000000ac   Code   RO         1885    i.HAL_DMA_Abort     stm32f4xx_hal_dma.o
    0x08001472   0x08001472   0x00000028   Code   RO         1886    i.HAL_DMA_Abort_IT  stm32f4xx_hal_dma.o
    0x0800149a   0x0800149a   0x00000002   PAD
    0x0800149c   0x0800149c   0x00000240   Code   RO         1890    i.HAL_DMA_IRQHandler  stm32f4xx_hal_dma.o
    0x080016dc   0x080016dc   0x000000ec   Code   RO         1891    i.HAL_DMA_Init      stm32f4xx_hal_dma.o
    0x080017c8   0x080017c8   0x00000028   Code   RO         2327    i.HAL_Delay         stm32f4xx_hal.o
    0x080017f0   0x080017f0   0x000001f4   Code   RO         1778    i.HAL_GPIO_Init     stm32f4xx_hal_gpio.o
    0x080019e4   0x080019e4   0x0000000c   Code   RO         1782    i.HAL_GPIO_WritePin  stm32f4xx_hal_gpio.o
    0x080019f0   0x080019f0   0x0000000c   Code   RO         2333    i.HAL_GetTick       stm32f4xx_hal.o
    0x080019fc   0x080019fc   0x00000018   Code   RO         2339    i.HAL_IncTick       stm32f4xx_hal.o
    0x08001a14   0x08001a14   0x0000003c   Code   RO         2340    i.HAL_Init          stm32f4xx_hal.o
    0x08001a50   0x08001a50   0x0000004c   Code   RO         2341    i.HAL_InitTick      stm32f4xx_hal.o
    0x08001a9c   0x08001a9c   0x00000054   Code   RO          728    i.HAL_MspInit       stm32f4xx_hal_msp.o
    0x08001af0   0x08001af0   0x00000028   Code   RO         2170    i.HAL_NVIC_EnableIRQ  stm32f4xx_hal_cortex.o
    0x08001b18   0x08001b18   0x0000007c   Code   RO         2176    i.HAL_NVIC_SetPriority  stm32f4xx_hal_cortex.o
    0x08001b94   0x08001b94   0x00000028   Code   RO         2177    i.HAL_NVIC_SetPriorityGrouping  stm32f4xx_hal_cortex.o
    0x08001bbc   0x08001bbc   0x00000002   Code   RO         1026    i.HAL_PCDEx_LPM_Callback  stm32f4xx_hal_pcd_ex.o
    0x08001bbe   0x08001bbe   0x0000000a   Code   RO         1027    i.HAL_PCDEx_SetRxFiFo  stm32f4xx_hal_pcd_ex.o
    0x08001bc8   0x08001bc8   0x0000004e   Code   RO         1028    i.HAL_PCDEx_SetTxFiFo  stm32f4xx_hal_pcd_ex.o
    0x08001c16   0x08001c16   0x0000000e   Code   RO         6959    i.HAL_PCD_ConnectCallback  usbd_conf.o
    0x08001c24   0x08001c24   0x00000020   Code   RO         6960    i.HAL_PCD_DataInStageCallback  usbd_conf.o
    0x08001c44   0x08001c44   0x00000020   Code   RO         6961    i.HAL_PCD_DataOutStageCallback  usbd_conf.o
    0x08001c64   0x08001c64   0x0000000e   Code   RO         6962    i.HAL_PCD_DisconnectCallback  usbd_conf.o
    0x08001c72   0x08001c72   0x00000042   Code   RO          791    i.HAL_PCD_EP_Abort  stm32f4xx_hal_pcd.o
    0x08001cb4   0x08001cb4   0x0000006a   Code   RO          792    i.HAL_PCD_EP_Close  stm32f4xx_hal_pcd.o
    0x08001d1e   0x08001d1e   0x0000007c   Code   RO          793    i.HAL_PCD_EP_ClrStall  stm32f4xx_hal_pcd.o
    0x08001d9a   0x08001d9a   0x00000016   Code   RO          795    i.HAL_PCD_EP_GetRxCount  stm32f4xx_hal_pcd.o
    0x08001db0   0x08001db0   0x0000008e   Code   RO          796    i.HAL_PCD_EP_Open   stm32f4xx_hal_pcd.o
    0x08001e3e   0x08001e3e   0x00000046   Code   RO          797    i.HAL_PCD_EP_Receive  stm32f4xx_hal_pcd.o
    0x08001e84   0x08001e84   0x0000008a   Code   RO          798    i.HAL_PCD_EP_SetStall  stm32f4xx_hal_pcd.o
    0x08001f0e   0x08001f0e   0x00000048   Code   RO          799    i.HAL_PCD_EP_Transmit  stm32f4xx_hal_pcd.o
    0x08001f56   0x08001f56   0x000006ca   Code   RO          801    i.HAL_PCD_IRQHandler  stm32f4xx_hal_pcd.o
    0x08002620   0x08002620   0x00000012   Code   RO         6963    i.HAL_PCD_ISOINIncompleteCallback  usbd_conf.o
    0x08002632   0x08002632   0x00000012   Code   RO         6964    i.HAL_PCD_ISOOUTIncompleteCallback  usbd_conf.o
    0x08002644   0x08002644   0x0000015e   Code   RO          804    i.HAL_PCD_Init      stm32f4xx_hal_pcd.o
    0x080027a2   0x080027a2   0x00000002   PAD
    0x080027a4   0x080027a4   0x000000a8   Code   RO         6966    i.HAL_PCD_MspInit   usbd_conf.o
    0x0800284c   0x0800284c   0x00000030   Code   RO         6967    i.HAL_PCD_ResetCallback  usbd_conf.o
    0x0800287c   0x0800287c   0x0000000e   Code   RO         6968    i.HAL_PCD_ResumeCallback  usbd_conf.o
    0x0800288a   0x0800288a   0x0000000e   Code   RO         6969    i.HAL_PCD_SOFCallback  usbd_conf.o
    0x08002898   0x08002898   0x00000034   Code   RO          810    i.HAL_PCD_SetAddress  stm32f4xx_hal_pcd.o
    0x080028cc   0x080028cc   0x00000012   Code   RO         6970    i.HAL_PCD_SetupStageCallback  usbd_conf.o
    0x080028de   0x080028de   0x0000004c   Code   RO          813    i.HAL_PCD_Start     stm32f4xx_hal_pcd.o
    0x0800292a   0x0800292a   0x00000002   PAD
    0x0800292c   0x0800292c   0x00000034   Code   RO         6971    i.HAL_PCD_SuspendCallback  usbd_conf.o
    0x08002960   0x08002960   0x00000184   Code   RO         1379    i.HAL_RCC_ClockConfig  stm32f4xx_hal_rcc.o
    0x08002ae4   0x08002ae4   0x0000000c   Code   RO         1384    i.HAL_RCC_GetHCLKFreq  stm32f4xx_hal_rcc.o
    0x08002af0   0x08002af0   0x00000020   Code   RO         1386    i.HAL_RCC_GetPCLK1Freq  stm32f4xx_hal_rcc.o
    0x08002b10   0x08002b10   0x00000020   Code   RO         1387    i.HAL_RCC_GetPCLK2Freq  stm32f4xx_hal_rcc.o
    0x08002b30   0x08002b30   0x000000b0   Code   RO         1388    i.HAL_RCC_GetSysClockFreq  stm32f4xx_hal_rcc.o
    0x08002be0   0x08002be0   0x0000049c   Code   RO         1391    i.HAL_RCC_OscConfig  stm32f4xx_hal_rcc.o
    0x0800307c   0x0800307c   0x000000c8   Code   RO         2823    i.HAL_SPI_Init      stm32f4xx_hal_spi.o
    0x08003144   0x08003144   0x000000c4   Code   RO          473    i.HAL_SPI_MspInit   spi.o
    0x08003208   0x08003208   0x00000248   Code   RO         2832    i.HAL_SPI_TransmitReceive  stm32f4xx_hal_spi.o
    0x08003450   0x08003450   0x00000034   Code   RO         2181    i.HAL_SYSTICK_Config  stm32f4xx_hal_cortex.o
    0x08003484   0x08003484   0x00000002   Code   RO         3851    i.HAL_TIMEx_BreakCallback  stm32f4xx_hal_tim_ex.o
    0x08003486   0x08003486   0x00000002   Code   RO         3852    i.HAL_TIMEx_CommutCallback  stm32f4xx_hal_tim_ex.o
    0x08003488   0x08003488   0x000000b4   Code   RO         3870    i.HAL_TIMEx_MasterConfigSynchronization  stm32f4xx_hal_tim_ex.o
    0x0800353c   0x0800353c   0x00000066   Code   RO         3136    i.HAL_TIM_Base_Init  stm32f4xx_hal_tim.o
    0x080035a2   0x080035a2   0x00000002   PAD
    0x080035a4   0x080035a4   0x00000074   Code   RO          515    i.HAL_TIM_Base_MspInit  tim.o
    0x08003618   0x08003618   0x000000a8   Code   RO         3141    i.HAL_TIM_Base_Start_IT  stm32f4xx_hal_tim.o
    0x080036c0   0x080036c0   0x0000010c   Code   RO         3145    i.HAL_TIM_ConfigClockSource  stm32f4xx_hal_tim.o
    0x080037cc   0x080037cc   0x00000002   Code   RO         3170    i.HAL_TIM_IC_CaptureCallback  stm32f4xx_hal_tim.o
    0x080037ce   0x080037ce   0x0000016c   Code   RO         3184    i.HAL_TIM_IRQHandler  stm32f4xx_hal_tim.o
    0x0800393a   0x0800393a   0x00000002   PAD
    0x0800393c   0x0800393c   0x00000060   Code   RO          516    i.HAL_TIM_MspPostInit  tim.o
    0x0800399c   0x0800399c   0x00000002   Code   RO         3187    i.HAL_TIM_OC_DelayElapsedCallback  stm32f4xx_hal_tim.o
    0x0800399e   0x0800399e   0x00000104   Code   RO         3208    i.HAL_TIM_PWM_ConfigChannel  stm32f4xx_hal_tim.o
    0x08003aa2   0x08003aa2   0x00000066   Code   RO         3211    i.HAL_TIM_PWM_Init  stm32f4xx_hal_tim.o
    0x08003b08   0x08003b08   0x00000002   Code   RO         3213    i.HAL_TIM_PWM_MspInit  stm32f4xx_hal_tim.o
    0x08003b0a   0x08003b0a   0x00000002   Code   RO         3214    i.HAL_TIM_PWM_PulseFinishedCallback  stm32f4xx_hal_tim.o
    0x08003b0c   0x08003b0c   0x00000002   Code   RO           14    i.HAL_TIM_PeriodElapsedCallback  main.o
    0x08003b0e   0x08003b0e   0x00000002   Code   RO         3227    i.HAL_TIM_TriggerCallback  stm32f4xx_hal_tim.o
    0x08003b10   0x08003b10   0x00000002   Code   RO         4130    i.HAL_UARTEx_RxEventCallback  stm32f4xx_hal_uart.o
    0x08003b12   0x08003b12   0x00000002   Code   RO         4144    i.HAL_UART_ErrorCallback  stm32f4xx_hal_uart.o
    0x08003b14   0x08003b14   0x00000308   Code   RO         4147    i.HAL_UART_IRQHandler  stm32f4xx_hal_uart.o
    0x08003e1c   0x08003e1c   0x00000076   Code   RO         4148    i.HAL_UART_Init     stm32f4xx_hal_uart.o
    0x08003e92   0x08003e92   0x00000002   PAD
    0x08003e94   0x08003e94   0x000001ac   Code   RO          569    i.HAL_UART_MspInit  usart.o
    0x08004040   0x08004040   0x00000002   Code   RO         4154    i.HAL_UART_RxCpltCallback  stm32f4xx_hal_uart.o
    0x08004042   0x08004042   0x000000be   Code   RO         4156    i.HAL_UART_Transmit  stm32f4xx_hal_uart.o
    0x08004100   0x08004100   0x00000002   Code   RO         4159    i.HAL_UART_TxCpltCallback  stm32f4xx_hal_uart.o
    0x08004102   0x08004102   0x00000004   Code   RO          623    i.HardFault_Handler  stm32f4xx_it.o
    0x08004106   0x08004106   0x00000002   PAD
    0x08004108   0x08004108   0x00000094   Code   RO         5908    i.IMU_Calibration   imu.o
    0x0800419c   0x0800419c   0x000000f4   Code   RO         5909    i.IMU_GetValues     imu.o
    0x08004290   0x08004290   0x000000e4   Code   RO         5910    i.IMU_Offset        imu.o
    0x08004374   0x08004374   0x000001f0   Code   RO         5911    i.INS               imu.o
    0x08004564   0x08004564   0x0000003e   Code   RO         6813    i.IntToUnicode      usbd_desc.o
    0x080045a2   0x080045a2   0x00000002   PAD
    0x080045a4   0x080045a4   0x00000048   Code   RO          408    i.MX_CAN1_Init      can.o
    0x080045ec   0x080045ec   0x00000068   Code   RO          448    i.MX_DMA_Init       dma.o
    0x08004654   0x08004654   0x0000007c   Code   RO          340    i.MX_FREERTOS_Init  freertos.o
    0x080046d0   0x080046d0   0x00000148   Code   RO          316    i.MX_GPIO_Init      gpio.o
    0x08004818   0x08004818   0x00000048   Code   RO          474    i.MX_SPI1_Init      spi.o
    0x08004860   0x08004860   0x0000006c   Code   RO          517    i.MX_TIM10_Init     tim.o
    0x080048cc   0x080048cc   0x0000006c   Code   RO          518    i.MX_TIM2_Init      tim.o
    0x08004938   0x08004938   0x0000003c   Code   RO          570    i.MX_USART3_UART_Init  usart.o
    0x08004974   0x08004974   0x00000038   Code   RO          571    i.MX_USART6_UART_Init  usart.o
    0x080049ac   0x080049ac   0x0000004c   Code   RO         6781    i.MX_USB_DEVICE_Init  usb_device.o
    0x080049f8   0x080049f8   0x00000354   Code   RO         6202    i.MahonyAHRSupdateIMU  mahonyahrs.o
    0x08004d4c   0x08004d4c   0x00000004   Code   RO          624    i.MemManage_Handler  stm32f4xx_it.o
    0x08004d50   0x08004d50   0x00000020   Code   RO         5973    i.MotorSetTar       motor.o
    0x08004d70   0x08004d70   0x000001c4   Code   RO         5974    i.Motor_Calc        motor.o
    0x08004f34   0x08004f34   0x000001c8   Code   RO         5975    i.Motor_return      motor.o
    0x080050fc   0x080050fc   0x00000004   Code   RO          625    i.NMI_Handler       stm32f4xx_it.o
    0x08005100   0x08005100   0x00000010   Code   RO          626    i.OTG_FS_IRQHandler  stm32f4xx_it.o
    0x08005110   0x08005110   0x00000064   Code   RO          817    i.PCD_EP_OutSetupPacket_int  stm32f4xx_hal_pcd.o
    0x08005174   0x08005174   0x00000144   Code   RO          818    i.PCD_EP_OutXfrComplete_int  stm32f4xx_hal_pcd.o
    0x080052b8   0x080052b8   0x000000b6   Code   RO          819    i.PCD_WriteEmptyTxFifo  stm32f4xx_hal_pcd.o
    0x0800536e   0x0800536e   0x00000002   PAD
    0x08005370   0x08005370   0x0000009c   Code   RO         6456    i.RC_init           bsp_rc.o
    0x0800540c   0x0800540c   0x00000088   Code   RO         2861    i.SPI_EndRxTxTransaction  stm32f4xx_hal_spi.o
    0x08005494   0x08005494   0x000000d8   Code   RO         2866    i.SPI_WaitFlagStateUntilTimeout  stm32f4xx_hal_spi.o
    0x0800556c   0x0800556c   0x00000012   Code   RO         7328    i.SWAPBYTE          usbd_ctlreq.o
    0x0800557e   0x0800557e   0x0000000e   Code   RO          341    i.StartDefaultTask  freertos.o
    0x0800558c   0x0800558c   0x00000014   Code   RO          627    i.SysTick_Handler   stm32f4xx_it.o
    0x080055a0   0x080055a0   0x000000b4   Code   RO           15    i.SystemClock_Config  main.o
    0x08005654   0x08005654   0x00000014   Code   RO         4492    i.SystemInit        system_stm32f4xx.o
    0x08005668   0x08005668   0x00000010   Code   RO          628    i.TIM2_IRQHandler   stm32f4xx_it.o
    0x08005678   0x08005678   0x000000e0   Code   RO         3229    i.TIM_Base_SetConfig  stm32f4xx_hal_tim.o
    0x08005758   0x08005758   0x00000016   Code   RO         3240    i.TIM_ETR_SetConfig  stm32f4xx_hal_tim.o
    0x0800576e   0x0800576e   0x00000012   Code   RO         3241    i.TIM_ITRx_SetConfig  stm32f4xx_hal_tim.o
    0x08005780   0x08005780   0x00000070   Code   RO         3242    i.TIM_OC1_SetConfig  stm32f4xx_hal_tim.o
    0x080057f0   0x080057f0   0x0000007c   Code   RO         3243    i.TIM_OC2_SetConfig  stm32f4xx_hal_tim.o
    0x0800586c   0x0800586c   0x00000078   Code   RO         3244    i.TIM_OC3_SetConfig  stm32f4xx_hal_tim.o
    0x080058e4   0x080058e4   0x00000054   Code   RO         3245    i.TIM_OC4_SetConfig  stm32f4xx_hal_tim.o
    0x08005938   0x08005938   0x00000026   Code   RO         3247    i.TIM_TI1_ConfigInputStage  stm32f4xx_hal_tim.o
    0x0800595e   0x0800595e   0x00000028   Code   RO         3249    i.TIM_TI2_ConfigInputStage  stm32f4xx_hal_tim.o
    0x08005986   0x08005986   0x00000012   Code   RO         4161    i.UART_DMAAbortOnError  stm32f4xx_hal_uart.o
    0x08005998   0x08005998   0x0000006c   Code   RO         4171    i.UART_EndRxTransfer  stm32f4xx_hal_uart.o
    0x08005a04   0x08005a04   0x00000020   Code   RO         4172    i.UART_EndTransmit_IT  stm32f4xx_hal_uart.o
    0x08005a24   0x08005a24   0x000000fc   Code   RO         4174    i.UART_Receive_IT   stm32f4xx_hal_uart.o
    0x08005b20   0x08005b20   0x0000022c   Code   RO         4175    i.UART_SetConfig    stm32f4xx_hal_uart.o
    0x08005d4c   0x08005d4c   0x00000060   Code   RO         4178    i.UART_Transmit_IT  stm32f4xx_hal_uart.o
    0x08005dac   0x08005dac   0x0000008c   Code   RO         4179    i.UART_WaitOnFlagUntilTimeout  stm32f4xx_hal_uart.o
    0x08005e38   0x08005e38   0x00000114   Code   RO         6549    i.USART3_IRQHandler  remote_control.o
    0x08005f4c   0x08005f4c   0x00000010   Code   RO          629    i.USART6_IRQHandler  stm32f4xx_it.o
    0x08005f5c   0x08005f5c   0x000000be   Code   RO         7491    i.USBD_CDC_DataIn   usbd_cdc.o
    0x0800601a   0x0800601a   0x00000048   Code   RO         7492    i.USBD_CDC_DataOut  usbd_cdc.o
    0x08006062   0x08006062   0x00000002   PAD
    0x08006064   0x08006064   0x000000d4   Code   RO         7493    i.USBD_CDC_DeInit   usbd_cdc.o
    0x08006138   0x08006138   0x00000050   Code   RO         7494    i.USBD_CDC_EP0_RxReady  usbd_cdc.o
    0x08006188   0x08006188   0x00000010   Code   RO         7495    i.USBD_CDC_GetDeviceQualifierDescriptor  usbd_cdc.o
    0x08006198   0x08006198   0x00000044   Code   RO         7496    i.USBD_CDC_GetFSCfgDesc  usbd_cdc.o
    0x080061dc   0x080061dc   0x00000048   Code   RO         7497    i.USBD_CDC_GetHSCfgDesc  usbd_cdc.o
    0x08006224   0x08006224   0x00000044   Code   RO         7498    i.USBD_CDC_GetOtherSpeedCfgDesc  usbd_cdc.o
    0x08006268   0x08006268   0x000001a0   Code   RO         7499    i.USBD_CDC_Init     usbd_cdc.o
    0x08006408   0x08006408   0x00000050   Code   RO         7500    i.USBD_CDC_ReceivePacket  usbd_cdc.o
    0x08006458   0x08006458   0x00000018   Code   RO         7501    i.USBD_CDC_RegisterInterface  usbd_cdc.o
    0x08006470   0x08006470   0x0000001e   Code   RO         7502    i.USBD_CDC_SetRxBuffer  usbd_cdc.o
    0x0800648e   0x0800648e   0x00000024   Code   RO         7503    i.USBD_CDC_SetTxBuffer  usbd_cdc.o
    0x080064b2   0x080064b2   0x00000140   Code   RO         7504    i.USBD_CDC_Setup    usbd_cdc.o
    0x080065f2   0x080065f2   0x0000001c   Code   RO         7166    i.USBD_ClrClassConfig  usbd_core.o
    0x0800660e   0x0800660e   0x0000003e   Code   RO         7329    i.USBD_ClrFeature   usbd_ctlreq.o
    0x0800664c   0x0800664c   0x00000006   Code   RO         7167    i.USBD_CoreFindEP   usbd_core.o
    0x08006652   0x08006652   0x00000006   Code   RO         7168    i.USBD_CoreFindIF   usbd_core.o
    0x08006658   0x08006658   0x00000018   Code   RO         7431    i.USBD_CtlContinueRx  usbd_ioreq.o
    0x08006670   0x08006670   0x00000018   Code   RO         7432    i.USBD_CtlContinueSendData  usbd_ioreq.o
    0x08006688   0x08006688   0x00000018   Code   RO         7330    i.USBD_CtlError     usbd_ctlreq.o
    0x080066a0   0x080066a0   0x0000002e   Code   RO         7433    i.USBD_CtlPrepareRx  usbd_ioreq.o
    0x080066ce   0x080066ce   0x0000001a   Code   RO         7434    i.USBD_CtlReceiveStatus  usbd_ioreq.o
    0x080066e8   0x080066e8   0x00000024   Code   RO         7435    i.USBD_CtlSendData  usbd_ioreq.o
    0x0800670c   0x0800670c   0x0000001a   Code   RO         7436    i.USBD_CtlSendStatus  usbd_ioreq.o
    0x08006726   0x08006726   0x00000002   PAD
    0x08006728   0x08006728   0x00000034   Code   RO         6814    i.USBD_FS_ConfigStrDescriptor  usbd_desc.o
    0x0800675c   0x0800675c   0x00000010   Code   RO         6815    i.USBD_FS_DeviceDescriptor  usbd_desc.o
    0x0800676c   0x0800676c   0x00000038   Code   RO         6816    i.USBD_FS_InterfaceStrDescriptor  usbd_desc.o
    0x080067a4   0x080067a4   0x00000010   Code   RO         6817    i.USBD_FS_LangIDStrDescriptor  usbd_desc.o
    0x080067b4   0x080067b4   0x0000002c   Code   RO         6818    i.USBD_FS_ManufacturerStrDescriptor  usbd_desc.o
    0x080067e0   0x080067e0   0x00000040   Code   RO         6819    i.USBD_FS_ProductStrDescriptor  usbd_desc.o
    0x08006820   0x08006820   0x00000018   Code   RO         6820    i.USBD_FS_SerialStrDescriptor  usbd_desc.o
    0x08006838   0x08006838   0x00000056   Code   RO         7331    i.USBD_GetConfig    usbd_ctlreq.o
    0x0800688e   0x0800688e   0x000001fc   Code   RO         7332    i.USBD_GetDescriptor  usbd_ctlreq.o
    0x08006a8a   0x08006a8a   0x00000050   Code   RO         7170    i.USBD_GetEpDesc    usbd_core.o
    0x08006ada   0x08006ada   0x00000016   Code   RO         7333    i.USBD_GetLen       usbd_ctlreq.o
    0x08006af0   0x08006af0   0x00000014   Code   RO         7171    i.USBD_GetNextDesc  usbd_core.o
    0x08006b04   0x08006b04   0x0000005a   Code   RO         7334    i.USBD_GetStatus    usbd_ctlreq.o
    0x08006b5e   0x08006b5e   0x00000068   Code   RO         7335    i.USBD_GetString    usbd_ctlreq.o
    0x08006bc6   0x08006bc6   0x0000002c   Code   RO         6972    i.USBD_Get_USB_Status  usbd_conf.o
    0x08006bf2   0x08006bf2   0x0000003a   Code   RO         7172    i.USBD_Init         usbd_core.o
    0x08006c2c   0x08006c2c   0x00000026   Code   RO         6973    i.USBD_LL_ClearStallEP  usbd_conf.o
    0x08006c52   0x08006c52   0x00000026   Code   RO         6974    i.USBD_LL_CloseEP   usbd_conf.o
    0x08006c78   0x08006c78   0x00000110   Code   RO         7173    i.USBD_LL_DataInStage  usbd_core.o
    0x08006d88   0x08006d88   0x0000010a   Code   RO         7174    i.USBD_LL_DataOutStage  usbd_core.o
    0x08006e92   0x08006e92   0x00000006   Code   RO         7175    i.USBD_LL_DevConnected  usbd_core.o
    0x08006e98   0x08006e98   0x00000026   Code   RO         7176    i.USBD_LL_DevDisconnected  usbd_core.o
    0x08006ebe   0x08006ebe   0x00000012   Code   RO         6978    i.USBD_LL_GetRxDataSize  usbd_conf.o
    0x08006ed0   0x08006ed0   0x00000068   Code   RO         6979    i.USBD_LL_Init      usbd_conf.o
    0x08006f38   0x08006f38   0x00000038   Code   RO         6980    i.USBD_LL_IsStallEP  usbd_conf.o
    0x08006f70   0x08006f70   0x00000048   Code   RO         7177    i.USBD_LL_IsoINIncomplete  usbd_core.o
    0x08006fb8   0x08006fb8   0x00000048   Code   RO         7178    i.USBD_LL_IsoOUTIncomplete  usbd_core.o
    0x08007000   0x08007000   0x00000030   Code   RO         6981    i.USBD_LL_OpenEP    usbd_conf.o
    0x08007030   0x08007030   0x00000030   Code   RO         6982    i.USBD_LL_PrepareReceive  usbd_conf.o
    0x08007060   0x08007060   0x0000006e   Code   RO         7179    i.USBD_LL_Reset     usbd_core.o
    0x080070ce   0x080070ce   0x00000016   Code   RO         7180    i.USBD_LL_Resume    usbd_core.o
    0x080070e4   0x080070e4   0x00000028   Code   RO         7181    i.USBD_LL_SOF       usbd_core.o
    0x0800710c   0x0800710c   0x00000008   Code   RO         7182    i.USBD_LL_SetSpeed  usbd_core.o
    0x08007114   0x08007114   0x00000026   Code   RO         6983    i.USBD_LL_SetUSBAddress  usbd_conf.o
    0x0800713a   0x0800713a   0x00000076   Code   RO         7183    i.USBD_LL_SetupStage  usbd_core.o
    0x080071b0   0x080071b0   0x00000026   Code   RO         6984    i.USBD_LL_StallEP   usbd_conf.o
    0x080071d6   0x080071d6   0x0000001e   Code   RO         6985    i.USBD_LL_Start     usbd_conf.o
    0x080071f4   0x080071f4   0x0000001c   Code   RO         7184    i.USBD_LL_Suspend   usbd_core.o
    0x08007210   0x08007210   0x00000030   Code   RO         6987    i.USBD_LL_Transmit  usbd_conf.o
    0x08007240   0x08007240   0x00000036   Code   RO         7336    i.USBD_ParseSetupRequest  usbd_ctlreq.o
    0x08007276   0x08007276   0x00000048   Code   RO         7185    i.USBD_RegisterClass  usbd_core.o
    0x080072be   0x080072be   0x00000006   Code   RO         7186    i.USBD_RunTestMode  usbd_core.o
    0x080072c4   0x080072c4   0x0000005a   Code   RO         7337    i.USBD_SetAddress   usbd_ctlreq.o
    0x0800731e   0x0800731e   0x00000020   Code   RO         7187    i.USBD_SetClassConfig  usbd_core.o
    0x0800733e   0x0800733e   0x00000002   PAD
    0x08007340   0x08007340   0x00000104   Code   RO         7338    i.USBD_SetConfig    usbd_ctlreq.o
    0x08007444   0x08007444   0x00000038   Code   RO         7339    i.USBD_SetFeature   usbd_ctlreq.o
    0x0800747c   0x0800747c   0x0000000c   Code   RO         7188    i.USBD_Start        usbd_core.o
    0x08007488   0x08007488   0x000000ae   Code   RO         7340    i.USBD_StdDevReq    usbd_ctlreq.o
    0x08007536   0x08007536   0x00000284   Code   RO         7341    i.USBD_StdEPReq     usbd_ctlreq.o
    0x080077ba   0x080077ba   0x000000ae   Code   RO         7342    i.USBD_StdItfReq    usbd_ctlreq.o
    0x08007868   0x08007868   0x00000002   Code   RO         6988    i.USBD_static_free  usbd_conf.o
    0x0800786a   0x0800786a   0x00000002   PAD
    0x0800786c   0x0800786c   0x0000000c   Code   RO         6989    i.USBD_static_malloc  usbd_conf.o
    0x08007878   0x08007878   0x000000d0   Code   RO         1068    i.USB_ActivateEndpoint  stm32f4xx_ll_usb.o
    0x08007948   0x08007948   0x00000028   Code   RO         1070    i.USB_ActivateSetup  stm32f4xx_ll_usb.o
    0x08007970   0x08007970   0x0000008c   Code   RO         1072    i.USB_CoreInit      stm32f4xx_ll_usb.o
    0x080079fc   0x080079fc   0x00000062   Code   RO         1073    i.USB_CoreReset     stm32f4xx_ll_usb.o
    0x08007a5e   0x08007a5e   0x00000002   PAD
    0x08007a60   0x08007a60   0x0000014c   Code   RO         1076    i.USB_DeactivateEndpoint  stm32f4xx_ll_usb.o
    0x08007bac   0x08007bac   0x00000024   Code   RO         1077    i.USB_DevConnect    stm32f4xx_ll_usb.o
    0x08007bd0   0x08007bd0   0x00000024   Code   RO         1078    i.USB_DevDisconnect  stm32f4xx_ll_usb.o
    0x08007bf4   0x08007bf4   0x000001e8   Code   RO         1079    i.USB_DevInit       stm32f4xx_ll_usb.o
    0x08007ddc   0x08007ddc   0x0000000e   Code   RO         1080    i.USB_DisableGlobalInt  stm32f4xx_ll_usb.o
    0x08007dea   0x08007dea   0x00000002   PAD
    0x08007dec   0x08007dec   0x00000070   Code   RO         1083    i.USB_EP0_OutStart  stm32f4xx_ll_usb.o
    0x08007e5c   0x08007e5c   0x0000008e   Code   RO         1084    i.USB_EPClearStall  stm32f4xx_ll_usb.o
    0x08007eea   0x08007eea   0x0000009a   Code   RO         1085    i.USB_EPSetStall    stm32f4xx_ll_usb.o
    0x08007f84   0x08007f84   0x000003c0   Code   RO         1086    i.USB_EPStartXfer   stm32f4xx_ll_usb.o
    0x08008344   0x08008344   0x000000ec   Code   RO         1087    i.USB_EPStopXfer    stm32f4xx_ll_usb.o
    0x08008430   0x08008430   0x0000000e   Code   RO         1088    i.USB_EnableGlobalInt  stm32f4xx_ll_usb.o
    0x0800843e   0x0800843e   0x00000050   Code   RO         1089    i.USB_FlushRxFifo   stm32f4xx_ll_usb.o
    0x0800848e   0x0800848e   0x00000054   Code   RO         1090    i.USB_FlushTxFifo   stm32f4xx_ll_usb.o
    0x080084e2   0x080084e2   0x00000026   Code   RO         1092    i.USB_GetDevSpeed   stm32f4xx_ll_usb.o
    0x08008508   0x08008508   0x0000000a   Code   RO         1094    i.USB_GetMode       stm32f4xx_ll_usb.o
    0x08008512   0x08008512   0x00000014   Code   RO         1102    i.USB_ReadDevAllInEpInterrupt  stm32f4xx_ll_usb.o
    0x08008526   0x08008526   0x00000014   Code   RO         1103    i.USB_ReadDevAllOutEpInterrupt  stm32f4xx_ll_usb.o
    0x0800853a   0x0800853a   0x00000032   Code   RO         1104    i.USB_ReadDevInEPInterrupt  stm32f4xx_ll_usb.o
    0x0800856c   0x0800856c   0x0000001a   Code   RO         1105    i.USB_ReadDevOutEPInterrupt  stm32f4xx_ll_usb.o
    0x08008586   0x08008586   0x0000000a   Code   RO         1106    i.USB_ReadInterrupts  stm32f4xx_ll_usb.o
    0x08008590   0x08008590   0x00000060   Code   RO         1107    i.USB_ReadPacket    stm32f4xx_ll_usb.o
    0x080085f0   0x080085f0   0x00000068   Code   RO         1109    i.USB_SetCurrentMode  stm32f4xx_ll_usb.o
    0x08008658   0x08008658   0x0000002a   Code   RO         1110    i.USB_SetDevAddress  stm32f4xx_ll_usb.o
    0x08008682   0x08008682   0x00000012   Code   RO         1111    i.USB_SetDevSpeed   stm32f4xx_ll_usb.o
    0x08008694   0x08008694   0x000000e8   Code   RO         1112    i.USB_SetTurnaroundTime  stm32f4xx_ll_usb.o
    0x0800877c   0x0800877c   0x00000044   Code   RO         1115    i.USB_WritePacket   stm32f4xx_ll_usb.o
    0x080087c0   0x080087c0   0x00000004   Code   RO          630    i.UsageFault_Handler  stm32f4xx_it.o
    0x080087c4   0x080087c4   0x0000005c   Code   RO         4528    i.VOFA_Send_Data    vofa.o
    0x08008820   0x08008820   0x00000064   Code   RO         4529    i.VOFA_Send_Frametail  vofa.o
    0x08008884   0x08008884   0x00000016   Code   RO         4530    i.VOFA_Transmit     vofa.o
    0x0800889a   0x0800889a   0x00000030   Code   RO         7873    i.__ARM_fpclassify  m_wm.l(fpclassify.o)
    0x080088ca   0x080088ca   0x00000026   Code   RO         7875    i.__ARM_fpclassifyf  m_wm.l(fpclassifyf.o)
    0x080088f0   0x080088f0   0x00000010   Code   RO         2183    i.__NVIC_GetPriorityGrouping  stm32f4xx_hal_cortex.o
    0x08008900   0x08008900   0x00000028   Code   RO         2184    i.__NVIC_SetPriority  stm32f4xx_hal_cortex.o
    0x08008928   0x08008928   0x00000360   Code   RO         7693    i.__hardfp_asin     m_wm.l(asin.o)
    0x08008c88   0x08008c88   0x000002d8   Code   RO         7845    i.__hardfp_atan     m_wm.l(atan.o)
    0x08008f60   0x08008f60   0x000001f0   Code   RO         7707    i.__hardfp_atan2    m_wm.l(atan2.o)
    0x08009150   0x08009150   0x00000250   Code   RO         7719    i.__hardfp_atan2f   m_wm.l(atan2f.o)
    0x080093a0   0x080093a0   0x00000014   Code   RO         7731    i.__hardfp_fabs     m_wm.l(fabs.o)
    0x080093b4   0x080093b4   0x000000f8   Code   RO         7891    i.__kernel_poly     m_wm.l(poly.o)
    0x080094ac   0x080094ac   0x00000014   Code   RO         7860    i.__mathlib_dbl_infnan  m_wm.l(dunder.o)
    0x080094c0   0x080094c0   0x00000014   Code   RO         7861    i.__mathlib_dbl_infnan2  m_wm.l(dunder.o)
    0x080094d4   0x080094d4   0x00000004   PAD
    0x080094d8   0x080094d8   0x00000020   Code   RO         7862    i.__mathlib_dbl_invalid  m_wm.l(dunder.o)
    0x080094f8   0x080094f8   0x00000020   Code   RO         7865    i.__mathlib_dbl_underflow  m_wm.l(dunder.o)
    0x08009518   0x08009518   0x00000006   Code   RO         7879    i.__mathlib_flt_infnan2  m_wm.l(funder.o)
    0x0800951e   0x0800951e   0x00000002   PAD
    0x08009520   0x08009520   0x00000010   Code   RO         7883    i.__mathlib_flt_underflow  m_wm.l(funder.o)
    0x08009530   0x08009530   0x00000010   Code   RO         7847    i.atan              m_wm.l(atan.o)
    0x08009540   0x08009540   0x00000128   Code   RO         6253    i.bmi088_accel_init  bmi088driver.o
    0x08009668   0x08009668   0x000000f4   Code   RO         6254    i.bmi088_gyro_init  bmi088driver.o
    0x0800975c   0x0800975c   0x0000003c   Code   RO         6428    i.can_filter_init   bsp_can.o
    0x08009798   0x08009798   0x00000018   Code   RO         7733    i.fabs              m_wm.l(fabs.o)
    0x080097b0   0x080097b0   0x00000028   Code   RO         6489    i.get_motor_measure  can_receive.o
    0x080097d8   0x080097d8   0x00000008   Code   RO         6550    i.get_remote_control_point  remote_control.o
    0x080097e0   0x080097e0   0x00000098   Code   RO         6129    i.gimbal_PID_init   pid.o
    0x08009878   0x08009878   0x00000160   Code   RO         6599    i.gimbal_angle_limit  gimbal.o
    0x080099d8   0x080099d8   0x00000100   Code   RO         6600    i.gimbal_detact_calibration  gimbal.o
    0x08009ad8   0x08009ad8   0x00000170   Code   RO         6601    i.gimbal_feedback_update  gimbal.o
    0x08009c48   0x08009c48   0x0000005c   Code   RO         6203    i.invSqrt           mahonyahrs.o
    0x08009ca4   0x08009ca4   0x00000060   Code   RO           16    i.main              main.o
    0x08009d04   0x08009d04   0x0000000e   Code   RO         5393    i.makeFreeRtosPriority  cmsis_os.o
    0x08009d12   0x08009d12   0x00000028   Code   RO         6602    i.motor_ecd_to_angle_change  gimbal.o
    0x08009d3a   0x08009d3a   0x0000006c   Code   RO         5976    i.msp               motor.o
    0x08009da6   0x08009da6   0x00000018   Code   RO         5395    i.osDelay           cmsis_os.o
    0x08009dbe   0x08009dbe   0x0000000a   Code   RO         5398    i.osKernelStart     cmsis_os.o
    0x08009dc8   0x08009dc8   0x0000005e   Code   RO         5432    i.osThreadCreate    cmsis_os.o
    0x08009e26   0x08009e26   0x00000002   PAD
    0x08009e28   0x08009e28   0x00000104   Code   RO         6130    i.pid_calc_raw      pid.o
    0x08009f2c   0x08009f2c   0x00000104   Code   RO         6131    i.pid_calc_raw_return  pid.o
    0x0800a030   0x0800a030   0x000000f4   Code   RO         6132    i.pid_calc_speed    pid.o
    0x0800a124   0x0800a124   0x00000016   Code   RO         6133    i.pid_init          pid.o
    0x0800a13a   0x0800a13a   0x00000002   PAD
    0x0800a13c   0x0800a13c   0x00000098   Code   RO         5064    i.prvAddCurrentTaskToDelayedList  tasks.o
    0x0800a1d4   0x0800a1d4   0x000000b4   Code   RO         5065    i.prvAddNewTaskToReadyList  tasks.o
    0x0800a288   0x0800a288   0x00000048   Code   RO         5066    i.prvCheckTasksWaitingTermination  tasks.o
    0x0800a2d0   0x0800a2d0   0x0000007e   Code   RO         4731    i.prvCopyDataToQueue  queue.o
    0x0800a34e   0x0800a34e   0x00000050   Code   RO         5067    i.prvDeleteTCB      tasks.o
    0x0800a39e   0x0800a39e   0x00000014   Code   RO         4732    i.prvGetDisinheritPriorityAfterTimeout  queue.o
    0x0800a3b2   0x0800a3b2   0x00000002   PAD
    0x0800a3b4   0x0800a3b4   0x0000007c   Code   RO         5760    i.prvHeapInit       heap_4.o
    0x0800a430   0x0800a430   0x00000028   Code   RO         5068    i.prvIdleTask       tasks.o
    0x0800a458   0x0800a458   0x00000026   Code   RO         4734    i.prvInitialiseNewQueue  queue.o
    0x0800a47e   0x0800a47e   0x000000b4   Code   RO         5069    i.prvInitialiseNewTask  tasks.o
    0x0800a532   0x0800a532   0x00000002   PAD
    0x0800a534   0x0800a534   0x00000068   Code   RO         5070    i.prvInitialiseTaskLists  tasks.o
    0x0800a59c   0x0800a59c   0x00000068   Code   RO         5761    i.prvInsertBlockIntoFreeList  heap_4.o
    0x0800a604   0x0800a604   0x0000001a   Code   RO         4735    i.prvIsQueueEmpty   queue.o
    0x0800a61e   0x0800a61e   0x0000001e   Code   RO         4736    i.prvIsQueueFull    queue.o
    0x0800a63c   0x0800a63c   0x00000034   Code   RO         5071    i.prvResetNextTaskUnblockTime  tasks.o
    0x0800a670   0x0800a670   0x00000040   Code   RO         5828    i.prvTaskExitError  port.o
    0x0800a6b0   0x0800a6b0   0x0000007e   Code   RO         4737    i.prvUnlockQueue    queue.o
    0x0800a72e   0x0800a72e   0x00000002   PAD
    0x0800a730   0x0800a730   0x0000014c   Code   RO         5762    i.pvPortMalloc      heap_4.o
    0x0800a87c   0x0800a87c   0x00000020   Code   RO         5073    i.pvTaskIncrementMutexHeldCount  tasks.o
    0x0800a89c   0x0800a89c   0x0000002c   Code   RO         5829    i.pxPortInitialiseStack  port.o
    0x0800a8c8   0x0800a8c8   0x00000064   Code   RO         6134    i.rad_format        pid.o
    0x0800a92c   0x0800a92c   0x0000009c   Code   RO         6135    i.rad_format_limit  pid.o
    0x0800a9c8   0x0800a9c8   0x00000014   Code   RO         6551    i.remote_control_init  remote_control.o
    0x0800a9dc   0x0800a9dc   0x0000000c   Code   RO          752    i.sErrorHandel      errorhandel.o
    0x0800a9e8   0x0800a9e8   0x000001a4   Code   RO         6552    i.sbus_to_rc        remote_control.o
    0x0800ab8c   0x0800ab8c   0x0000006e   Code   RO         7739    i.sqrt              m_wm.l(sqrt.o)
    0x0800abfa   0x0800abfa   0x00000028   Code   RO         4690    i.uxListRemove      list.o
    0x0800ac22   0x0800ac22   0x00000002   PAD
    0x0800ac24   0x0800ac24   0x00000018   Code   RO          343    i.vApplicationGetIdleTaskMemory  freertos.o
    0x0800ac3c   0x0800ac3c   0x0000001a   Code   RO         4691    i.vListInitialise   list.o
    0x0800ac56   0x0800ac56   0x00000006   Code   RO         4692    i.vListInitialiseItem  list.o
    0x0800ac5c   0x0800ac5c   0x00000034   Code   RO         4693    i.vListInsert       list.o
    0x0800ac90   0x0800ac90   0x00000018   Code   RO         4694    i.vListInsertEnd    list.o
    0x0800aca8   0x0800aca8   0x00000054   Code   RO         5831    i.vPortEnterCritical  port.o
    0x0800acfc   0x0800acfc   0x0000003c   Code   RO         5832    i.vPortExitCritical  port.o
    0x0800ad38   0x0800ad38   0x000000a4   Code   RO         5763    i.vPortFree         heap_4.o
    0x0800addc   0x0800addc   0x00000028   Code   RO         5833    i.vPortSetupTimerInterrupt  port.o
    0x0800ae04   0x0800ae04   0x0000005c   Code   RO         5080    i.vTaskDelay        tasks.o
    0x0800ae60   0x0800ae60   0x00000018   Code   RO         5083    i.vTaskInternalSetTimeOutState  tasks.o
    0x0800ae78   0x0800ae78   0x0000000c   Code   RO         5084    i.vTaskMissedYield  tasks.o
    0x0800ae84   0x0800ae84   0x00000038   Code   RO         5086    i.vTaskPlaceOnEventList  tasks.o
    0x0800aebc   0x0800aebc   0x000000e4   Code   RO         5088    i.vTaskPriorityDisinheritAfterTimeout  tasks.o
    0x0800afa0   0x0800afa0   0x000000b0   Code   RO         5093    i.vTaskStartScheduler  tasks.o
    0x0800b050   0x0800b050   0x00000010   Code   RO         5095    i.vTaskSuspendAll   tasks.o
    0x0800b060   0x0800b060   0x0000008c   Code   RO         5096    i.vTaskSwitchContext  tasks.o
    0x0800b0ec   0x0800b0ec   0x0000003e   Code   RO         4533    i.vofa_demo3        vofa.o
    0x0800b12a   0x0800b12a   0x00000002   PAD
    0x0800b12c   0x0800b12c   0x00000168   Code   RO         5835    i.xPortStartScheduler  port.o
    0x0800b294   0x0800b294   0x00000034   Code   RO         5836    i.xPortSysTickHandler  port.o
    0x0800b2c8   0x0800b2c8   0x0000005a   Code   RO         4746    i.xQueueGenericCreate  queue.o
    0x0800b322   0x0800b322   0x00000002   PAD
    0x0800b324   0x0800b324   0x00000098   Code   RO         4748    i.xQueueGenericReset  queue.o
    0x0800b3bc   0x0800b3bc   0x000001a8   Code   RO         4749    i.xQueueGenericSend  queue.o
    0x0800b564   0x0800b564   0x000001b8   Code   RO         4758    i.xQueueSemaphoreTake  queue.o
    0x0800b71c   0x0800b71c   0x0000008c   Code   RO         5098    i.xTaskCheckForTimeOut  tasks.o
    0x0800b7a8   0x0800b7a8   0x00000064   Code   RO         5099    i.xTaskCreate       tasks.o
    0x0800b80c   0x0800b80c   0x000000ba   Code   RO         5100    i.xTaskCreateStatic  tasks.o
    0x0800b8c6   0x0800b8c6   0x00000002   PAD
    0x0800b8c8   0x0800b8c8   0x00000020   Code   RO         5104    i.xTaskGetSchedulerState  tasks.o
    0x0800b8e8   0x0800b8e8   0x00000148   Code   RO         5107    i.xTaskIncrementTick  tasks.o
    0x0800ba30   0x0800ba30   0x000000c8   Code   RO         5110    i.xTaskPriorityDisinherit  tasks.o
    0x0800baf8   0x0800baf8   0x000000b8   Code   RO         5111    i.xTaskPriorityInherit  tasks.o
    0x0800bbb0   0x0800bbb0   0x00000098   Code   RO         5112    i.xTaskRemoveFromEventList  tasks.o
    0x0800bc48   0x0800bc48   0x00000104   Code   RO         5113    i.xTaskResumeAll    tasks.o
    0x0800bd4c   0x0800bd4c   0x00000018   Code   RO         7830    x$fpl$basic         fz_wm.l(basic.o)
    0x0800bd64   0x0800bd64   0x00000062   Code   RO         7673    x$fpl$d2f           fz_wm.l(d2f.o)
    0x0800bdc6   0x0800bdc6   0x00000002   PAD
    0x0800bdc8   0x0800bdc8   0x00000150   Code   RO         7675    x$fpl$dadd          fz_wm.l(daddsub_clz.o)
    0x0800bf18   0x0800bf18   0x00000018   Code   RO         7832    x$fpl$dcmpinf       fz_wm.l(dcmpi.o)
    0x0800bf30   0x0800bf30   0x000002b0   Code   RO         7682    x$fpl$ddiv          fz_wm.l(ddiv.o)
    0x0800c1e0   0x0800c1e0   0x00000078   Code   RO         7685    x$fpl$dleqf         fz_wm.l(dleqf.o)
    0x0800c258   0x0800c258   0x00000154   Code   RO         7687    x$fpl$dmul          fz_wm.l(dmul.o)
    0x0800c3ac   0x0800c3ac   0x0000009c   Code   RO         7834    x$fpl$dnaninf       fz_wm.l(dnaninf.o)
    0x0800c448   0x0800c448   0x0000000c   Code   RO         7836    x$fpl$dretinf       fz_wm.l(dretinf.o)
    0x0800c454   0x0800c454   0x0000006c   Code   RO         7689    x$fpl$drleqf        fz_wm.l(drleqf.o)
    0x0800c4c0   0x0800c4c0   0x00000016   Code   RO         7676    x$fpl$drsb          fz_wm.l(daddsub_clz.o)
    0x0800c4d6   0x0800c4d6   0x00000002   PAD
    0x0800c4d8   0x0800c4d8   0x00000198   Code   RO         7838    x$fpl$dsqrt         fz_wm.l(dsqrt_umaal.o)
    0x0800c670   0x0800c670   0x000001d4   Code   RO         7677    x$fpl$dsub          fz_wm.l(daddsub_clz.o)
    0x0800c844   0x0800c844   0x00000056   Code   RO         7691    x$fpl$f2d           fz_wm.l(f2d.o)
    0x0800c89a   0x0800c89a   0x0000008c   Code   RO         7840    x$fpl$fnaninf       fz_wm.l(fnaninf.o)
    0x0800c926   0x0800c926   0x0000000a   Code   RO         7938    x$fpl$fpinit        fz_wm.l(fpinit.o)
    0x0800c930   0x0800c930   0x0000000a   Code   RO         7842    x$fpl$fretinf       fz_wm.l(fretinf.o)
    0x0800c93a   0x0800c93a   0x00000000   Code   RO         7844    x$fpl$usenofp       fz_wm.l(usenofp.o)
    0x0800c93a   0x0800c93a   0x00000002   PAD
    0x0800c93c   0x0800c93c   0x00000070   Data   RO          345    .constdata          freertos.o
    0x0800c9ac   0x0800c9ac   0x00000008   Data   RO         1897    .constdata          stm32f4xx_hal_dma.o
    0x0800c9b4   0x0800c9b4   0x00000018   Data   RO         4493    .constdata          system_stm32f4xx.o
    0x0800c9cc   0x0800c9cc   0x00000004   PAD
    0x0800c9d0   0x0800c9d0   0x00000050   Data   RO         7696    .constdata          m_wm.l(asin.o)
    0x0800ca20   0x0800ca20   0x00000098   Data   RO         7848    .constdata          m_wm.l(atan.o)
    0x0800cab8   0x0800cab8   0x00000008   Data   RO         7893    .constdata          m_wm.l(qnan.o)
    0x0800cac0   0x0800cac0   0x0000002f   Data   RO          346    .conststring        freertos.o
    0x0800caef   0x0800caef   0x00000001   PAD
    0x0800caf0   0x0800caf0   0x00000020   Data   RO         8027    Region$$Table       anon$$obj.o


    Execution Region RW_IRAM1 (Exec base: 0x20000000, Load base: 0x0800cb10, Size: 0x00006a28, Max: 0x0001c000, ABSOLUTE, COMPRESSED[0x00000104])

    Exec Addr    Load Addr    Size         Type   Attr      Idx    E Section Name        Object

    0x20000000   COMPRESSED   0x00000014   Data   RW          347    .data               freertos.o
    0x20000014   COMPRESSED   0x00000001   Data   RW          753    .data               errorhandel.o
    0x20000015   COMPRESSED   0x00000003   PAD
    0x20000018   COMPRESSED   0x00000009   Data   RW         2347    .data               stm32f4xx_hal.o
    0x20000021   COMPRESSED   0x00000003   PAD
    0x20000024   COMPRESSED   0x00000004   Data   RW         4494    .data               system_stm32f4xx.o
    0x20000028   COMPRESSED   0x00000002   Data   RW         4535    .data               vofa.o
    0x2000002a   COMPRESSED   0x00000002   PAD
    0x2000002c   COMPRESSED   0x0000003c   Data   RW         5116    .data               tasks.o
    0x20000068   COMPRESSED   0x00000020   Data   RW         5769    .data               heap_4.o
    0x20000088   COMPRESSED   0x0000000c   Data   RW         5837    .data               port.o
    0x20000094   COMPRESSED   0x0000003e   Data   RW         5914    .data               imu.o
    0x200000d2   COMPRESSED   0x00000002   PAD
    0x200000d4   COMPRESSED   0x00000010   Data   RW         5978    .data               motor.o
    0x200000e4   COMPRESSED   0x00000004   Data   RW         6137    .data               pid.o
    0x200000e8   COMPRESSED   0x00000014   Data   RW         6204    .data               mahonyahrs.o
    0x200000fc   COMPRESSED   0x0000002c   Data   RW         6255    .data               bmi088driver.o
    0x20000128   COMPRESSED   0x00000018   Data   RW         6491    .data               can_receive.o
    0x20000140   COMPRESSED   0x00000006   Data   RW         6554    .data               remote_control.o
    0x20000146   COMPRESSED   0x00000002   PAD
    0x20000148   COMPRESSED   0x00000014   Data   RW         6604    .data               gimbal.o
    0x2000015c   COMPRESSED   0x0000004e   Data   RW         6822    .data               usbd_desc.o
    0x200001aa   COMPRESSED   0x00000002   PAD
    0x200001ac   COMPRESSED   0x00000014   Data   RW         6909    .data               usbd_cdc_if.o
    0x200001c0   COMPRESSED   0x00000001   Data   RW         7343    .data               usbd_ctlreq.o
    0x200001c1   COMPRESSED   0x00000003   PAD
    0x200001c4   COMPRESSED   0x0000008a   Data   RW         7506    .data               usbd_cdc.o
    0x2000024e   COMPRESSED   0x00000002   PAD
    0x20000250        -       0x00000254   Zero   RW          344    .bss                freertos.o
    0x200004a4        -       0x00000028   Zero   RW          409    .bss                can.o
    0x200004cc        -       0x00000058   Zero   RW          475    .bss                spi.o
    0x20000524        -       0x00000090   Zero   RW          519    .bss                tim.o
    0x200005b4        -       0x00000150   Zero   RW          572    .bss                usart.o
    0x20000704        -       0x00000080   Zero   RW         4534    .bss                vofa.o
    0x20000784        -       0x000000f0   Zero   RW         5115    .bss                tasks.o
    0x20000874        -       0x00003c00   Zero   RW         5768    .bss                heap_4.o
    0x20004474        -       0x00000048   Zero   RW         5913    .bss                imu.o
    0x200044bc        -       0x0000002c   Zero   RW         5977    .bss                motor.o
    0x200044e8        -       0x000000d0   Zero   RW         6136    .bss                pid.o
    0x200045b8        -       0x00000080   Zero   RW         6490    .bss                can_receive.o
    0x20004638        -       0x00000068   Zero   RW         6553    .bss                remote_control.o
    0x200046a0        -       0x00000145   Zero   RW         6603    .bss                gimbal.o
    0x200047e5   COMPRESSED   0x00000003   PAD
    0x200047e8        -       0x000002dc   Zero   RW         6782    .bss                usb_device.o
    0x20004ac4        -       0x00000200   Zero   RW         6821    .bss                usbd_desc.o
    0x20004cc4        -       0x00001000   Zero   RW         6908    .bss                usbd_cdc_if.o
    0x20005cc4        -       0x00000704   Zero   RW         6990    .bss                usbd_conf.o
    0x200063c8        -       0x00000060   Zero   RW         7897    .bss                c_w.l(libspace.o)
    0x20006428        -       0x00000200   Zero   RW            2    HEAP                startup_stm32f407xx.o
    0x20006628        -       0x00000400   Zero   RW            1    STACK               startup_stm32f407xx.o


    Execution Region RW_IRAM2 (Exec base: 0x2001c000, Load base: 0x0800cc14, Size: 0x00000000, Max: 0x00004000, ABSOLUTE)

    **** No section assigned to this execution region ****


==============================================================================

Image component sizes


      Code (inc. data)   RO Data    RW Data    ZI Data      Debug   Object Name

      1030         20          0         44          0      29354   bmi088driver.o
       216         28          0          0          0       5200   bmi088middleware.o
        60          4          0          0          0        610   bsp_can.o
       156         14          0          0          0       1122   bsp_rc.o
       256         24          0          0         40       1645   can.o
       220         38          0         24        128       3485   can_receive.o
       142          0          0          0          0      22907   cmsis_os.o
       104          6          0          0          0        790   dma.o
        12          4          0          1          0        692   errorhandel.o
         0          0          0          0          0      19920   event_groups.o
       162         32        159         20        596       7540   freertos.o
      1088        120          0         20        325       6341   gimbal.o
       328         16          0          0          0       1107   gpio.o
       724         74          0         32      15360       7335   heap_4.o
      1116        108          0         62         72       4646   imu.o
       148          0          0          0          0       3494   list.o
       944         46          0         20          0       2798   mahonyahrs.o
       284         18          0          0          0     756113   main.o
      1048        114          0         16         44     593818   motor.o
      1194         82          0          4        208       6126   pid.o
       894         78          0         12          0      11016   port.o
      1472         16          0          0          0      13685   queue.o
       724         48          0          6        104       5025   remote_control.o
         0          0          0          0          0       1799   serial.o
       268         26          0          0         88       1697   spi.o
        64         26        392          0       1536        832   startup_stm32f407xx.o
       212         36          0          9          0       9309   stm32f4xx_hal.o
      1814          4          0          0          0      13120   stm32f4xx_hal_can.o
       312         22          0          0          0      34251   stm32f4xx_hal_cortex.o
      1246         16          8          0          0       5287   stm32f4xx_hal_dma.o
       512         46          0          0          0       2072   stm32f4xx_hal_gpio.o
        84          6          0          0          0        838   stm32f4xx_hal_msp.o
      3562         16          0          0          0      13612   stm32f4xx_hal_pcd.o
        90          0          0          0          0       2389   stm32f4xx_hal_pcd_ex.o
      1820         84          0          0          0       5556   stm32f4xx_hal_rcc.o
      1136         12          0          0          0       4593   stm32f4xx_hal_spi.o
      2056        112          0          0          0      14736   stm32f4xx_hal_tim.o
       184         30          0          0          0       2481   stm32f4xx_hal_tim_ex.o
      2294         14          0          0          0      11432   stm32f4xx_hal_uart.o
       170         48          0          0          0       7146   stm32f4xx_it.o
      3908         84          0          0          0      22496   stm32f4xx_ll_usb.o
         0          0          0          0          0        392   stream_buffer.o
        20          6         24          4          0       1091   system_stm32f4xx.o
      3218        370          0         60        240      28181   tasks.o
       428         34          0          0        144       2959   tim.o
       544         58          0          0        336       2509   usart.o
        76         16          0          0        732        756   usb_device.o
      1684         48          0        138          0      13271   usbd_cdc.o
       148         16          0         20       4096       3434   usbd_cdc_if.o
      1004         24          0          0       1796      17300   usbd_conf.o
      1372          0          0          0          0      16297   usbd_core.o
      2366         30          0          1          0      17676   usbd_ctlreq.o
       386        122          0         78        512       6765   usbd_desc.o
       182          0          0          0          0       4640   usbd_ioreq.o
       276         20          0          2        128       2995   vofa.o

    ----------------------------------------------------------------------
     43820       2216        620        592      26488    1776681   Object Totals
         0          0         32          0          0          0   (incl. Generated)
        62          0          5         19          3          0   (incl. Padding)

    ----------------------------------------------------------------------

      Code (inc. data)   RO Data    RW Data    ZI Data      Debug   Library Member Name

        90          0          0          0          0          0   __dczerorl2.o
         8          0          0          0          0         68   __main.o
         0          0          0          0          0          0   __rtentry.o
        12          0          0          0          0          0   __rtentry2.o
         6          0          0          0          0          0   __rtentry4.o
        52          8          0          0          0          0   __scatter.o
        28          0          0          0          0          0   __scatter_zi.o
        22          0          0          0          0        100   _rserrno.o
        18          0          0          0          0         80   exit.o
         6          0          0          0          0        152   heapauxi.o
         0          0          0          0          0          0   indicate_semi.o
         2          0          0          0          0          0   libinit.o
         6          0          0          0          0          0   libinit2.o
         2          0          0          0          0          0   libshutdown.o
         2          0          0          0          0          0   libshutdown2.o
         8          4          0          0         96         68   libspace.o
       238          0          0          0          0        100   lludivv7m.o
         8          4          0          0          0         68   rt_errno_addr_intlibspace.o
        78          0          0          0          0         80   rt_memclr_w.o
       138          0          0          0          0         68   rt_memcpy_v6.o
       100          0          0          0          0         80   rt_memcpy_w.o
         2          0          0          0          0          0   rtexit.o
        10          0          0          0          0          0   rtexit2.o
        12          4          0          0          0         68   sys_exit.o
        74          0          0          0          0         80   sys_stackheap_outer.o
         2          0          0          0          0         68   use_no_semi.o
        24          0          0          0          0        164   basic.o
        98          4          0          0          0        140   d2f.o
       826         16          0          0          0        492   daddsub_clz.o
        24          0          0          0          0        116   dcmpi.o
       688        140          0          0          0        256   ddiv.o
       120          4          0          0          0        140   dleqf.o
       340         12          0          0          0        152   dmul.o
       156          4          0          0          0        140   dnaninf.o
        12          0          0          0          0        116   dretinf.o
       108          0          0          0          0        128   drleqf.o
       408         56          0          0          0        168   dsqrt_umaal.o
        86          4          0          0          0        132   f2d.o
       140          4          0          0          0        132   fnaninf.o
        10          0          0          0          0        116   fpinit.o
        10          0          0          0          0        116   fretinf.o
         0          0          0          0          0          0   usenofp.o
       864         94         80          0          0        280   asin.o
       744        106        152          0          0        352   atan.o
       496         64          0          0          0        192   atan2.o
       592         90          0          0          0        184   atan2f.o
       104         16          0          0          0        496   dunder.o
        44          0          0          0          0        248   fabs.o
        48          0          0          0          0        124   fpclassify.o
        38          0          0          0          0        116   fpclassifyf.o
        22          6          0          0          0        232   funder.o
       248          0          0          0          0        152   poly.o
         0          0          8          0          0          0   qnan.o
       110          0          0          0          0        148   sqrt.o

    ----------------------------------------------------------------------
      7304        640        240          0         96       6112   Library Totals
        20          0          0          0          0          0   (incl. Padding)

    ----------------------------------------------------------------------

      Code (inc. data)   RO Data    RW Data    ZI Data      Debug   Library Name

       924         20          0          0         96       1080   c_w.l
      3050        244          0          0          0       2508   fz_wm.l
      3310        376        240          0          0       2524   m_wm.l

    ----------------------------------------------------------------------
      7304        640        240          0         96       6112   Library Totals

    ----------------------------------------------------------------------

==============================================================================


      Code (inc. data)   RO Data    RW Data    ZI Data      Debug   

     51124       2856        860        592      26584    1742725   Grand Totals
     51124       2856        860        260      26584    1742725   ELF Image Totals (compressed)
     51124       2856        860        260          0          0   ROM Totals

==============================================================================

    Total RO  Size (Code + RO Data)                51984 (  50.77kB)
    Total RW  Size (RW Data + ZI Data)             27176 (  26.54kB)
    Total ROM Size (Code + RO Data + RW Data)      52244 (  51.02kB)

==============================================================================

