<html>
<body>
<pre>
<h1>�Vision Build Log</h1>
<h2>Tool Versions:</h2>
IDE-Version: ��Vision V5.26.2.0
Copyright (C) 2018 ARM Ltd and ARM Germany GmbH. All rights reserved.
License Information: 1 ava, 1, LIC=65ISZ-JL0T8-Z92G9-4YCRI-WIZFB-VR5E1
 
Tool Versions:
Toolchain:       MDK-ARM Plus  Version: 5.26.2.0
Toolchain Path:  C:\Keil_v5\ARM\ARMCC\Bin
C Compiler:      Armcc.exe V5.06 update 6 (build 750)
Assembler:       Armasm.exe V5.06 update 6 (build 750)
Linker/Locator:  ArmLink.exe V5.06 update 6 (build 750)
Library Manager: ArmAr.exe V5.06 update 6 (build 750)
Hex Converter:   FromElf.exe V5.06 update 6 (build 750)
CPU DLL:         SARMCM3.DLL V5.26.2.0
Dialog DLL:      DCM.DLL V1.17.2.0
Target DLL:      STLink\ST-LINKIII-KEIL_SWO.dll V3.0.5.0
Dialog DLL:      TCM.DLL V1.36.1.0
 
<h2>Project:</h2>
E:\RM\gimbal_cooperations\MDK-ARM\platform.uvprojx
Project File Date:  10/01/2025

<h2>Output:</h2>
*** Using Compiler 'V5.06 update 6 (build 750)', folder: 'C:\Keil_v5\ARM\ARMCC\Bin'
Rebuild target 'platform'
assembling startup_stm32f407xx.s...
compiling spi.c...
compiling usart.c...
compiling dma.c...
compiling stm32f4xx_hal_msp.c...
compiling can.c...
compiling gpio.c...
compiling tim.c...
compiling stm32f4xx_hal_pcd_ex.c...
compiling stm32f4xx_it.c...
compiling stm32f4xx_hal_pcd.c...
compiling stm32f4xx_ll_usb.c...
compiling freertos.c...
../Core/applications/VPC/VPC.h(9): warning:  #1-D: last line of file ends without a newline
  #endif
../Core/Src/freertos.c(126): warning:  #144-D: a value of type "void (*)(void)" cannot be used to initialize an entity of type "os_pthread"
    osThreadDef(Gimbal, Gimbal_task, osPriorityLow, 0, 128);
../Core/Src/freertos.c: 2 warnings, 0 errors
compiling main.c...
../Core/Src/main.c(80): warning:  #177-D: variable "a"  was declared but never referenced
  	 int16_t a;
../Core/Src/main.c: 1 warning, 0 errors
compiling stm32f4xx_hal.c...
compiling stm32f4xx_hal_gpio.c...
compiling stm32f4xx_hal_pwr_ex.c...
compiling stm32f4xx_hal_flash.c...
compiling stm32f4xx_hal_dma_ex.c...
compiling stm32f4xx_hal_pwr.c...
compiling stm32f4xx_hal_exti.c...
compiling stm32f4xx_hal_flash_ramfunc.c...
compiling stm32f4xx_hal_dma.c...
compiling stm32f4xx_hal_flash_ex.c...
compiling stm32f4xx_hal_cortex.c...
compiling stm32f4xx_hal_rcc_ex.c...
compiling stm32f4xx_hal_rcc.c...
compiling croutine.c...
compiling event_groups.c...
compiling list.c...
compiling queue.c...
compiling timers.c...
compiling stream_buffer.c...
compiling heap_4.c...
compiling tasks.c...
compiling cmsis_os.c...
compiling port.c...
compiling system_stm32f4xx.c...
compiling pid.c...
compiling vofa.c...
..\Core\Instance\vofa.c(105): warning:  #1-D: last line of file ends without a newline
  }
..\Core\Instance\vofa.c: 1 warning, 0 errors
compiling BMI088driver.c...
compiling BMI088Middleware.c...
compiling bsp_can.c...
compiling stm32f4xx_hal_spi.c...
compiling motor.c...
compiling stm32f4xx_hal_tim_ex.c...
compiling imu.c...
..\Core\applications\algorithm\imu.c(44): warning:  #1035-D: single-precision operand implicitly converted to double-precision
  	imu_data.GX = ((float)gyro[0])*0.001064;//将角度转成弧�?
..\Core\applications\algorithm\imu.c(45): warning:  #1035-D: single-precision operand implicitly converted to double-precision
  	imu_data.GY = ((float)gyro[1])*0.001064;
..\Core\applications\algorithm\imu.c(46): warning:  #1035-D: single-precision operand implicitly converted to double-precision
  	imu_data.GZ = ((float)gyro[2])*0.001064;
..\Core\applications\algorithm\imu.c(168): warning:  #1035-D: single-precision operand implicitly converted to double-precision
  	imu_Angle.Yaw  += imu_data.GZ* 57.2957* cycle_T* 4;//由于在静止状态下z轴方向本身就有重力加速度，所以不用将加速度计和陀螺仪的结果融合，直接对角速度进行积分（这里只有乘�?4后才会变得准一些，具体原因尚不清楚�?
..\Core\applications\algorithm\imu.c: 4 warnings, 0 errors
compiling stm32f4xx_hal_can.c...
compiling stm32f4xx_hal_uart.c...
compiling stm32f4xx_hal_tim.c...
compiling bsp_rc.c...
compiling remote_control.c...
..\Core\applications\communication_bond\remote_control.c(144): warning:  #1035-D: single-precision operand implicitly converted to double-precision
      rc_ctrl->rc.ch[0]=rc_ctrl->rc.ch[0]*0.1;
..\Core\applications\communication_bond\remote_control.c(146): warning:  #1035-D: single-precision operand implicitly converted to double-precision
      rc_ctrl->rc.ch[1]=rc_ctrl->rc.ch[1]*0.1;
..\Core\applications\communication_bond\remote_control.c: 2 warnings, 0 errors
compiling usbd_ioreq.c...
compiling Serial.c...
compiling usbd_cdc_if.c...
compiling usbd_desc.c...
compiling usbd_ctlreq.c...
compiling usbd_core.c...
compiling usbd_conf.c...
compiling usb_device.c...
compiling CAN_receive.c...
compiling Gimbal.c...
..\Core\applications\Gimbal\Gimbal.c(360): warning:  #1-D: last line of file ends without a newline
  // }
..\Core\applications\Gimbal\Gimbal.c: 1 warning, 0 errors
compiling VPC.c...
..\Core\applications\VPC\VPC.h(9): warning:  #1-D: last line of file ends without a newline
  #endif
..\Core\applications\VPC\VPC.c(38): warning:  #1-D: last line of file ends without a newline
  // }
..\Core\applications\VPC\VPC.c: 2 warnings, 0 errors
compiling usbd_cdc.c...
linking...
Program Size: Code=49780 RO-data=860 RW-data=572 ZI-data=26492  
FromELF: creating hex file...
"platform\platform.axf" - 0 Error(s), 13 Warning(s).

<h2>Software Packages used:</h2>

Package Vendor: ARM
                http://www.keil.com/pack/ARM.CMSIS.5.4.0.pack
                ARM.CMSIS.5.4.0
                CMSIS (Cortex Microcontroller Software Interface Standard)
   * Component: CORE Version: 5.1.2

Package Vendor: Keil
                http://www.keil.com/pack/Keil.STM32F4xx_DFP.2.8.0.pack
                Keil.STM32F4xx_DFP.2.8.0
                STMicroelectronics STM32F4 Series Device Support, Drivers and Examples

<h2>Collection of Component include folders:</h2>
  .\RTE\_platform
  C:\Keil_v5\ARM\PACK\ARM\CMSIS\5.4.0\CMSIS\Core\Include
  C:\Keil_v5\ARM\PACK\Keil\STM32F4xx_DFP\2.8.0\Drivers\CMSIS\Device\ST\STM32F4xx\Include

<h2>Collection of Component Files used:</h2>

   * Component: ARM::CMSIS:CORE:5.1.2
Build Time Elapsed:  00:00:15
</pre>
</body>
</html>
