Component: ARM Compiler 5.06 update 6 (build 750) Tool: armlink [4d35ed]

==============================================================================

Section Cross References

    startup_stm32f407xx.o(STACK) refers (Special) to heapauxi.o(.text) for __use_two_region_memory
    startup_stm32f407xx.o(HEAP) refers (Special) to heapauxi.o(.text) for __use_two_region_memory
    startup_stm32f407xx.o(RESET) refers (Special) to heapauxi.o(.text) for __use_two_region_memory
    startup_stm32f407xx.o(RESET) refers to startup_stm32f407xx.o(STACK) for __initial_sp
    startup_stm32f407xx.o(RESET) refers to startup_stm32f407xx.o(.text) for Reset_Handler
    startup_stm32f407xx.o(RESET) refers to stm32f4xx_it.o(i.NMI_Handler) for NMI_Handler
    startup_stm32f407xx.o(RESET) refers to stm32f4xx_it.o(i.HardFault_Handler) for HardFault_Handler
    startup_stm32f407xx.o(RESET) refers to stm32f4xx_it.o(i.MemManage_Handler) for MemManage_Handler
    startup_stm32f407xx.o(RESET) refers to stm32f4xx_it.o(i.BusFault_Handler) for BusFault_Handler
    startup_stm32f407xx.o(RESET) refers to stm32f4xx_it.o(i.UsageFault_Handler) for UsageFault_Handler
    startup_stm32f407xx.o(RESET) refers to port.o(.emb_text) for SVC_Handler
    startup_stm32f407xx.o(RESET) refers to stm32f4xx_it.o(i.DebugMon_Handler) for DebugMon_Handler
    startup_stm32f407xx.o(RESET) refers to stm32f4xx_it.o(i.SysTick_Handler) for SysTick_Handler
    startup_stm32f407xx.o(RESET) refers to stm32f4xx_it.o(i.DMA1_Stream1_IRQHandler) for DMA1_Stream1_IRQHandler
    startup_stm32f407xx.o(RESET) refers to stm32f4xx_it.o(i.CAN1_TX_IRQHandler) for CAN1_TX_IRQHandler
    startup_stm32f407xx.o(RESET) refers to stm32f4xx_it.o(i.CAN1_RX0_IRQHandler) for CAN1_RX0_IRQHandler
    startup_stm32f407xx.o(RESET) refers to stm32f4xx_it.o(i.CAN1_RX1_IRQHandler) for CAN1_RX1_IRQHandler
    startup_stm32f407xx.o(RESET) refers to stm32f4xx_it.o(i.TIM2_IRQHandler) for TIM2_IRQHandler
    startup_stm32f407xx.o(RESET) refers to remote_control.o(i.USART3_IRQHandler) for USART3_IRQHandler
    startup_stm32f407xx.o(RESET) refers to stm32f4xx_it.o(i.OTG_FS_IRQHandler) for OTG_FS_IRQHandler
    startup_stm32f407xx.o(RESET) refers to stm32f4xx_it.o(i.DMA2_Stream6_IRQHandler) for DMA2_Stream6_IRQHandler
    startup_stm32f407xx.o(RESET) refers to stm32f4xx_it.o(i.USART6_IRQHandler) for USART6_IRQHandler
    startup_stm32f407xx.o(.text) refers (Special) to heapauxi.o(.text) for __use_two_region_memory
    startup_stm32f407xx.o(.text) refers to system_stm32f4xx.o(i.SystemInit) for SystemInit
    startup_stm32f407xx.o(.text) refers to __main.o(!!!main) for __main
    startup_stm32f407xx.o(.text) refers to startup_stm32f407xx.o(HEAP) for Heap_Mem
    startup_stm32f407xx.o(.text) refers to startup_stm32f407xx.o(STACK) for Stack_Mem
    errorhandel.o(i.sErrorHandel) refers to errorhandel.o(.data) for .data
    main.o(i.SystemClock_Config) refers to rt_memclr_w.o(.text) for __aeabi_memclr4
    main.o(i.SystemClock_Config) refers to stm32f4xx_hal_rcc.o(i.HAL_RCC_OscConfig) for HAL_RCC_OscConfig
    main.o(i.SystemClock_Config) refers to stm32f4xx_hal_rcc.o(i.HAL_RCC_ClockConfig) for HAL_RCC_ClockConfig
    main.o(i.main) refers to stm32f4xx_hal.o(i.HAL_Init) for HAL_Init
    main.o(i.main) refers to main.o(i.SystemClock_Config) for SystemClock_Config
    main.o(i.main) refers to gpio.o(i.MX_GPIO_Init) for MX_GPIO_Init
    main.o(i.main) refers to dma.o(i.MX_DMA_Init) for MX_DMA_Init
    main.o(i.main) refers to spi.o(i.MX_SPI1_Init) for MX_SPI1_Init
    main.o(i.main) refers to tim.o(i.MX_TIM2_Init) for MX_TIM2_Init
    main.o(i.main) refers to tim.o(i.MX_TIM10_Init) for MX_TIM10_Init
    main.o(i.main) refers to usart.o(i.MX_USART6_UART_Init) for MX_USART6_UART_Init
    main.o(i.main) refers to can.o(i.MX_CAN1_Init) for MX_CAN1_Init
    main.o(i.main) refers to usart.o(i.MX_USART3_UART_Init) for MX_USART3_UART_Init
    main.o(i.main) refers to bsp_dwt.o(i.DWT_Init) for DWT_Init
    main.o(i.main) refers to bmi088driver.o(i.BMI088_init) for BMI088_init
    main.o(i.main) refers to remote_control.o(i.remote_control_init) for remote_control_init
    main.o(i.main) refers to pid.o(i.gimbal_PID_init) for gimbal_PID_init
    main.o(i.main) refers to bsp_can.o(i.can_filter_init) for can_filter_init
    main.o(i.main) refers to stm32f4xx_hal_tim.o(i.HAL_TIM_Base_Start_IT) for HAL_TIM_Base_Start_IT
    main.o(i.main) refers to remote_control.o(i.get_remote_control_point) for get_remote_control_point
    main.o(i.main) refers to freertos.o(i.MX_FREERTOS_Init) for MX_FREERTOS_Init
    main.o(i.main) refers to cmsis_os.o(i.osKernelStart) for osKernelStart
    main.o(i.main) refers to tim.o(.bss) for htim2
    main.o(i.main) refers to remote_control.o(.data) for local_rc_ctrl
    gpio.o(i.MX_GPIO_Init) refers to rt_memclr_w.o(.text) for __aeabi_memclr4
    gpio.o(i.MX_GPIO_Init) refers to stm32f4xx_hal_gpio.o(i.HAL_GPIO_WritePin) for HAL_GPIO_WritePin
[...]
    pxPortInitialiseStack                    0x0800a7ad   Thumb Code    40  port.o(i.pxPortInitialiseStack)
    rad_format                               0x0800a7d9   Thumb Code    54  pid.o(i.rad_format)
    rad_format_limit                         0x0800a815   Thumb Code    96  pid.o(i.rad_format_limit)
    remote_control_init                      0x0800a879   Thumb Code    12  remote_control.o(i.remote_control_init)
    reset_pid_integrals                      0x0800a889   Thumb Code    22  pid.o(i.reset_pid_integrals)
    sqrtf                                    0x0800a9fd   Thumb Code    62  sqrtf_full.o(i.sqrtf)
    uxListRemove                             0x0800aa3b   Thumb Code    38  list.o(i.uxListRemove)
    vApplicationGetIdleTaskMemory            0x0800aa61   Thumb Code    16  freertos.o(i.vApplicationGetIdleTaskMemory)
    vListInitialise                          0x0800aa75   Thumb Code    22  list.o(i.vListInitialise)
    vListInitialiseItem                      0x0800aa8b   Thumb Code     6  list.o(i.vListInitialiseItem)
    vListInsert                              0x0800aa91   Thumb Code    48  list.o(i.vListInsert)
    vListInsertEnd                           0x0800aac1   Thumb Code    24  list.o(i.vListInsertEnd)
    vPortEnterCritical                       0x0800aad9   Thumb Code    54  port.o(i.vPortEnterCritical)
    vPortExitCritical                        0x0800ab19   Thumb Code    34  port.o(i.vPortExitCritical)
    vPortFree                                0x0800ab41   Thumb Code    94  heap_4.o(i.vPortFree)
    vPortSetupTimerInterrupt                 0x0800aba5   Thumb Code    32  port.o(i.vPortSetupTimerInterrupt)
    vTaskDelay                               0x0800abc9   Thumb Code    66  tasks.o(i.vTaskDelay)
    vTaskDelayUntil                          0x0800ac15   Thumb Code   136  tasks.o(i.vTaskDelayUntil)
    vTaskInternalSetTimeOutState             0x0800aca5   Thumb Code    12  tasks.o(i.vTaskInternalSetTimeOutState)
    vTaskMissedYield                         0x0800acb5   Thumb Code     8  tasks.o(i.vTaskMissedYield)
    vTaskPlaceOnEventList                    0x0800acc1   Thumb Code    44  tasks.o(i.vTaskPlaceOnEventList)
    vTaskPriorityDisinheritAfterTimeout      0x0800acf1   Thumb Code   154  tasks.o(i.vTaskPriorityDisinheritAfterTimeout)
    vTaskStartScheduler                      0x0800ad95   Thumb Code    90  tasks.o(i.vTaskStartScheduler)
    vTaskSuspendAll                          0x0800ae01   Thumb Code    10  tasks.o(i.vTaskSuspendAll)
    vTaskSwitchContext                       0x0800ae11   Thumb Code    82  tasks.o(i.vTaskSwitchContext)
    vofa_demo3                               0x0800ae6d   Thumb Code    40  vofa.o(i.vofa_demo3)
    xPortStartScheduler                      0x0800ae95   Thumb Code   224  port.o(i.xPortStartScheduler)
    xPortSysTickHandler                      0x0800af89   Thumb Code    38  port.o(i.xPortSysTickHandler)
    xQueueGenericCreate                      0x0800afb5   Thumb Code    66  queue.o(i.xQueueGenericCreate)
    xQueueGenericReset                       0x0800aff9   Thumb Code   132  queue.o(i.xQueueGenericReset)
    xQueueGenericSend                        0x0800b081   Thumb Code   350  queue.o(i.xQueueGenericSend)
    xQueueSemaphoreTake                      0x0800b1e5   Thumb Code   372  queue.o(i.xQueueSemaphoreTake)
    xTaskCheckForTimeOut                     0x0800b35d   Thumb Code   112  tasks.o(i.xTaskCheckForTimeOut)
    xTaskCreate                              0x0800b3d1   Thumb Code    90  tasks.o(i.xTaskCreate)
    xTaskCreateStatic                        0x0800b42b   Thumb Code    90  tasks.o(i.xTaskCreateStatic)
    xTaskGetSchedulerState                   0x0800b485   Thumb Code    22  tasks.o(i.xTaskGetSchedulerState)
    xTaskGetTickCount                        0x0800b4a1   Thumb Code     6  tasks.o(i.xTaskGetTickCount)
    xTaskIncrementTick                       0x0800b4ad   Thumb Code   194  tasks.o(i.xTaskIncrementTick)
    xTaskPriorityDisinherit                  0x0800b579   Thumb Code   144  tasks.o(i.xTaskPriorityDisinherit)
    xTaskPriorityInherit                     0x0800b611   Thumb Code   132  tasks.o(i.xTaskPriorityInherit)
    xTaskRemoveFromEventList                 0x0800b69d   Thumb Code   108  tasks.o(i.xTaskRemoveFromEventList)
    xTaskResumeAll                           0x0800b711   Thumb Code   182  tasks.o(i.xTaskResumeAll)
    __aeabi_d2f                              0x0800b7d5   Thumb Code     0  d2f_clz.o(x$fpl$d2f)
    _d2f                                     0x0800b7d5   Thumb Code   700  d2f_clz.o(x$fpl$d2f)
    __aeabi_dadd                             0x0800ba99   Thumb Code     0  daddsub_clz.o(x$fpl$dadd)
    _dadd                                    0x0800ba99   Thumb Code   580  daddsub_clz.o(x$fpl$dadd)
    __aeabi_ddiv                             0x0800bce5   Thumb Code     0  ddiv_clz.o(x$fpl$ddiv)
    _ddiv                                    0x0800bce5   Thumb Code   748  ddiv_clz.o(x$fpl$ddiv)
    __dflt_normalise                         0x0800c061   Thumb Code    26  dflt_clz.o(x$fpl$dfltn)
    __aeabi_dmul                             0x0800c07d   Thumb Code     0  dmul_clz.o(x$fpl$dmul)
    _dmul                                    0x0800c07d   Thumb Code   440  dmul_clz.o(x$fpl$dmul)
    __fpl_dnaninf                            0x0800c23d   Thumb Code   258  dnaninf.o(x$fpl$dnaninf)
    __fpl_drenorm2                           0x0800c33f   Thumb Code   106  drenorm_clz.o(x$fpl$drenorm)
    __fpl_drenorm1                           0x0800c3a9   Thumb Code     6  drenorm_clz.o(x$fpl$drenorm)
    __fpl_dretinf                            0x0800c3af   Thumb Code    12  dretinf.o(x$fpl$dretinf)
    __aeabi_dsub                             0x0800c3bd   Thumb Code     0  daddsub_clz.o(x$fpl$dsub)
    _dsub                                    0x0800c3bd   Thumb Code   664  daddsub_clz.o(x$fpl$dsub)
    __dunder                                 0x0800c659   Thumb Code   314  dunder_clz.o(x$fpl$dunder)
    __dunder_d                               0x0800c793   Thumb Code    64  dunder_clz.o(x$fpl$dunder)
    __fpl_exception                          0x0800c7d5   Thumb Code   454  except.o(x$fpl$exception)
    __aeabi_f2d                              0x0800c9c1   Thumb Code     0  f2d.o(x$fpl$f2d)
    _f2d                                     0x0800c9c1   Thumb Code   122  f2d.o(x$fpl$f2d)
    __fpl_fnaninf                            0x0800ca3b   Thumb Code   242  fnaninf.o(x$fpl$fnaninf)
    _fp_init                                 0x0800cb2d   Thumb Code    10  fpinit.o(x$fpl$fpinit)
    __fplib_config_fpu_vfp                   0x0800cb35   Thumb Code     0  fpinit.o(x$fpl$fpinit)
    __fplib_config_pureend_doubles           0x0800cb35   Thumb Code     0  fpinit.o(x$fpl$fpinit)
    __fpl_fretinf                            0x0800cb37   Thumb Code    10  fretinf.o(x$fpl$fretinf)
    __funder                                 0x0800cb41   Thumb Code   254  funder_clz.o(x$fpl$funder)
    __funder_d                               0x0800cc3f   Thumb Code    62  funder_clz.o(x$fpl$funder)
    __fpl_return_NaN                         0x0800cc7d   Thumb Code   178  retnan.o(x$fpl$retnan)
    _fp_trapveneer                           0x0800cd2f   Thumb Code    36  trapv.o(x$fpl$trapveneer)
    __fpl_cmpreturn                          0x0800cd53   Thumb Code    90  trapv.o(x$fpl$trapveneer)
    __I$use$fp                               0x0800cdac   Number         0  usenofp.o(x$fpl$usenofp)
    AHBPrescTable                            0x0800ce40   Data          16  system_stm32f4xx.o(.constdata)
    APBPrescTable                            0x0800ce50   Data           8  system_stm32f4xx.o(.constdata)
    IMU_QuaternionEKF_F                      0x0800ce58   Data         144  quaternionekf.o(.constdata)
    xb                                       0x0800cee8   Data          12  ins.o(.constdata)
    yb                                       0x0800cef4   Data          12  ins.o(.constdata)
    zb                                       0x0800cf00   Data          12  ins.o(.constdata)
    gravity                                  0x0800cf0c   Data          12  ins.o(.constdata)
    CRC_Data                                 0x0800cf34   Data         512  serial.o(.constdata)
    Region$$Table$$Base                      0x0800d190   Number         0  anon$$obj.o(Region$$Table)
    Region$$Table$$Limit                     0x0800d1b0   Number         0  anon$$obj.o(Region$$Table)
    g_xSemVPC                                0x20000000   Data           4  freertos.o(.data)
    VPCHandle                                0x20000004   Data           4  freertos.o(.data)
    defaultTaskHandle                        0x20000008   Data           4  freertos.o(.data)
    can_send_motorHandle                     0x2000000c   Data           4  freertos.o(.data)
    GimbalHandle                             0x20000010   Data           4  freertos.o(.data)
    IMU_slovingHandle                        0x20000014   Data           4  freertos.o(.data)
    uwTickFreq                               0x20000018   Data           1  stm32f4xx_hal.o(.data)
    uwTickPrio                               0x2000001c   Data           4  stm32f4xx_hal.o(.data)
    uwTick                                   0x20000020   Data           4  stm32f4xx_hal.o(.data)
    SystemCoreClock                          0x20000024   Data           4  system_stm32f4xx.o(.data)
    cnt                                      0x20000028   Data           2  vofa.o(.data)
    pxCurrentTCB                             0x2000002c   Data           4  tasks.o(.data)
    PI                                       0x200000a4   Data           4  pid.o(.data)
    sizeof_float                             0x200000a8   Data           2  kalman_filter.o(.data)
    sizeof_double                            0x200000aa   Data           2  kalman_filter.o(.data)
    IMU_QuaternionEKF_P                      0x200000f0   Data         144  quaternionekf.o(.data)
    RefTemp                                  0x20000184   Data           4  ins.o(.data)
    ins_time                                 0x20000188   Data           4  ins.o(.data)
    stop_time                                0x20000194   Data           4  ins.o(.data)
    caliCount                                0x20000198   Data           2  bmi088driver.o(.data)
    BMI088_ACCEL_SEN                         0x2000019c   Data           4  bmi088driver.o(.data)
    BMI088_GYRO_SEN                          0x200001a0   Data           4  bmi088driver.o(.data)
    gNormDiff                                0x200001a8   Data           4  bmi088driver.o(.data)
    rx_data                                  0x200001e0   Data           8  can_receive.o(.data)
    local_rc_ctrl                            0x200001ec   Data           4  remote_control.o(.data)
    GIMBAL_OFFSET_FLAG                       0x200001f0   Data           1  gimbal.o(.data)
    add_yaw                                  0x200001f8   Data           4  gimbal.o(.data)
    add_pitch                                0x200001fc   Data           4  gimbal.o(.data)
    g_xSemTicks                              0x20000200   Data           4  gimbal.o(.data)
    temp_data                                0x20000204   Data           8  gimbal.o(.data)
    FS_Desc                                  0x2000020c   Data          28  usbd_desc.o(.data)
    USBD_LangIDDesc                          0x20000228   Data           4  usbd_desc.o(.data)
    USBD_FS_DeviceDesc                       0x2000022c   Data          18  usbd_desc.o(.data)
    USBD_StringSerial                        0x20000240   Data          26  usbd_desc.o(.data)
    USBD_Interface_fops_FS                   0x2000025c   Data          20  usbd_cdc_if.o(.data)
    USBD_CDC                                 0x200002c8   Data          56  usbd_cdc.o(.data)
    SysTime                                  0x20000330   Data           8  bsp_dwt.o(.data)
    CYCCNT64                                 0x20000338   Data           8  bsp_dwt.o(.data)
    hcan1                                    0x20000594   Data          40  can.o(.bss)
    hspi1                                    0x200005bc   Data          88  spi.o(.bss)
    htim2                                    0x20000614   Data          72  tim.o(.bss)
    htim10                                   0x2000065c   Data          72  tim.o(.bss)
    huart3                                   0x200006a4   Data          72  usart.o(.bss)
    huart6                                   0x200006ec   Data          72  usart.o(.bss)
    hdma_usart3_rx                           0x20000734   Data          96  usart.o(.bss)
    hdma_usart6_tx                           0x20000794   Data          96  usart.o(.bss)
    send_buf                                 0x200007f4   Data         128  vofa.o(.bss)
    imu_Angle                                0x20004564   Data          12  imu.o(.bss)
    imu_offset                               0x20004570   Data          12  imu.o(.bss)
    motor_ready                              0x2000457c   Data          24  motor.o(.bss)
    motor_data                               0x20004594   Data          20  motor.o(.bss)
    gimbal_yaw_speed_pid                     0x200045a8   Data          52  pid.o(.bss)
    gimbal_yaw_angle_pid                     0x200045dc   Data          52  pid.o(.bss)
    gimbal_yaw_speed_pid_return              0x20004610   Data          52  pid.o(.bss)
    gimbal_yaw_angle_pid_return              0x20004644   Data          52  pid.o(.bss)
    gimbal_pitch_speed_pid                   0x20004678   Data          52  pid.o(.bss)
    gimbal_pitch_angle_pid                   0x200046ac   Data          52  pid.o(.bss)
    gimbal_pitch_speed_pid_return            0x200046e0   Data          52  pid.o(.bss)
    gimbal_pitch_angle_pid_return            0x20004714   Data          52  pid.o(.bss)
    QEKF_INS                                 0x20004748   Data         480  quaternionekf.o(.bss)
    IMU_QuaternionEKF_K                      0x20004928   Data          72  quaternionekf.o(.bss)
    IMU_QuaternionEKF_H                      0x20004970   Data          72  quaternionekf.o(.bss)
    INS                                      0x200049b8   Data         148  ins.o(.bss)
    gyro_ins                                 0x20004a4c   Data          12  ins.o(.bss)
    accel_ins                                0x20004a58   Data          12  ins.o(.bss)
    TempCtrl                                 0x20004a64   Data          52  ins.o(.bss)
    imu_data                                 0x20004a98   Data          52  bmi088driver.o(.bss)
    gyroDiff                                 0x20004acc   Data          12  bmi088driver.o(.bss)
    rx_header                                0x20004ad8   Data          28  can_receive.o(.bss)
    rc_ctrl                                  0x20004b24   Data          32  remote_control.o(.bss)
    gimbal_control                           0x20004b8c   Data         326  gimbal.o(.bss)
    aim_packet_from_nuc                      0x20004cd2   Data          24  serial.o(.bss)
    aim_packet_to_nuc                        0x20004cea   Data          34  serial.o(.bss)
    buf_receive_from_nuc                     0x20004d0c   Data          24  serial.o(.bss)
    hUsbDeviceFS                             0x20004d24   Data         732  usb_device.o(.bss)
    USBD_StrDesc                             0x20005000   Data         512  usbd_desc.o(.bss)
    UserRxBufferFS                           0x20005200   Data        2048  usbd_cdc_if.o(.bss)
    UserTxBufferFS                           0x20005a00   Data        2048  usbd_cdc_if.o(.bss)
    hpcd_USB_OTG_FS                          0x20006420   Data        1252  usbd_conf.o(.bss)
    __libspace_start                         0x20006904   Data          96  libspace.o(.bss)
    __temporary_stack_top$libspace           0x20006964   Data           0  libspace.o(.bss)



==============================================================================

Memory Map of the image

  Image Entry point : 0x08000189

  Load Region LR_IROM1 (Base: 0x08000000, Size: 0x0000d4f0, Max: 0x00100000, ABSOLUTE, COMPRESSED[0x0000d2c4])

    Execution Region ER_IROM1 (Exec base: 0x08000000, Load base: 0x08000000, Size: 0x0000d1b0, Max: 0x00100000, ABSOLUTE)

    Exec Addr    Load Addr    Size         Type   Attr      Idx    E Section Name        Object

    0x08000000   0x08000000   0x00000188   Data   RO            3    RESET               startup_stm32f407xx.o
    0x08000188   0x08000188   0x00000008   Code   RO         8283  * !!!main             c_w.l(__main.o)
    0x08000190   0x08000190   0x00000034   Code   RO         8657    !!!scatter          c_w.l(__scatter.o)
    0x080001c4   0x080001c4   0x0000005a   Code   RO         8655    !!dczerorl2         c_w.l(__dczerorl2.o)
    0x0800021e   0x0800021e   0x00000002   PAD
    0x08000220   0x08000220   0x0000001c   Code   RO         8659    !!handler_zi        c_w.l(__scatter_zi.o)
    0x0800023c   0x0800023c   0x00000002   Code   RO         8594    .ARM.Collect$$libinit$$00000000  c_w.l(libinit.o)
    0x0800023e   0x0800023e   0x00000004   Code   RO         8427    .ARM.Collect$$libinit$$00000001  c_w.l(libinit2.o)
    0x08000242   0x08000242   0x00000000   Code   RO         8430    .ARM.Collect$$libinit$$00000004  c_w.l(libinit2.o)
    0x08000242   0x08000242   0x00000008   Code   RO         8431    .ARM.Collect$$libinit$$00000005  c_w.l(libinit2.o)
    0x0800024a   0x0800024a   0x00000000   Code   RO         8433    .ARM.Collect$$libinit$$0000000A  c_w.l(libinit2.o)
    0x0800024a   0x0800024a   0x00000000   Code   RO         8435    .ARM.Collect$$libinit$$0000000C  c_w.l(libinit2.o)
    0x0800024a   0x0800024a   0x00000000   Code   RO         8437    .ARM.Collect$$libinit$$0000000E  c_w.l(libinit2.o)
    0x0800024a   0x0800024a   0x00000000   Code   RO         8440    .ARM.Collect$$libinit$$00000011  c_w.l(libinit2.o)
    0x0800024a   0x0800024a   0x00000000   Code   RO         8442    .ARM.Collect$$libinit$$00000013  c_w.l(libinit2.o)
    0x0800024a   0x0800024a   0x00000000   Code   RO         8444    .ARM.Collect$$libinit$$00000015  c_w.l(libinit2.o)
    0x0800024a   0x0800024a   0x00000000   Code   RO         8446    .ARM.Collect$$libinit$$00000017  c_w.l(libinit2.o)
    0x0800024a   0x0800024a   0x00000000   Code   RO         8448    .ARM.Collect$$libinit$$00000019  c_w.l(libinit2.o)
    0x0800024a   0x0800024a   0x00000000   Code   RO         8450    .ARM.Collect$$libinit$$0000001B  c_w.l(libinit2.o)
    0x0800024a   0x0800024a   0x00000000   Code   RO         8452    .ARM.Collect$$libinit$$0000001D  c_w.l(libinit2.o)
    0x0800024a   0x0800024a   0x00000000   Code   RO         8454    .ARM.Collect$$libinit$$0000001F  c_w.l(libinit2.o)
    0x0800024a   0x0800024a   0x00000000   Code   RO         8456    .ARM.Collect$$libinit$$00000021  c_w.l(libinit2.o)
    0x0800024a   0x0800024a   0x00000000   Code   RO         8458    .ARM.Collect$$libinit$$00000023  c_w.l(libinit2.o)
    0x0800024a   0x0800024a   0x00000000   Code   RO         8460    .ARM.Collect$$libinit$$00000025  c_w.l(libinit2.o)
    0x0800024a   0x0800024a   0x00000000   Code   RO         8464    .ARM.Collect$$libinit$$0000002C  c_w.l(libinit2.o)
    0x0800024a   0x0800024a   0x00000000   Code   RO         8466    .ARM.Collect$$libinit$$0000002E  c_w.l(libinit2.o)
    0x0800024a   0x0800024a   0x00000000   Code   RO         8468    .ARM.Collect$$libinit$$00000030  c_w.l(libinit2.o)
    0x0800024a   0x0800024a   0x00000000   Code   RO         8470    .ARM.Collect$$libinit$$00000032  c_w.l(libinit2.o)
    0x0800024a   0x0800024a   0x00000002   Code   RO         8471    .ARM.Collect$$libinit$$00000033  c_w.l(libinit2.o)
    0x0800024c   0x0800024c   0x00000002   Code   RO         8652    .ARM.Collect$$libshutdown$$00000000  c_w.l(libshutdown.o)
    0x0800024e   0x0800024e   0x00000000   Code   RO         8610    .ARM.Collect$$libshutdown$$00000002  c_w.l(libshutdown2.o)
    0x0800024e   0x0800024e   0x00000000   Code   RO         8612    .ARM.Collect$$libshutdown$$00000004  c_w.l(libshutdown2.o)
    0x0800024e   0x0800024e   0x00000000   Code   RO         8615    .ARM.Collect$$libshutdown$$00000007  c_w.l(libshutdown2.o)
    0x0800024e   0x0800024e   0x00000000   Code   RO         8618    .ARM.Collect$$libshutdown$$0000000A  c_w.l(libshutdown2.o)
    0x0800024e   0x0800024e   0x00000000   Code   RO         8620    .ARM.Collect$$libshutdown$$0000000C  c_w.l(libshutdown2.o)
    0x0800024e   0x0800024e   0x00000000   Code   RO         8623    .ARM.Collect$$libshutdown$$0000000F  c_w.l(libshutdown2.o)
    0x0800024e   0x0800024e   0x00000002   Code   RO         8624    .ARM.Collect$$libshutdown$$00000010  c_w.l(libshutdown2.o)
    0x08000250   0x08000250   0x00000000   Code   RO         8393    .ARM.Collect$$rtentry$$00000000  c_w.l(__rtentry.o)
    0x08000250   0x08000250   0x00000000   Code   RO         8520    .ARM.Collect$$rtentry$$00000002  c_w.l(__rtentry2.o)
    0x08000250   0x08000250   0x00000006   Code   RO         8532    .ARM.Collect$$rtentry$$00000004  c_w.l(__rtentry4.o)
    0x08000256   0x08000256   0x00000000   Code   RO         8522    .ARM.Collect$$rtentry$$00000009  c_w.l(__rtentry2.o)
    0x08000256   0x08000256   0x00000004   Code   RO         8523    .ARM.Collect$$rtentry$$0000000A  c_w.l(__rtentry2.o)
    0x0800025a   0x0800025a   0x00000000   Code   RO         8525    .ARM.Collect$$rtentry$$0000000C  c_w.l(__rtentry2.o)
    0x0800025a   0x0800025a   0x00000008   Code   RO         8526    .ARM.Collect$$rtentry$$0000000D  c_w.l(__rtentry2.o)
    0x08000262   0x08000262   0x00000002   Code   RO         8597    .ARM.Collect$$rtexit$$00000000  c_w.l(rtexit.o)
    0x08000264   0x08000264   0x00000000   Code   RO         8628    .ARM.Collect$$rtexit$$00000002  c_w.l(rtexit2.o)
    0x08000264   0x08000264   0x00000004   Code   RO         8629    .ARM.Collect$$rtexit$$00000003  c_w.l(rtexit2.o)
    0x08000268   0x08000268   0x00000006   Code   RO         8630    .ARM.Collect$$rtexit$$00000004  c_w.l(rtexit2.o)
    0x0800026e   0x0800026e   0x00000002   PAD
    0x08000270   0x08000270   0x000000be   Code   RO         5883    .emb_text           port.o
    0x0800032e   0x0800032e   0x00000002   PAD
    0x08000330   0x08000330   0x00000000   Code   RO         8543    .emb_text           c_w.l(maybetermalloc1.o)
    0x08000330   0x08000330   0x00000040   Code   RO            4    .text               startup_stm32f407xx.o
    0x08000370   0x08000370   0x00000108   Code   RO         8042    .text               arm_cortexM4lf_math.lib(arm_mat_add_f32.o)
    0x08000478   0x08000478   0x00000008   Code   RO         8088    .text               arm_cortexM4lf_math.lib(arm_mat_init_f32.o)
    0x08000480   0x08000480   0x00000530   Code   RO         8112    .text               arm_cortexM4lf_math.lib(arm_mat_inverse_f32.o)
    0x080009b0   0x080009b0   0x0000013c   Code   RO         8136    .text               arm_cortexM4lf_math.lib(arm_mat_mult_f32.o)
    0x08000aec   0x08000aec   0x00000108   Code   RO         8160    .text               arm_cortexM4lf_math.lib(arm_mat_sub_f32.o)
    0x08000bf4   0x08000bf4   0x00000114   Code   RO         8184    .text               arm_cortexM4lf_math.lib(arm_mat_trans_f32.o)
    0x08000d08   0x08000d08   0x0000005e   Code   RO         8211    .text               c_w.l(h1_alloc.o)
    0x08000d66   0x08000d66   0x0000004e   Code   RO         8213    .text               c_w.l(h1_free.o)
    0x08000db4   0x08000db4   0x000000ee   Code   RO         8269    .text               c_w.l(lludivv7m.o)
    0x08000ea2   0x08000ea2   0x0000008a   Code   RO         8271    .text               c_w.l(rt_memcpy_v6.o)
    0x08000f2c   0x08000f2c   0x00000064   Code   RO         8273    .text               c_w.l(rt_memcpy_w.o)
    0x08000f90   0x08000f90   0x00000044   Code   RO         8277    .text               c_w.l(rt_memclr.o)
    0x08000fd4   0x08000fd4   0x0000004e   Code   RO         8279    .text               c_w.l(rt_memclr_w.o)
    0x08001022   0x08001022   0x00000006   Code   RO         8281    .text               c_w.l(heapauxi.o)
    0x08001028   0x08001028   0x00000008   Code   RO         8401    .text               c_w.l(rt_heap_descriptor_intlibspace.o)
    0x08001030   0x08001030   0x00000004   Code   RO         8403    .text               c_w.l(hguard.o)
    0x08001034   0x08001034   0x0000008a   Code   RO         8405    .text               c_w.l(init_alloc.o)
    0x080010be   0x080010be   0x0000000e   Code   RO         8409    .text               c_w.l(h1_init.o)
    0x080010cc   0x080010cc   0x00000016   Code   RO         8423    .text               c_w.l(_rserrno.o)
    0x080010e2   0x080010e2   0x00000002   PAD
    0x080010e4   0x080010e4   0x00000008   Code   RO         8516    .text               c_w.l(libspace.o)
    0x080010ec   0x080010ec   0x00000008   Code   RO         8539    .text               c_w.l(rt_errno_addr_intlibspace.o)
    0x080010f4   0x080010f4   0x00000034   Code   RO         8545    .text               c_w.l(h1_extend.o)
    0x08001128   0x08001128   0x00000030   Code   RO         8549    .text               c_w.l(_fptrap.o)
    0x08001158   0x08001158   0x0000000e   Code   RO         8551    .text               c_w.l(defsig_rtmem_outer.o)
    0x08001166   0x08001166   0x00000002   Code   RO         8566    .text               c_w.l(use_no_semi.o)
    0x08001168   0x08001168   0x00000000   Code   RO         8568    .text               c_w.l(indicate_semi.o)
    0x08001168   0x08001168   0x0000004a   Code   RO         8569    .text               c_w.l(sys_stackheap_outer.o)
    0x080011b2   0x080011b2   0x00000012   Code   RO         8575    .text               c_w.l(exit.o)
    0x080011c4   0x080011c4   0x0000000a   Code   RO         8577    .text               c_w.l(defsig_exit.o)
    0x080011ce   0x080011ce   0x0000000e   Code   RO         8579    .text               c_w.l(defsig_fpe_outer.o)
    0x080011dc   0x080011dc   0x00000050   Code   RO         8583    .text               c_w.l(defsig_rtmem_inner.o)
    0x0800122c   0x0800122c   0x0000000c   Code   RO         8595    .text               c_w.l(sys_exit.o)
    0x08001238   0x08001238   0x00000032   Code   RO         8605    .text               c_w.l(defsig_general.o)
    0x0800126a   0x0800126a   0x00000002   PAD
    0x0800126c   0x0800126c   0x000000ac   Code   RO         8607    .text               c_w.l(defsig_fpe_inner.o)
    0x08001318   0x08001318   0x0000000e   Code   RO         8625    .text               c_w.l(sys_wrch.o)
    0x08001326   0x08001326   0x00000002   PAD
    0x08001328   0x08001328   0x00000010   Code   RO         6701    i.BMI088_ACCEL_NS_H  bmi088middleware.o
    0x08001338   0x08001338   0x00000010   Code   RO         6702    i.BMI088_ACCEL_NS_L  bmi088middleware.o
    0x08001348   0x08001348   0x00000002   Code   RO         6703    i.BMI088_GPIO_init  bmi088middleware.o
    0x0800134a   0x0800134a   0x00000002   PAD
    0x0800134c   0x0800134c   0x00000010   Code   RO         6704    i.BMI088_GYRO_NS_H  bmi088middleware.o
    0x0800135c   0x0800135c   0x00000010   Code   RO         6705    i.BMI088_GYRO_NS_L  bmi088middleware.o
    0x0800136c   0x0800136c   0x00000002   Code   RO         6706    i.BMI088_com_init   bmi088middleware.o
    0x0800136e   0x0800136e   0x00000018   Code   RO         6707    i.BMI088_delay_ms   bmi088middleware.o
    0x08001386   0x08001386   0x0000002e   Code   RO         6708    i.BMI088_delay_us   bmi088middleware.o
    0x080013b4   0x080013b4   0x0000006c   Code   RO         6569    i.BMI088_init       bmi088driver.o
    0x08001420   0x08001420   0x00000168   Code   RO         6570    i.BMI088_read       bmi088driver.o
    0x08001588   0x08001588   0x00000024   Code   RO         6571    i.BMI088_read_muli_reg  bmi088driver.o
    0x080015ac   0x080015ac   0x00000016   Code   RO         6572    i.BMI088_read_single_reg  bmi088driver.o
    0x080015c2   0x080015c2   0x00000002   PAD
    0x080015c4   0x080015c4   0x00000020   Code   RO         6709    i.BMI088_read_write_byte  bmi088middleware.o
    0x080015e4   0x080015e4   0x00000012   Code   RO         6573    i.BMI088_write_single_reg  bmi088driver.o
    0x080015f6   0x080015f6   0x000000ea   Code   RO         6478    i.BodyFrameToEarthFrame  ins.o
    0x080016e0   0x080016e0   0x00000002   Code   RO          652    i.BusFault_Handler  stm32f4xx_it.o
    0x080016e2   0x080016e2   0x00000002   PAD
    0x080016e4   0x080016e4   0x0000000c   Code   RO          653    i.CAN1_RX0_IRQHandler  stm32f4xx_it.o
    0x080016f0   0x080016f0   0x0000000c   Code   RO          654    i.CAN1_RX1_IRQHandler  stm32f4xx_it.o
    0x080016fc   0x080016fc   0x0000000c   Code   RO          655    i.CAN1_TX_IRQHandler  stm32f4xx_it.o
    0x08001708   0x08001708   0x00000048   Code   RO         6832    i.CAN_cmd_gimbal    can_receive.o
    0x08001750   0x08001750   0x00000004   Code   RO         7271    i.CDC_Control_FS    usbd_cdc_if.o
    0x08001754   0x08001754   0x00000004   Code   RO         7272    i.CDC_DeInit_FS     usbd_cdc_if.o
    0x08001758   0x08001758   0x00000024   Code   RO         7273    i.CDC_Init_FS       usbd_cdc_if.o
    0x0800177c   0x0800177c   0x00000018   Code   RO         7274    i.CDC_Receive_FS    usbd_cdc_if.o
    0x08001794   0x08001794   0x0000000a   Code   RO         7044    i.CDC_SendFeed      serial.o
    0x0800179e   0x0800179e   0x00000004   Code   RO         7275    i.CDC_TransmitCplt_FS  usbd_cdc_if.o
    0x080017a2   0x080017a2   0x00000002   PAD
    0x080017a4   0x080017a4   0x0000002c   Code   RO         7276    i.CDC_Transmit_FS   usbd_cdc_if.o
    0x080017d0   0x080017d0   0x00000060   Code   RO         6833    i.Can_Send          can_receive.o
    0x08001830   0x08001830   0x00000056   Code   RO         4514    i.Cross3d           user_lib.o
    0x08001886   0x08001886   0x00000002   PAD
    0x08001888   0x08001888   0x0000000c   Code   RO          656    i.DMA1_Stream1_IRQHandler  stm32f4xx_it.o
    0x08001894   0x08001894   0x0000000c   Code   RO          657    i.DMA2_Stream6_IRQHandler  stm32f4xx_it.o
    0x080018a0   0x080018a0   0x00000028   Code   RO         1832    i.DMA_CalcBaseAndBitshift  stm32f4xx_hal_dma.o
    0x080018c8   0x080018c8   0x00000054   Code   RO         1833    i.DMA_CheckFifoParam  stm32f4xx_hal_dma.o
    0x0800191c   0x0800191c   0x00000034   Code   RO         7938    i.DWT_CNT_Update    bsp_dwt.o
    0x08001950   0x08001950   0x00000034   Code   RO         7939    i.DWT_Delay         bsp_dwt.o
    0x08001984   0x08001984   0x00000044   Code   RO         7940    i.DWT_GetDeltaT     bsp_dwt.o
    0x080019c8   0x080019c8   0x00000048   Code   RO         7945    i.DWT_Init          bsp_dwt.o
    0x08001a10   0x08001a10   0x00000002   Code   RO          658    i.DebugMon_Handler  stm32f4xx_it.o
    0x08001a12   0x08001a12   0x00000026   Code   RO         4515    i.Dot3d             user_lib.o
    0x08001a38   0x08001a38   0x0000010c   Code   RO         6479    i.EKF_Quaternion_Init  ins.o
    0x08001b44   0x08001b44   0x000000ea   Code   RO         6480    i.EarthFrameToBodyFrame  ins.o
    0x08001c2e   0x08001c2e   0x00000004   Code   RO          155    i.Error_Handler     main.o
    0x08001c32   0x08001c32   0x00000002   PAD
    0x08001c34   0x08001c34   0x0000002c   Code   RO         7045    i.Get_CRC16_Check_Sum  serial.o
    0x08001c60   0x08001c60   0x0000004c   Code   RO         6942    i.Gimbal_task       gimbal.o
    0x08001cac   0x08001cac   0x00000024   Code   RO         2524    i.HAL_CAN_ActivateNotification  stm32f4xx_hal_can.o
    0x08001cd0   0x08001cd0   0x000000bc   Code   RO         2525    i.HAL_CAN_AddTxMessage  stm32f4xx_hal_can.o
    0x08001d8c   0x08001d8c   0x0000010c   Code   RO         2526    i.HAL_CAN_ConfigFilter  stm32f4xx_hal_can.o
    0x08001e98   0x08001e98   0x00000002   Code   RO         2529    i.HAL_CAN_ErrorCallback  stm32f4xx_hal_can.o
    0x08001e9a   0x08001e9a   0x000000f4   Code   RO         2532    i.HAL_CAN_GetRxMessage  stm32f4xx_hal_can.o
    0x08001f8e   0x08001f8e   0x000001fc   Code   RO         2536    i.HAL_CAN_IRQHandler  stm32f4xx_hal_can.o
    0x0800218a   0x0800218a   0x0000011a   Code   RO         2537    i.HAL_CAN_Init      stm32f4xx_hal_can.o
    0x080022a4   0x080022a4   0x00000098   Code   RO          443    i.HAL_CAN_MspInit   can.o
    0x0800233c   0x0800233c   0x00000002   Code   RO         2544    i.HAL_CAN_RxFifo0FullCallback  stm32f4xx_hal_can.o
    0x0800233e   0x0800233e   0x00000002   PAD
    0x08002340   0x08002340   0x00000058   Code   RO         6834    i.HAL_CAN_RxFifo0MsgPendingCallback  can_receive.o
    0x08002398   0x08002398   0x00000002   Code   RO         2546    i.HAL_CAN_RxFifo1FullCallback  stm32f4xx_hal_can.o
    0x0800239a   0x0800239a   0x00000002   Code   RO         2547    i.HAL_CAN_RxFifo1MsgPendingCallback  stm32f4xx_hal_can.o
    0x0800239c   0x0800239c   0x00000002   Code   RO         2548    i.HAL_CAN_SleepCallback  stm32f4xx_hal_can.o
    0x0800239e   0x0800239e   0x00000056   Code   RO         2549    i.HAL_CAN_Start     stm32f4xx_hal_can.o
    0x080023f4   0x080023f4   0x00000002   Code   RO         2551    i.HAL_CAN_TxMailbox0AbortCallback  stm32f4xx_hal_can.o
    0x080023f6   0x080023f6   0x00000002   Code   RO         2552    i.HAL_CAN_TxMailbox0CompleteCallback  stm32f4xx_hal_can.o
    0x080023f8   0x080023f8   0x00000002   Code   RO         2553    i.HAL_CAN_TxMailbox1AbortCallback  stm32f4xx_hal_can.o
    0x080023fa   0x080023fa   0x00000002   Code   RO         2554    i.HAL_CAN_TxMailbox1CompleteCallback  stm32f4xx_hal_can.o
    0x080023fc   0x080023fc   0x00000002   Code   RO         2555    i.HAL_CAN_TxMailbox2AbortCallback  stm32f4xx_hal_can.o
    0x080023fe   0x080023fe   0x00000002   Code   RO         2556    i.HAL_CAN_TxMailbox2CompleteCallback  stm32f4xx_hal_can.o
    0x08002400   0x08002400   0x00000002   Code   RO         2558    i.HAL_CAN_WakeUpFromRxMsgCallback  stm32f4xx_hal_can.o
    0x08002402   0x08002402   0x00000092   Code   RO         1835    i.HAL_DMA_Abort     stm32f4xx_hal_dma.o
    0x08002494   0x08002494   0x00000024   Code   RO         1836    i.HAL_DMA_Abort_IT  stm32f4xx_hal_dma.o
    0x080024b8   0x080024b8   0x000001a0   Code   RO         1840    i.HAL_DMA_IRQHandler  stm32f4xx_hal_dma.o
    0x08002658   0x08002658   0x000000d4   Code   RO         1841    i.HAL_DMA_Init      stm32f4xx_hal_dma.o
    0x0800272c   0x0800272c   0x00000024   Code   RO         2272    i.HAL_Delay         stm32f4xx_hal.o
    0x08002750   0x08002750   0x000001d0   Code   RO         1728    i.HAL_GPIO_Init     stm32f4xx_hal_gpio.o
    0x08002920   0x08002920   0x0000000a   Code   RO         1732    i.HAL_GPIO_WritePin  stm32f4xx_hal_gpio.o
    0x0800292a   0x0800292a   0x00000002   PAD
    0x0800292c   0x0800292c   0x0000000c   Code   RO         2278    i.HAL_GetTick       stm32f4xx_hal.o
    0x08002938   0x08002938   0x00000010   Code   RO         2284    i.HAL_IncTick       stm32f4xx_hal.o
    0x08002948   0x08002948   0x00000034   Code   RO         2285    i.HAL_Init          stm32f4xx_hal.o
    0x0800297c   0x0800297c   0x00000040   Code   RO         2286    i.HAL_InitTick      stm32f4xx_hal.o
    0x080029bc   0x080029bc   0x00000038   Code   RO          764    i.HAL_MspInit       stm32f4xx_hal_msp.o
    0x080029f4   0x080029f4   0x0000001a   Code   RO         2120    i.HAL_NVIC_EnableIRQ  stm32f4xx_hal_cortex.o
    0x08002a0e   0x08002a0e   0x00000002   PAD
    0x08002a10   0x08002a10   0x00000040   Code   RO         2126    i.HAL_NVIC_SetPriority  stm32f4xx_hal_cortex.o
    0x08002a50   0x08002a50   0x00000024   Code   RO         2127    i.HAL_NVIC_SetPriorityGrouping  stm32f4xx_hal_cortex.o
    0x08002a74   0x08002a74   0x00000002   Code   RO         1027    i.HAL_PCDEx_LPM_Callback  stm32f4xx_hal_pcd_ex.o
    0x08002a76   0x08002a76   0x00000008   Code   RO         1028    i.HAL_PCDEx_SetRxFiFo  stm32f4xx_hal_pcd_ex.o
    0x08002a7e   0x08002a7e   0x00000044   Code   RO         1029    i.HAL_PCDEx_SetTxFiFo  stm32f4xx_hal_pcd_ex.o
    0x08002ac2   0x08002ac2   0x00000008   Code   RO         7328    i.HAL_PCD_ConnectCallback  usbd_conf.o
    0x08002aca   0x08002aca   0x00000012   Code   RO         7329    i.HAL_PCD_DataInStageCallback  usbd_conf.o
    0x08002adc   0x08002adc   0x00000014   Code   RO         7330    i.HAL_PCD_DataOutStageCallback  usbd_conf.o
    0x08002af0   0x08002af0   0x00000008   Code   RO         7331    i.HAL_PCD_DisconnectCallback  usbd_conf.o
    0x08002af8   0x08002af8   0x0000001e   Code   RO          797    i.HAL_PCD_EP_Abort  stm32f4xx_hal_pcd.o
    0x08002b16   0x08002b16   0x0000004a   Code   RO          798    i.HAL_PCD_EP_Close  stm32f4xx_hal_pcd.o
    0x08002b60   0x08002b60   0x0000005a   Code   RO          799    i.HAL_PCD_EP_ClrStall  stm32f4xx_hal_pcd.o
    0x08002bba   0x08002bba   0x00000012   Code   RO          801    i.HAL_PCD_EP_GetRxCount  stm32f4xx_hal_pcd.o
    0x08002bcc   0x08002bcc   0x00000062   Code   RO          802    i.HAL_PCD_EP_Open   stm32f4xx_hal_pcd.o
    0x08002c2e   0x08002c2e   0x00000038   Code   RO          803    i.HAL_PCD_EP_Receive  stm32f4xx_hal_pcd.o
    0x08002c66   0x08002c66   0x00000072   Code   RO          804    i.HAL_PCD_EP_SetStall  stm32f4xx_hal_pcd.o
    0x08002cd8   0x08002cd8   0x00000032   Code   RO          805    i.HAL_PCD_EP_Transmit  stm32f4xx_hal_pcd.o
    0x08002d0a   0x08002d0a   0x00000002   PAD
    0x08002d0c   0x08002d0c   0x0000054c   Code   RO          807    i.HAL_PCD_IRQHandler  stm32f4xx_hal_pcd.o
    0x08003258   0x08003258   0x00000008   Code   RO         7332    i.HAL_PCD_ISOINIncompleteCallback  usbd_conf.o
    0x08003260   0x08003260   0x00000008   Code   RO         7333    i.HAL_PCD_ISOOUTIncompleteCallback  usbd_conf.o
    0x08003268   0x08003268   0x000000ca   Code   RO          810    i.HAL_PCD_Init      stm32f4xx_hal_pcd.o
    0x08003332   0x08003332   0x00000002   PAD
    0x08003334   0x08003334   0x00000084   Code   RO         7335    i.HAL_PCD_MspInit   usbd_conf.o
    0x080033b8   0x080033b8   0x0000002c   Code   RO         7336    i.HAL_PCD_ResetCallback  usbd_conf.o
    0x080033e4   0x080033e4   0x00000008   Code   RO         7337    i.HAL_PCD_ResumeCallback  usbd_conf.o
    0x080033ec   0x080033ec   0x00000008   Code   RO         7338    i.HAL_PCD_SOFCallback  usbd_conf.o
    0x080033f4   0x080033f4   0x00000026   Code   RO          816    i.HAL_PCD_SetAddress  stm32f4xx_hal_pcd.o
    0x0800341a   0x0800341a   0x0000000e   Code   RO         7339    i.HAL_PCD_SetupStageCallback  usbd_conf.o
    0x08003428   0x08003428   0x00000042   Code   RO          819    i.HAL_PCD_Start     stm32f4xx_hal_pcd.o
    0x0800346a   0x0800346a   0x00000002   PAD
    0x0800346c   0x0800346c   0x00000030   Code   RO         7340    i.HAL_PCD_SuspendCallback  usbd_conf.o
    0x0800349c   0x0800349c   0x00000134   Code   RO         1374    i.HAL_RCC_ClockConfig  stm32f4xx_hal_rcc.o
    0x080035d0   0x080035d0   0x0000000c   Code   RO         1379    i.HAL_RCC_GetHCLKFreq  stm32f4xx_hal_rcc.o
    0x080035dc   0x080035dc   0x00000020   Code   RO         1381    i.HAL_RCC_GetPCLK1Freq  stm32f4xx_hal_rcc.o
    0x080035fc   0x080035fc   0x00000020   Code   RO         1382    i.HAL_RCC_GetPCLK2Freq  stm32f4xx_hal_rcc.o
    0x0800361c   0x0800361c   0x00000064   Code   RO         1383    i.HAL_RCC_GetSysClockFreq  stm32f4xx_hal_rcc.o
    0x08003680   0x08003680   0x00000358   Code   RO         1386    i.HAL_RCC_OscConfig  stm32f4xx_hal_rcc.o
    0x080039d8   0x080039d8   0x000000bc   Code   RO         2768    i.HAL_SPI_Init      stm32f4xx_hal_spi.o
    0x08003a94   0x08003a94   0x00000090   Code   RO          509    i.HAL_SPI_MspInit   spi.o
    0x08003b24   0x08003b24   0x000001e6   Code   RO         2777    i.HAL_SPI_TransmitReceive  stm32f4xx_hal_spi.o
    0x08003d0a   0x08003d0a   0x00000028   Code   RO         2131    i.HAL_SYSTICK_Config  stm32f4xx_hal_cortex.o
    0x08003d32   0x08003d32   0x00000002   Code   RO         3785    i.HAL_TIMEx_BreakCallback  stm32f4xx_hal_tim_ex.o
    0x08003d34   0x08003d34   0x00000002   Code   RO         3786    i.HAL_TIMEx_CommutCallback  stm32f4xx_hal_tim_ex.o
    0x08003d36   0x08003d36   0x00000002   PAD
    0x08003d38   0x08003d38   0x00000090   Code   RO         3804    i.HAL_TIMEx_MasterConfigSynchronization  stm32f4xx_hal_tim_ex.o
    0x08003dc8   0x08003dc8   0x0000005a   Code   RO         3081    i.HAL_TIM_Base_Init  stm32f4xx_hal_tim.o
    0x08003e22   0x08003e22   0x00000002   PAD
    0x08003e24   0x08003e24   0x00000054   Code   RO          551    i.HAL_TIM_Base_MspInit  tim.o
    0x08003e78   0x08003e78   0x00000080   Code   RO         3086    i.HAL_TIM_Base_Start_IT  stm32f4xx_hal_tim.o
    0x08003ef8   0x08003ef8   0x000000dc   Code   RO         3090    i.HAL_TIM_ConfigClockSource  stm32f4xx_hal_tim.o
    0x08003fd4   0x08003fd4   0x00000002   Code   RO         3115    i.HAL_TIM_IC_CaptureCallback  stm32f4xx_hal_tim.o
    0x08003fd6   0x08003fd6   0x00000130   Code   RO         3129    i.HAL_TIM_IRQHandler  stm32f4xx_hal_tim.o
    0x08004106   0x08004106   0x00000002   PAD
    0x08004108   0x08004108   0x00000054   Code   RO          552    i.HAL_TIM_MspPostInit  tim.o
    0x0800415c   0x0800415c   0x00000002   Code   RO         3132    i.HAL_TIM_OC_DelayElapsedCallback  stm32f4xx_hal_tim.o
    0x0800415e   0x0800415e   0x000000cc   Code   RO         3153    i.HAL_TIM_PWM_ConfigChannel  stm32f4xx_hal_tim.o
    0x0800422a   0x0800422a   0x0000005a   Code   RO         3156    i.HAL_TIM_PWM_Init  stm32f4xx_hal_tim.o
    0x08004284   0x08004284   0x00000002   Code   RO         3158    i.HAL_TIM_PWM_MspInit  stm32f4xx_hal_tim.o
    0x08004286   0x08004286   0x00000002   Code   RO         3159    i.HAL_TIM_PWM_PulseFinishedCallback  stm32f4xx_hal_tim.o
    0x08004288   0x08004288   0x000000d0   Code   RO         3161    i.HAL_TIM_PWM_Start  stm32f4xx_hal_tim.o
    0x08004358   0x08004358   0x00000002   Code   RO         3167    i.HAL_TIM_PeriodElapsedCallback  stm32f4xx_hal_tim.o
    0x0800435a   0x0800435a   0x00000002   Code   RO         3172    i.HAL_TIM_TriggerCallback  stm32f4xx_hal_tim.o
    0x0800435c   0x0800435c   0x00000002   Code   RO         4064    i.HAL_UARTEx_RxEventCallback  stm32f4xx_hal_uart.o
    0x0800435e   0x0800435e   0x00000002   Code   RO         4078    i.HAL_UART_ErrorCallback  stm32f4xx_hal_uart.o
    0x08004360   0x08004360   0x00000280   Code   RO         4081    i.HAL_UART_IRQHandler  stm32f4xx_hal_uart.o
    0x080045e0   0x080045e0   0x00000064   Code   RO         4082    i.HAL_UART_Init     stm32f4xx_hal_uart.o
    0x08004644   0x08004644   0x0000013c   Code   RO          605    i.HAL_UART_MspInit  usart.o
    0x08004780   0x08004780   0x00000002   Code   RO         4088    i.HAL_UART_RxCpltCallback  stm32f4xx_hal_uart.o
    0x08004782   0x08004782   0x000000a0   Code   RO         4090    i.HAL_UART_Transmit  stm32f4xx_hal_uart.o
    0x08004822   0x08004822   0x00000002   Code   RO         4093    i.HAL_UART_TxCpltCallback  stm32f4xx_hal_uart.o
    0x08004824   0x08004824   0x000000fc   Code   RO         6326    i.H_K_R_Adjustment  kalman_filter.o
    0x08004920   0x08004920   0x00000002   Code   RO          659    i.HardFault_Handler  stm32f4xx_it.o
    0x08004922   0x08004922   0x00000002   PAD
    0x08004924   0x08004924   0x00000158   Code   RO         6403    i.IMU_QuaternionEKF_F_Linearization_P_Fading  quaternionekf.o
    0x08004a7c   0x08004a7c   0x000000cc   Code   RO         6404    i.IMU_QuaternionEKF_Init  quaternionekf.o
    0x08004b48   0x08004b48   0x00000034   Code   RO         6405    i.IMU_QuaternionEKF_Observe  quaternionekf.o
    0x08004b7c   0x08004b7c   0x000000c4   Code   RO         6406    i.IMU_QuaternionEKF_SetH  quaternionekf.o
    0x08004c40   0x08004c40   0x000003e0   Code   RO         6407    i.IMU_QuaternionEKF_Update  quaternionekf.o
    0x08005020   0x08005020   0x000003b0   Code   RO         6408    i.IMU_QuaternionEKF_xhatUpdate  quaternionekf.o
    0x080053d0   0x080053d0   0x00000270   Code   RO         6482    i.INS_Calculate     ins.o
    0x08005640   0x08005640   0x00000094   Code   RO         6484    i.INS_Init          ins.o
    0x080056d4   0x080056d4   0x00000036   Code   RO         7185    i.IntToUnicode      usbd_desc.o
    0x0800570a   0x0800570a   0x00000002   PAD
    0x0800570c   0x0800570c   0x000003e8   Code   RO         6327    i.Kalman_Filter_Init  kalman_filter.o
    0x08005af4   0x08005af4   0x00000048   Code   RO         6328    i.Kalman_Filter_Measure  kalman_filter.o
    0x08005b3c   0x08005b3c   0x0000006a   Code   RO         6329    i.Kalman_Filter_P_Update  kalman_filter.o
    0x08005ba6   0x08005ba6   0x0000006c   Code   RO         6330    i.Kalman_Filter_PminusUpdate  kalman_filter.o
    0x08005c12   0x08005c12   0x000000cc   Code   RO         6331    i.Kalman_Filter_SetK  kalman_filter.o
    0x08005cde   0x08005cde   0x00000002   PAD
    0x08005ce0   0x08005ce0   0x000000e8   Code   RO         6332    i.Kalman_Filter_Update  kalman_filter.o
    0x08005dc8   0x08005dc8   0x00000074   Code   RO         6333    i.Kalman_Filter_xhatMinusUpdate  kalman_filter.o
    0x08005e3c   0x08005e3c   0x00000084   Code   RO         6334    i.Kalman_Filter_xhatUpdate  kalman_filter.o
    0x08005ec0   0x08005ec0   0x00000048   Code   RO          444    i.MX_CAN1_Init      can.o
    0x08005f08   0x08005f08   0x0000004c   Code   RO          484    i.MX_DMA_Init       dma.o
    0x08005f54   0x08005f54   0x00000080   Code   RO          377    i.MX_FREERTOS_Init  freertos.o
    0x08005fd4   0x08005fd4   0x000000e4   Code   RO          353    i.MX_GPIO_Init      gpio.o
    0x080060b8   0x080060b8   0x00000048   Code   RO          510    i.MX_SPI1_Init      spi.o
    0x08006100   0x08006100   0x00000068   Code   RO          553    i.MX_TIM10_Init     tim.o
    0x08006168   0x08006168   0x00000064   Code   RO          554    i.MX_TIM2_Init      tim.o
    0x080061cc   0x080061cc   0x00000040   Code   RO          606    i.MX_USART3_UART_Init  usart.o
    0x0800620c   0x0800620c   0x00000038   Code   RO          607    i.MX_USART6_UART_Init  usart.o
    0x08006244   0x08006244   0x00000054   Code   RO         7154    i.MX_USB_DEVICE_Init  usb_device.o
    0x08006298   0x08006298   0x00000002   Code   RO          660    i.MemManage_Handler  stm32f4xx_it.o
    0x0800629a   0x0800629a   0x00000018   Code   RO         6041    i.MotorSetTar       motor.o
    0x080062b2   0x080062b2   0x00000002   PAD
    0x080062b4   0x080062b4   0x000001bc   Code   RO         6042    i.Motor_Calc        motor.o
    0x08006470   0x08006470   0x000001b0   Code   RO         6043    i.Motor_return      motor.o
    0x08006620   0x08006620   0x00000002   Code   RO          661    i.NMI_Handler       stm32f4xx_it.o
    0x08006622   0x08006622   0x00000044   Code   RO         4518    i.Norm3d            user_lib.o
    0x08006666   0x08006666   0x00000002   PAD
    0x08006668   0x08006668   0x0000000c   Code   RO          662    i.OTG_FS_IRQHandler  stm32f4xx_it.o
    0x08006674   0x08006674   0x000000cc   Code   RO          823    i.PCD_EP_OutXfrComplete_int  stm32f4xx_hal_pcd.o
    0x08006740   0x08006740   0x00000098   Code   RO          824    i.PCD_WriteEmptyTxFifo  stm32f4xx_hal_pcd.o
    0x080067d8   0x080067d8   0x0000003e   Code   RO         7046    i.Pack_And_Send_Data_ROS2  serial.o
    0x08006816   0x08006816   0x00000002   PAD
    0x08006818   0x08006818   0x00000060   Code   RO         6802    i.RC_init           bsp_rc.o
    0x08006878   0x08006878   0x0000006c   Code   RO         2806    i.SPI_EndRxTxTransaction  stm32f4xx_hal_spi.o
    0x080068e4   0x080068e4   0x000000bc   Code   RO         2811    i.SPI_WaitFlagStateUntilTimeout  stm32f4xx_hal_spi.o
    0x080069a0   0x080069a0   0x0000000a   Code   RO         7694    i.SWAPBYTE          usbd_ctlreq.o
    0x080069aa   0x080069aa   0x00000002   PAD
    0x080069ac   0x080069ac   0x00000024   Code   RO         7047    i.Send_Packet_Init  serial.o
    0x080069d0   0x080069d0   0x00000060   Code   RO         4520    i.Sqrt              user_lib.o
    0x08006a30   0x08006a30   0x0000000c   Code   RO          378    i.StartDefaultTask  freertos.o
    0x08006a3c   0x08006a3c   0x00000018   Code   RO          663    i.SysTick_Handler   stm32f4xx_it.o
    0x08006a54   0x08006a54   0x00000094   Code   RO          156    i.SystemClock_Config  main.o
    0x08006ae8   0x08006ae8   0x00000010   Code   RO         4416    i.SystemInit        system_stm32f4xx.o
    0x08006af8   0x08006af8   0x0000000c   Code   RO          664    i.TIM2_IRQHandler   stm32f4xx_it.o
    0x08006b04   0x08006b04   0x000000d0   Code   RO         3174    i.TIM_Base_SetConfig  stm32f4xx_hal_tim.o
    0x08006bd4   0x08006bd4   0x0000001a   Code   RO         3175    i.TIM_CCxChannelCmd  stm32f4xx_hal_tim.o
    0x08006bee   0x08006bee   0x00000014   Code   RO         3185    i.TIM_ETR_SetConfig  stm32f4xx_hal_tim.o
    0x08006c02   0x08006c02   0x00000010   Code   RO         3186    i.TIM_ITRx_SetConfig  stm32f4xx_hal_tim.o
    0x08006c12   0x08006c12   0x00000002   PAD
    0x08006c14   0x08006c14   0x00000060   Code   RO         3187    i.TIM_OC1_SetConfig  stm32f4xx_hal_tim.o
    0x08006c74   0x08006c74   0x0000006c   Code   RO         3188    i.TIM_OC2_SetConfig  stm32f4xx_hal_tim.o
    0x08006ce0   0x08006ce0   0x00000068   Code   RO         3189    i.TIM_OC3_SetConfig  stm32f4xx_hal_tim.o
    0x08006d48   0x08006d48   0x00000050   Code   RO         3190    i.TIM_OC4_SetConfig  stm32f4xx_hal_tim.o
    0x08006d98   0x08006d98   0x00000022   Code   RO         3192    i.TIM_TI1_ConfigInputStage  stm32f4xx_hal_tim.o
    0x08006dba   0x08006dba   0x00000024   Code   RO         3194    i.TIM_TI2_ConfigInputStage  stm32f4xx_hal_tim.o
    0x08006dde   0x08006dde   0x0000000e   Code   RO         4095    i.UART_DMAAbortOnError  stm32f4xx_hal_uart.o
    0x08006dec   0x08006dec   0x0000004e   Code   RO         4105    i.UART_EndRxTransfer  stm32f4xx_hal_uart.o
    0x08006e3a   0x08006e3a   0x000000c2   Code   RO         4107    i.UART_Receive_IT   stm32f4xx_hal_uart.o
    0x08006efc   0x08006efc   0x0000010c   Code   RO         4108    i.UART_SetConfig    stm32f4xx_hal_uart.o
    0x08007008   0x08007008   0x00000070   Code   RO         4111    i.UART_WaitOnFlagUntilTimeout  stm32f4xx_hal_uart.o
    0x08007078   0x08007078   0x0000009c   Code   RO         6892    i.USART3_IRQHandler  remote_control.o
    0x08007114   0x08007114   0x0000000c   Code   RO          665    i.USART6_IRQHandler  stm32f4xx_it.o
    0x08007120   0x08007120   0x00000076   Code   RO         7832    i.USBD_CDC_DataIn   usbd_cdc.o
    0x08007196   0x08007196   0x0000003c   Code   RO         7833    i.USBD_CDC_DataOut  usbd_cdc.o
    0x080071d2   0x080071d2   0x00000002   PAD
    0x080071d4   0x080071d4   0x00000094   Code   RO         7834    i.USBD_CDC_DeInit   usbd_cdc.o
    0x08007268   0x08007268   0x00000036   Code   RO         7835    i.USBD_CDC_EP0_RxReady  usbd_cdc.o
    0x0800729e   0x0800729e   0x00000002   PAD
    0x080072a0   0x080072a0   0x0000000c   Code   RO         7836    i.USBD_CDC_GetDeviceQualifierDescriptor  usbd_cdc.o
    0x080072ac   0x080072ac   0x0000003c   Code   RO         7837    i.USBD_CDC_GetFSCfgDesc  usbd_cdc.o
    0x080072e8   0x080072e8   0x00000040   Code   RO         7838    i.USBD_CDC_GetHSCfgDesc  usbd_cdc.o
    0x08007328   0x08007328   0x0000003c   Code   RO         7839    i.USBD_CDC_GetOtherSpeedCfgDesc  usbd_cdc.o
    0x08007364   0x08007364   0x00000120   Code   RO         7840    i.USBD_CDC_Init     usbd_cdc.o
    0x08007484   0x08007484   0x00000038   Code   RO         7841    i.USBD_CDC_ReceivePacket  usbd_cdc.o
    0x080074bc   0x080074bc   0x00000016   Code   RO         7842    i.USBD_CDC_RegisterInterface  usbd_cdc.o
    0x080074d2   0x080074d2   0x0000001a   Code   RO         7843    i.USBD_CDC_SetRxBuffer  usbd_cdc.o
    0x080074ec   0x080074ec   0x0000001e   Code   RO         7844    i.USBD_CDC_SetTxBuffer  usbd_cdc.o
    0x0800750a   0x0800750a   0x000000d4   Code   RO         7845    i.USBD_CDC_Setup    usbd_cdc.o
    0x080075de   0x080075de   0x00000002   PAD
    0x080075e0   0x080075e0   0x00000050   Code   RO         7846    i.USBD_CDC_TransmitPacket  usbd_cdc.o
    0x08007630   0x08007630   0x00000014   Code   RO         7535    i.USBD_ClrClassConfig  usbd_core.o
    0x08007644   0x08007644   0x00000004   Code   RO         7536    i.USBD_CoreFindEP   usbd_core.o
    0x08007648   0x08007648   0x00000004   Code   RO         7537    i.USBD_CoreFindIF   usbd_core.o
    0x0800764c   0x0800764c   0x00000010   Code   RO         7772    i.USBD_CtlContinueRx  usbd_ioreq.o
    0x0800765c   0x0800765c   0x00000010   Code   RO         7773    i.USBD_CtlContinueSendData  usbd_ioreq.o
    0x0800766c   0x0800766c   0x00000016   Code   RO         7695    i.USBD_CtlError     usbd_ctlreq.o
    0x08007682   0x08007682   0x00000022   Code   RO         7774    i.USBD_CtlPrepareRx  usbd_ioreq.o
    0x080076a4   0x080076a4   0x00000016   Code   RO         7775    i.USBD_CtlReceiveStatus  usbd_ioreq.o
    0x080076ba   0x080076ba   0x0000001c   Code   RO         7776    i.USBD_CtlSendData  usbd_ioreq.o
    0x080076d6   0x080076d6   0x00000016   Code   RO         7777    i.USBD_CtlSendStatus  usbd_ioreq.o
    0x080076ec   0x080076ec   0x00000020   Code   RO         7186    i.USBD_FS_ConfigStrDescriptor  usbd_desc.o
    0x0800770c   0x0800770c   0x0000000c   Code   RO         7187    i.USBD_FS_DeviceDescriptor  usbd_desc.o
    0x08007718   0x08007718   0x00000024   Code   RO         7188    i.USBD_FS_InterfaceStrDescriptor  usbd_desc.o
    0x0800773c   0x0800773c   0x0000000c   Code   RO         7189    i.USBD_FS_LangIDStrDescriptor  usbd_desc.o
    0x08007748   0x08007748   0x00000028   Code   RO         7190    i.USBD_FS_ManufacturerStrDescriptor  usbd_desc.o
    0x08007770   0x08007770   0x0000002c   Code   RO         7191    i.USBD_FS_ProductStrDescriptor  usbd_desc.o
    0x0800779c   0x0800779c   0x00000038   Code   RO         7192    i.USBD_FS_SerialStrDescriptor  usbd_desc.o
    0x080077d4   0x080077d4   0x000000e6   Code   RO         7696    i.USBD_GetDescriptor  usbd_ctlreq.o
    0x080078ba   0x080078ba   0x0000003a   Code   RO         7539    i.USBD_GetEpDesc    usbd_core.o
    0x080078f4   0x080078f4   0x00000014   Code   RO         7697    i.USBD_GetLen       usbd_ctlreq.o
    0x08007908   0x08007908   0x0000000e   Code   RO         7540    i.USBD_GetNextDesc  usbd_core.o
    0x08007916   0x08007916   0x0000004e   Code   RO         7698    i.USBD_GetString    usbd_ctlreq.o
    0x08007964   0x08007964   0x00000018   Code   RO         7341    i.USBD_Get_USB_Status  usbd_conf.o
    0x0800797c   0x0800797c   0x00000026   Code   RO         7541    i.USBD_Init         usbd_core.o
    0x080079a2   0x080079a2   0x00000012   Code   RO         7342    i.USBD_LL_ClearStallEP  usbd_conf.o
    0x080079b4   0x080079b4   0x00000012   Code   RO         7343    i.USBD_LL_CloseEP   usbd_conf.o
    0x080079c6   0x080079c6   0x000000b8   Code   RO         7542    i.USBD_LL_DataInStage  usbd_core.o
    0x08007a7e   0x08007a7e   0x00000094   Code   RO         7543    i.USBD_LL_DataOutStage  usbd_core.o
    0x08007b12   0x08007b12   0x00000004   Code   RO         7544    i.USBD_LL_DevConnected  usbd_core.o
    0x08007b16   0x08007b16   0x0000001e   Code   RO         7545    i.USBD_LL_DevDisconnected  usbd_core.o
    0x08007b34   0x08007b34   0x00000008   Code   RO         7347    i.USBD_LL_GetRxDataSize  usbd_conf.o
    0x08007b3c   0x08007b3c   0x00000060   Code   RO         7348    i.USBD_LL_Init      usbd_conf.o
    0x08007b9c   0x08007b9c   0x0000001e   Code   RO         7349    i.USBD_LL_IsStallEP  usbd_conf.o
    0x08007bba   0x08007bba   0x00000028   Code   RO         7546    i.USBD_LL_IsoINIncomplete  usbd_core.o
    0x08007be2   0x08007be2   0x00000028   Code   RO         7547    i.USBD_LL_IsoOUTIncomplete  usbd_core.o
    0x08007c0a   0x08007c0a   0x00000018   Code   RO         7350    i.USBD_LL_OpenEP    usbd_conf.o
    0x08007c22   0x08007c22   0x00000012   Code   RO         7351    i.USBD_LL_PrepareReceive  usbd_conf.o
    0x08007c34   0x08007c34   0x0000005e   Code   RO         7548    i.USBD_LL_Reset     usbd_core.o
    0x08007c92   0x08007c92   0x00000014   Code   RO         7549    i.USBD_LL_Resume    usbd_core.o
    0x08007ca6   0x08007ca6   0x0000001a   Code   RO         7550    i.USBD_LL_SOF       usbd_core.o
    0x08007cc0   0x08007cc0   0x00000006   Code   RO         7551    i.USBD_LL_SetSpeed  usbd_core.o
    0x08007cc6   0x08007cc6   0x00000012   Code   RO         7352    i.USBD_LL_SetUSBAddress  usbd_conf.o
    0x08007cd8   0x08007cd8   0x00000060   Code   RO         7552    i.USBD_LL_SetupStage  usbd_core.o
    0x08007d38   0x08007d38   0x00000012   Code   RO         7353    i.USBD_LL_StallEP   usbd_conf.o
    0x08007d4a   0x08007d4a   0x00000012   Code   RO         7354    i.USBD_LL_Start     usbd_conf.o
    0x08007d5c   0x08007d5c   0x0000001a   Code   RO         7553    i.USBD_LL_Suspend   usbd_core.o
    0x08007d76   0x08007d76   0x00000012   Code   RO         7356    i.USBD_LL_Transmit  usbd_conf.o
    0x08007d88   0x08007d88   0x00000030   Code   RO         7699    i.USBD_ParseSetupRequest  usbd_ctlreq.o
    0x08007db8   0x08007db8   0x0000003a   Code   RO         7554    i.USBD_RegisterClass  usbd_core.o
    0x08007df2   0x08007df2   0x00000014   Code   RO         7556    i.USBD_SetClassConfig  usbd_core.o
    0x08007e06   0x08007e06   0x00000002   PAD
    0x08007e08   0x08007e08   0x000000b8   Code   RO         7700    i.USBD_SetConfig    usbd_ctlreq.o
    0x08007ec0   0x08007ec0   0x00000004   Code   RO         7557    i.USBD_Start        usbd_core.o
    0x08007ec4   0x08007ec4   0x0000012c   Code   RO         7701    i.USBD_StdDevReq    usbd_ctlreq.o
    0x08007ff0   0x08007ff0   0x00000166   Code   RO         7702    i.USBD_StdEPReq     usbd_ctlreq.o
    0x08008156   0x08008156   0x00000072   Code   RO         7703    i.USBD_StdItfReq    usbd_ctlreq.o
    0x080081c8   0x080081c8   0x00000002   Code   RO         7357    i.USBD_static_free  usbd_conf.o
    0x080081ca   0x080081ca   0x00000002   PAD
    0x080081cc   0x080081cc   0x00000008   Code   RO         7358    i.USBD_static_malloc  usbd_conf.o
    0x080081d4   0x080081d4   0x00000080   Code   RO         1069    i.USB_ActivateEndpoint  stm32f4xx_ll_usb.o
    0x08008254   0x08008254   0x0000001c   Code   RO         1071    i.USB_ActivateSetup  stm32f4xx_ll_usb.o
    0x08008270   0x08008270   0x00000084   Code   RO         1073    i.USB_CoreInit      stm32f4xx_ll_usb.o
    0x080082f4   0x080082f4   0x00000044   Code   RO         1074    i.USB_CoreReset     stm32f4xx_ll_usb.o
    0x08008338   0x08008338   0x000000d0   Code   RO         1077    i.USB_DeactivateEndpoint  stm32f4xx_ll_usb.o
    0x08008408   0x08008408   0x0000001c   Code   RO         1078    i.USB_DevConnect    stm32f4xx_ll_usb.o
    0x08008424   0x08008424   0x0000001c   Code   RO         1079    i.USB_DevDisconnect  stm32f4xx_ll_usb.o
    0x08008440   0x08008440   0x00000170   Code   RO         1080    i.USB_DevInit       stm32f4xx_ll_usb.o
    0x080085b0   0x080085b0   0x0000000c   Code   RO         1081    i.USB_DisableGlobalInt  stm32f4xx_ll_usb.o
    0x080085bc   0x080085bc   0x00000058   Code   RO         1084    i.USB_EP0_OutStart  stm32f4xx_ll_usb.o
    0x08008614   0x08008614   0x00000058   Code   RO         1085    i.USB_EPClearStall  stm32f4xx_ll_usb.o
    0x0800866c   0x0800866c   0x00000058   Code   RO         1086    i.USB_EPSetStall    stm32f4xx_ll_usb.o
    0x080086c4   0x080086c4   0x00000238   Code   RO         1087    i.USB_EPStartXfer   stm32f4xx_ll_usb.o
    0x080088fc   0x080088fc   0x0000009c   Code   RO         1088    i.USB_EPStopXfer    stm32f4xx_ll_usb.o
    0x08008998   0x08008998   0x0000000c   Code   RO         1089    i.USB_EnableGlobalInt  stm32f4xx_ll_usb.o
    0x080089a4   0x080089a4   0x00000038   Code   RO         1090    i.USB_FlushRxFifo   stm32f4xx_ll_usb.o
    0x080089dc   0x080089dc   0x0000003c   Code   RO         1091    i.USB_FlushTxFifo   stm32f4xx_ll_usb.o
    0x08008a18   0x08008a18   0x0000001a   Code   RO         1093    i.USB_GetDevSpeed   stm32f4xx_ll_usb.o
    0x08008a32   0x08008a32   0x00000008   Code   RO         1095    i.USB_GetMode       stm32f4xx_ll_usb.o
    0x08008a3a   0x08008a3a   0x0000000e   Code   RO         1103    i.USB_ReadDevAllInEpInterrupt  stm32f4xx_ll_usb.o
    0x08008a48   0x08008a48   0x0000000e   Code   RO         1104    i.USB_ReadDevAllOutEpInterrupt  stm32f4xx_ll_usb.o
    0x08008a56   0x08008a56   0x00000024   Code   RO         1105    i.USB_ReadDevInEPInterrupt  stm32f4xx_ll_usb.o
    0x08008a7a   0x08008a7a   0x00000010   Code   RO         1106    i.USB_ReadDevOutEPInterrupt  stm32f4xx_ll_usb.o
    0x08008a8a   0x08008a8a   0x00000008   Code   RO         1107    i.USB_ReadInterrupts  stm32f4xx_ll_usb.o
    0x08008a92   0x08008a92   0x0000003e   Code   RO         1108    i.USB_ReadPacket    stm32f4xx_ll_usb.o
    0x08008ad0   0x08008ad0   0x0000005c   Code   RO         1110    i.USB_SetCurrentMode  stm32f4xx_ll_usb.o
    0x08008b2c   0x08008b2c   0x00000022   Code   RO         1111    i.USB_SetDevAddress  stm32f4xx_ll_usb.o
    0x08008b4e   0x08008b4e   0x00000002   PAD
    0x08008b50   0x08008b50   0x000000e8   Code   RO         1113    i.USB_SetTurnaroundTime  stm32f4xx_ll_usb.o
    0x08008c38   0x08008c38   0x00000026   Code   RO         1116    i.USB_WritePacket   stm32f4xx_ll_usb.o
    0x08008c5e   0x08008c5e   0x00000046   Code   RO         7048    i.UnPack_Data_ROS2  serial.o
    0x08008ca4   0x08008ca4   0x00000002   Code   RO          666    i.UsageFault_Handler  stm32f4xx_it.o
    0x08008ca6   0x08008ca6   0x00000002   PAD
    0x08008ca8   0x08008ca8   0x00000034   Code   RO         4453    i.VOFA_Send_Data    vofa.o
    0x08008cdc   0x08008cdc   0x0000003c   Code   RO         4454    i.VOFA_Send_Frametail  vofa.o
    0x08008d18   0x08008d18   0x00000006   Code   RO         4455    i.VOFA_Transmit     vofa.o
    0x08008d1e   0x08008d1e   0x00000002   PAD
    0x08008d20   0x08008d20   0x00000014   Code   RO         7108    i.VPC_Init          vpc.o
    0x08008d34   0x08008d34   0x00000028   Code   RO         7109    i.VPC_Receive       vpc.o
    0x08008d5c   0x08008d5c   0x00000024   Code   RO         7110    i.VPC_Task          vpc.o
    0x08008d80   0x08008d80   0x00000026   Code   RO         8495    i.__ARM_fpclassifyf  m_wm.l(fpclassifyf.o)
    0x08008da6   0x08008da6   0x00000020   Code   RO         2133    i.__NVIC_SetPriority  stm32f4xx_hal_cortex.o
    0x08008dc6   0x08008dc6   0x00000002   PAD
    0x08008dc8   0x08008dc8   0x00000118   Code   RO         8307    i.__hardfp_acosf    m_wm.l(acosf.o)
    0x08008ee0   0x08008ee0   0x0000012c   Code   RO         8319    i.__hardfp_asinf    m_wm.l(asinf.o)
    0x0800900c   0x0800900c   0x00000250   Code   RO         8331    i.__hardfp_atan2f   m_wm.l(atan2f.o)
    0x0800925c   0x0800925c   0x00000150   Code   RO         8343    i.__hardfp_cosf     m_wm.l(cosf.o)
    0x080093ac   0x080093ac   0x00000190   Code   RO         8355    i.__hardfp_sinf     m_wm.l(sinf.o)
    0x0800953c   0x0800953c   0x00000006   Code   RO         8498    i.__mathlib_flt_infnan  m_wm.l(funder.o)
    0x08009542   0x08009542   0x00000006   Code   RO         8499    i.__mathlib_flt_infnan2  m_wm.l(funder.o)
    0x08009548   0x08009548   0x00000010   Code   RO         8500    i.__mathlib_flt_invalid  m_wm.l(funder.o)
    0x08009558   0x08009558   0x00000010   Code   RO         8503    i.__mathlib_flt_underflow  m_wm.l(funder.o)
    0x08009568   0x08009568   0x00000154   Code   RO         8511    i.__mathlib_rredf2  m_wm.l(rredf.o)
    0x080096bc   0x080096bc   0x0000010c   Code   RO         6575    i.bmi088_accel_init  bmi088driver.o
    0x080097c8   0x080097c8   0x000000dc   Code   RO         6576    i.bmi088_gyro_init  bmi088driver.o
    0x080098a4   0x080098a4   0x00000038   Code   RO         6774    i.can_filter_init   bsp_can.o
    0x080098dc   0x080098dc   0x00000018   Code   RO         6835    i.get_motor_measure  can_receive.o
    0x080098f4   0x080098f4   0x00000008   Code   RO         6893    i.get_remote_control_point  remote_control.o
    0x080098fc   0x080098fc   0x0000012c   Code   RO         6201    i.gimbal_PID_init   pid.o
    0x08009a28   0x08009a28   0x000000f0   Code   RO         6943    i.gimbal_angle_limit  gimbal.o
    0x08009b18   0x08009b18   0x00000130   Code   RO         6944    i.gimbal_detact_calibration  gimbal.o
    0x08009c48   0x08009c48   0x00000258   Code   RO         6945    i.gimbal_feedback_update  gimbal.o
    0x08009ea0   0x08009ea0   0x0000002c   Code   RO         6409    i.invSqrt           quaternionekf.o
    0x08009ecc   0x08009ecc   0x00000064   Code   RO          157    i.main              main.o
    0x08009f30   0x08009f30   0x0000000c   Code   RO         5449    i.makeFreeRtosPriority  cmsis_os.o
    0x08009f3c   0x08009f3c   0x00000022   Code   RO         6946    i.motor_ecd_to_angle_change  gimbal.o
    0x08009f5e   0x08009f5e   0x00000054   Code   RO         6044    i.msp               motor.o
    0x08009fb2   0x08009fb2   0x0000000e   Code   RO         5451    i.osDelay           cmsis_os.o
    0x08009fc0   0x08009fc0   0x0000000a   Code   RO         5454    i.osKernelStart     cmsis_os.o
    0x08009fca   0x08009fca   0x00000054   Code   RO         5488    i.osThreadCreate    cmsis_os.o
    0x0800a01e   0x0800a01e   0x00000002   PAD
    0x0800a020   0x0800a020   0x000000c0   Code   RO         6202    i.pid_calc_raw      pid.o
    0x0800a0e0   0x0800a0e0   0x000000c0   Code   RO         6203    i.pid_calc_raw_return  pid.o
    0x0800a1a0   0x0800a1a0   0x000000bc   Code   RO         6204    i.pid_calc_speed    pid.o
    0x0800a25c   0x0800a25c   0x00000006   Code   RO         6205    i.pid_init          pid.o
    0x0800a262   0x0800a262   0x00000002   PAD
    0x0800a264   0x0800a264   0x00000070   Code   RO         5125    i.prvAddCurrentTaskToDelayedList  tasks.o
    0x0800a2d4   0x0800a2d4   0x000000d0   Code   RO         5126    i.prvAddNewTaskToReadyList  tasks.o
    0x0800a3a4   0x0800a3a4   0x0000006c   Code   RO         4805    i.prvCopyDataToQueue  queue.o
    0x0800a410   0x0800a410   0x00000034   Code   RO         5127    i.prvDeleteTCB      tasks.o
    0x0800a444   0x0800a444   0x0000004c   Code   RO         5816    i.prvHeapInit       heap_4.o
    0x0800a490   0x0800a490   0x0000005c   Code   RO         5128    i.prvIdleTask       tasks.o
    0x0800a4ec   0x0800a4ec   0x00000016   Code   RO         4807    i.prvInitialiseNewQueue  queue.o
    0x0800a502   0x0800a502   0x00000098   Code   RO         5129    i.prvInitialiseNewTask  tasks.o
    0x0800a59a   0x0800a59a   0x00000002   PAD
    0x0800a59c   0x0800a59c   0x0000004c   Code   RO         5817    i.prvInsertBlockIntoFreeList  heap_4.o
    0x0800a5e8   0x0800a5e8   0x0000001a   Code   RO         4808    i.prvIsQueueEmpty   queue.o
    0x0800a602   0x0800a602   0x00000002   PAD
    0x0800a604   0x0800a604   0x00000020   Code   RO         5130    i.prvResetNextTaskUnblockTime  tasks.o
    0x0800a624   0x0800a624   0x00000028   Code   RO         5884    i.prvTaskExitError  port.o
    0x0800a64c   0x0800a64c   0x0000006a   Code   RO         4809    i.prvUnlockQueue    queue.o
    0x0800a6b6   0x0800a6b6   0x00000002   PAD
    0x0800a6b8   0x0800a6b8   0x000000dc   Code   RO         5818    i.pvPortMalloc      heap_4.o
    0x0800a794   0x0800a794   0x00000018   Code   RO         5132    i.pvTaskIncrementMutexHeldCount  tasks.o
    0x0800a7ac   0x0800a7ac   0x0000002c   Code   RO         5885    i.pxPortInitialiseStack  port.o
    0x0800a7d8   0x0800a7d8   0x0000003c   Code   RO         6206    i.rad_format        pid.o
    0x0800a814   0x0800a814   0x00000064   Code   RO         6207    i.rad_format_limit  pid.o
    0x0800a878   0x0800a878   0x00000010   Code   RO         6894    i.remote_control_init  remote_control.o
    0x0800a888   0x0800a888   0x0000001c   Code   RO         6208    i.reset_pid_integrals  pid.o
    0x0800a8a4   0x0800a8a4   0x00000158   Code   RO         6895    i.sbus_to_rc        remote_control.o
    0x0800a9fc   0x0800a9fc   0x0000003e   Code   RO         8375    i.sqrtf             m_wm.l(sqrtf_full.o)
    0x0800aa3a   0x0800aa3a   0x00000026   Code   RO         4767    i.uxListRemove      list.o
    0x0800aa60   0x0800aa60   0x00000014   Code   RO          379    i.vApplicationGetIdleTaskMemory  freertos.o
    0x0800aa74   0x0800aa74   0x00000016   Code   RO         4768    i.vListInitialise   list.o
    0x0800aa8a   0x0800aa8a   0x00000006   Code   RO         4769    i.vListInitialiseItem  list.o
    0x0800aa90   0x0800aa90   0x00000030   Code   RO         4770    i.vListInsert       list.o
    0x0800aac0   0x0800aac0   0x00000018   Code   RO         4771    i.vListInsertEnd    list.o
    0x0800aad8   0x0800aad8   0x00000040   Code   RO         5887    i.vPortEnterCritical  port.o
    0x0800ab18   0x0800ab18   0x00000028   Code   RO         5888    i.vPortExitCritical  port.o
    0x0800ab40   0x0800ab40   0x00000064   Code   RO         5819    i.vPortFree         heap_4.o
    0x0800aba4   0x0800aba4   0x00000024   Code   RO         5889    i.vPortSetupTimerInterrupt  port.o
    0x0800abc8   0x0800abc8   0x0000004c   Code   RO         5139    i.vTaskDelay        tasks.o
    0x0800ac14   0x0800ac14   0x00000090   Code   RO         5140    i.vTaskDelayUntil   tasks.o
    0x0800aca4   0x0800aca4   0x00000010   Code   RO         5143    i.vTaskInternalSetTimeOutState  tasks.o
    0x0800acb4   0x0800acb4   0x0000000c   Code   RO         5144    i.vTaskMissedYield  tasks.o
    0x0800acc0   0x0800acc0   0x00000030   Code   RO         5146    i.vTaskPlaceOnEventList  tasks.o
    0x0800acf0   0x0800acf0   0x000000a4   Code   RO         5148    i.vTaskPriorityDisinheritAfterTimeout  tasks.o
    0x0800ad94   0x0800ad94   0x0000006c   Code   RO         5153    i.vTaskStartScheduler  tasks.o
    0x0800ae00   0x0800ae00   0x00000010   Code   RO         5155    i.vTaskSuspendAll   tasks.o
    0x0800ae10   0x0800ae10   0x0000005c   Code   RO         5156    i.vTaskSwitchContext  tasks.o
    0x0800ae6c   0x0800ae6c   0x00000028   Code   RO         4458    i.vofa_demo3        vofa.o
    0x0800ae94   0x0800ae94   0x000000f4   Code   RO         5891    i.xPortStartScheduler  port.o
    0x0800af88   0x0800af88   0x0000002c   Code   RO         5892    i.xPortSysTickHandler  port.o
    0x0800afb4   0x0800afb4   0x00000042   Code   RO         4818    i.xQueueGenericCreate  queue.o
    0x0800aff6   0x0800aff6   0x00000002   PAD
    0x0800aff8   0x0800aff8   0x00000088   Code   RO         4820    i.xQueueGenericReset  queue.o
    0x0800b080   0x0800b080   0x00000164   Code   RO         4821    i.xQueueGenericSend  queue.o
    0x0800b1e4   0x0800b1e4   0x00000178   Code   RO         4830    i.xQueueSemaphoreTake  queue.o
    0x0800b35c   0x0800b35c   0x00000074   Code   RO         5158    i.xTaskCheckForTimeOut  tasks.o
    0x0800b3d0   0x0800b3d0   0x0000005a   Code   RO         5159    i.xTaskCreate       tasks.o
    0x0800b42a   0x0800b42a   0x0000005a   Code   RO         5160    i.xTaskCreateStatic  tasks.o
    0x0800b484   0x0800b484   0x0000001c   Code   RO         5164    i.xTaskGetSchedulerState  tasks.o
    0x0800b4a0   0x0800b4a0   0x0000000c   Code   RO         5165    i.xTaskGetTickCount  tasks.o
    0x0800b4ac   0x0800b4ac   0x000000cc   Code   RO         5167    i.xTaskIncrementTick  tasks.o
    0x0800b578   0x0800b578   0x00000098   Code   RO         5170    i.xTaskPriorityDisinherit  tasks.o
    0x0800b610   0x0800b610   0x0000008c   Code   RO         5171    i.xTaskPriorityInherit  tasks.o
    0x0800b69c   0x0800b69c   0x00000074   Code   RO         5172    i.xTaskRemoveFromEventList  tasks.o
    0x0800b710   0x0800b710   0x000000c4   Code   RO         5173    i.xTaskResumeAll    tasks.o
    0x0800b7d4   0x0800b7d4   0x000002c4   Code   RO         8285    x$fpl$d2f           g_wm.l(d2f_clz.o)
    0x0800ba98   0x0800ba98   0x0000024c   Code   RO         8287    x$fpl$dadd          g_wm.l(daddsub_clz.o)
    0x0800bce4   0x0800bce4   0x0000037c   Code   RO         8294    x$fpl$ddiv          g_wm.l(ddiv_clz.o)
    0x0800c060   0x0800c060   0x0000001a   Code   RO         8299    x$fpl$dfltn         g_wm.l(dflt_clz.o)
    0x0800c07a   0x0800c07a   0x00000002   PAD
    0x0800c07c   0x0800c07c   0x000001c0   Code   RO         8303    x$fpl$dmul          g_wm.l(dmul_clz.o)
    0x0800c23c   0x0800c23c   0x00000102   Code   RO         8474    x$fpl$dnaninf       g_wm.l(dnaninf.o)
    0x0800c33e   0x0800c33e   0x00000070   Code   RO         8476    x$fpl$drenorm       g_wm.l(drenorm_clz.o)
    0x0800c3ae   0x0800c3ae   0x0000000c   Code   RO         8478    x$fpl$dretinf       g_wm.l(dretinf.o)
    0x0800c3ba   0x0800c3ba   0x00000002   PAD
    0x0800c3bc   0x0800c3bc   0x0000029c   Code   RO         8289    x$fpl$dsub          g_wm.l(daddsub_clz.o)
    0x0800c658   0x0800c658   0x0000017a   Code   RO         8482    x$fpl$dunder        g_wm.l(dunder_clz.o)
    0x0800c7d2   0x0800c7d2   0x00000002   PAD
    0x0800c7d4   0x0800c7d4   0x000001ec   Code   RO         8484    x$fpl$exception     g_wm.l(except.o)
    0x0800c9c0   0x0800c9c0   0x0000007a   Code   RO         8305    x$fpl$f2d           g_wm.l(f2d.o)
    0x0800ca3a   0x0800ca3a   0x000000f2   Code   RO         8486    x$fpl$fnaninf       g_wm.l(fnaninf.o)
    0x0800cb2c   0x0800cb2c   0x0000000a   Code   RO         8562    x$fpl$fpinit        g_wm.l(fpinit.o)
    0x0800cb36   0x0800cb36   0x0000000a   Code   RO         8488    x$fpl$fretinf       g_wm.l(fretinf.o)
    0x0800cb40   0x0800cb40   0x0000013c   Code   RO         8490    x$fpl$funder        g_wm.l(funder_clz.o)
    0x0800cc7c   0x0800cc7c   0x000000b2   Code   RO         8564    x$fpl$retnan        g_wm.l(retnan.o)
    0x0800cd2e   0x0800cd2e   0x0000007e   Code   RO         8492    x$fpl$trapveneer    g_wm.l(trapv.o)
    0x0800cdac   0x0800cdac   0x00000000   Code   RO         8494    x$fpl$usenofp       g_wm.l(usenofp.o)
    0x0800cdac   0x0800cdac   0x0000008c   Data   RO          381    .constdata          freertos.o
    0x0800ce38   0x0800ce38   0x00000008   Data   RO         1847    .constdata          stm32f4xx_hal_dma.o
    0x0800ce40   0x0800ce40   0x00000010   Data   RO         4417    .constdata          system_stm32f4xx.o
    0x0800ce50   0x0800ce50   0x00000008   Data   RO         4418    .constdata          system_stm32f4xx.o
    0x0800ce58   0x0800ce58   0x00000090   Data   RO         6411    .constdata          quaternionekf.o
    0x0800cee8   0x0800cee8   0x0000004c   Data   RO         6486    .constdata          ins.o
    0x0800cf34   0x0800cf34   0x00000200   Data   RO         7052    .constdata          serial.o
    0x0800d134   0x0800d134   0x00000020   Data   RO         8512    .constdata          m_wm.l(rredf.o)
    0x0800d154   0x0800d154   0x0000003b   Data   RO          382    .conststring        freertos.o
    0x0800d18f   0x0800d18f   0x00000001   PAD
    0x0800d190   0x0800d190   0x00000020   Data   RO         8653    Region$$Table       anon$$obj.o


    Execution Region RW_IRAM1 (Exec base: 0x20000000, Load base: 0x0800d1b0, Size: 0x0000c968, Max: 0x0001c000, ABSOLUTE, COMPRESSED[0x00000114])

    Exec Addr    Load Addr    Size         Type   Attr      Idx    E Section Name        Object

    0x20000000   COMPRESSED   0x00000004   Data   RW          383    .data               freertos.o
    0x20000004   COMPRESSED   0x00000014   Data   RW          384    .data               freertos.o
    0x20000018   COMPRESSED   0x0000000c   Data   RW         2292    .data               stm32f4xx_hal.o
    0x20000024   COMPRESSED   0x00000004   Data   RW         4419    .data               system_stm32f4xx.o
    0x20000028   COMPRESSED   0x00000002   Data   RW         4460    .data               vofa.o
    0x2000002a   COMPRESSED   0x00000002   PAD
    0x2000002c   COMPRESSED   0x0000003c   Data   RW         5176    .data               tasks.o
    0x20000068   COMPRESSED   0x00000020   Data   RW         5825    .data               heap_4.o
    0x20000088   COMPRESSED   0x0000000c   Data   RW         5893    .data               port.o
    0x20000094   COMPRESSED   0x00000010   Data   RW         6046    .data               motor.o
    0x200000a4   COMPRESSED   0x00000004   Data   RW         6210    .data               pid.o
    0x200000a8   COMPRESSED   0x00000004   Data   RW         6335    .data               kalman_filter.o
    0x200000ac   COMPRESSED   0x000000d4   Data   RW         6412    .data               quaternionekf.o
    0x20000180   COMPRESSED   0x00000018   Data   RW         6487    .data               ins.o
    0x20000198   COMPRESSED   0x00000038   Data   RW         6578    .data               bmi088driver.o
    0x200001d0   COMPRESSED   0x00000018   Data   RW         6838    .data               can_receive.o
    0x200001e8   COMPRESSED   0x00000002   Data   RW         6897    .data               remote_control.o
    0x200001ea   COMPRESSED   0x00000002   PAD
    0x200001ec   COMPRESSED   0x00000004   Data   RW         6898    .data               remote_control.o
    0x200001f0   COMPRESSED   0x0000001c   Data   RW         6948    .data               gimbal.o
    0x2000020c   COMPRESSED   0x0000001c   Data   RW         7194    .data               usbd_desc.o
    0x20000228   COMPRESSED   0x00000032   Data   RW         7195    .data               usbd_desc.o
    0x2000025a   COMPRESSED   0x00000002   PAD
    0x2000025c   COMPRESSED   0x00000014   Data   RW         7278    .data               usbd_cdc_if.o
    0x20000270   COMPRESSED   0x00000001   Data   RW         7704    .data               usbd_ctlreq.o
    0x20000271   COMPRESSED   0x00000003   PAD
    0x20000274   COMPRESSED   0x00000053   Data   RW         7847    .data               usbd_cdc.o
    0x200002c7   COMPRESSED   0x00000001   PAD
    0x200002c8   COMPRESSED   0x00000038   Data   RW         7848    .data               usbd_cdc.o
    0x20000300   COMPRESSED   0x00000040   Data   RW         7947    .data               bsp_dwt.o
    0x20000340        -       0x00000254   Zero   RW          380    .bss                freertos.o
    0x20000594        -       0x00000028   Zero   RW          445    .bss                can.o
    0x200005bc        -       0x00000058   Zero   RW          511    .bss                spi.o
    0x20000614        -       0x00000090   Zero   RW          555    .bss                tim.o
    0x200006a4        -       0x00000150   Zero   RW          608    .bss                usart.o
    0x200007f4        -       0x00000080   Zero   RW         4459    .bss                vofa.o
    0x20000874        -       0x000000f0   Zero   RW         5175    .bss                tasks.o
    0x20000964        -       0x00003c00   Zero   RW         5824    .bss                heap_4.o
    0x20004564        -       0x00000018   Zero   RW         5970    .bss                imu.o
    0x2000457c        -       0x0000002c   Zero   RW         6045    .bss                motor.o
    0x200045a8        -       0x000001a0   Zero   RW         6209    .bss                pid.o
    0x20004748        -       0x00000270   Zero   RW         6410    .bss                quaternionekf.o
    0x200049b8        -       0x000000e0   Zero   RW         6485    .bss                ins.o
    0x20004a98        -       0x00000040   Zero   RW         6577    .bss                bmi088driver.o
    0x20004ad8        -       0x0000004c   Zero   RW         6837    .bss                can_receive.o
    0x20004b24        -       0x00000068   Zero   RW         6896    .bss                remote_control.o
    0x20004b8c        -       0x00000146   Zero   RW         6947    .bss                gimbal.o
    0x20004cd2        -       0x00000018   Zero   RW         7049    .bss                serial.o
    0x20004cea        -       0x00000022   Zero   RW         7050    .bss                serial.o
    0x20004d0c        -       0x00000018   Zero   RW         7051    .bss                serial.o
    0x20004d24        -       0x000002dc   Zero   RW         7155    .bss                usb_device.o
    0x20005000        -       0x00000200   Zero   RW         7193    .bss                usbd_desc.o
    0x20005200        -       0x00001000   Zero   RW         7277    .bss                usbd_cdc_if.o
    0x20006200        -       0x00000704   Zero   RW         7359    .bss                usbd_conf.o
    0x20006904        -       0x00000060   Zero   RW         8517    .bss                c_w.l(libspace.o)
    0x20006964   COMPRESSED   0x00000004   PAD
    0x20006968        -       0x00002000   Zero   RW            2    HEAP                startup_stm32f407xx.o
    0x20008968        -       0x00004000   Zero   RW            1    STACK               startup_stm32f407xx.o


    Execution Region RW_IRAM2 (Exec base: 0x2001c000, Load base: 0x0800d2c4, Size: 0x00000000, Max: 0x00004000, ABSOLUTE)

    **** No section assigned to this execution region ****


==============================================================================

Image component sizes


      Code (inc. data)   RO Data    RW Data    ZI Data      Debug   Object Name

      1032         44          0         56         64      34218   bmi088driver.o
       170         28          0          0          0       5356   bmi088middleware.o
        56          4          0          0          0        634   bsp_can.o
       244         44          0         64          0       4278   bsp_dwt.o
        96         12          0          0          0       1182   bsp_rc.o
       224         24          0          0         40       1781   can.o
       280         50          0         24         76       4547   can_receive.o
       120          0          0          0          0      23441   cmsis_os.o
        76          4          0          0          0        854   dma.o
         0          0          0          0          0     717376   errorhandel.o
         0          0          0          0          0      17596   event_groups.o
       160         14        199         24        596       7818   freertos.o
      1254        154          0         28        326       7227   gimbal.o
       228         16          0          0          0       1123   gpio.o
       472         24          0         32      15360       7615   heap_4.o
         0          0          0          0         24       2413   imu.o
      1508        122         76         24        224       6259   ins.o
      2222         22          0          4          0       9699   kalman_filter.o
       138          0          0          0          0       3646   list.o
       252         18          0          0          0      41438   main.o
       984        122          0         16         44     595376   motor.o
      1066        170          0          4        416       7346   pid.o
       702         70          0         12          0      11176   port.o
      2776        160        144        212        624      10971   quaternionekf.o
      1196         14          0          0          0      13549   queue.o
       524         46          0          6        104       5237   remote_control.o
       222         10        512          0         82       7272   serial.o
       216         24          0          0         88       1809   spi.o
        64         26        392          0      24576        860   startup_stm32f407xx.o
       180         28          0         12          0       9549   stm32f4xx_hal.o
      1636          6          0          0          0      14971   stm32f4xx_hal_can.o
       198         14          0          0          0      33883   stm32f4xx_hal_cortex.o
       934         16          8          0          0       5759   stm32f4xx_hal_dma.o
       474         46          0          0          0       2340   stm32f4xx_hal_gpio.o
        56          4          0          0          0        902   stm32f4xx_hal_msp.o
      2548         16          0          0          0      14148   stm32f4xx_hal_pcd.o
        78          0          0          0          0       2565   stm32f4xx_hal_pcd_ex.o
      1340         82          0          0          0       5996   stm32f4xx_hal_rcc.o
       970         16          0          0          0       4973   stm32f4xx_hal_spi.o
      1984        138          0          0          0      18686   stm32f4xx_hal_tim.o
       148         28          0          0          0       2637   stm32f4xx_hal_tim_ex.o
      1574         14          0          0          0      10860   stm32f4xx_hal_uart.o
       132         48          0          0          0       7354   stm32f4xx_it.o
      2696        116          0          0          0      23940   stm32f4xx_ll_usb.o
         0          0          0          0          0        392   stream_buffer.o
        16          4         24          4          0       1175   system_stm32f4xx.o
      2492        186          0         60        240      30041   tasks.o
       372         38          0          0        144       3123   tim.o
       436         56          0          0        336       2685   usart.o
        84         18          0          0        732        844   usb_device.o
      1290         38          0        139          0      14737   usbd_cdc.o
       116         22          0         20       4096       4228   usbd_cdc_if.o
       642         24          0          0       1796      17344   usbd_conf.o
       934          0          0          0          0      15963   usbd_core.o
      1364         28          0          1          0      15720   usbd_ctlreq.o
       286        104          0         78        512       6473   usbd_desc.o
       138          0          0          0          0       4652   usbd_ioreq.o
       288         10          0          0          0      18374   user_lib.o
       158         18          0          2        128       3055   vofa.o
        96         22          0          0          0       1910   vpc.o

    ----------------------------------------------------------------------
     40020       2362       1388        832      50628    1851376   Object Totals
         0          0         32          0          0          0   (incl. Generated)
        78          0          1         10          0          0   (incl. Padding)

    ----------------------------------------------------------------------

      Code (inc. data)   RO Data    RW Data    ZI Data      Debug   Library Member Name

       264          0          0          0          0      18250   arm_mat_add_f32.o
         8          0          0          0          0        999   arm_mat_init_f32.o
      1328          4          0          0          0       4782   arm_mat_inverse_f32.o
       316          4          0          0          0       2375   arm_mat_mult_f32.o
       264          0          0          0          0       1826   arm_mat_sub_f32.o
       276          0          0          0          0       2240   arm_mat_trans_f32.o
        90          0          0          0          0          0   __dczerorl2.o
         8          0          0          0          0         68   __main.o
         0          0          0          0          0          0   __rtentry.o
        12          0          0          0          0          0   __rtentry2.o
         6          0          0          0          0          0   __rtentry4.o
        52          8          0          0          0          0   __scatter.o
        28          0          0          0          0          0   __scatter_zi.o
        48          4          0          0          0         84   _fptrap.o
        22          0          0          0          0        100   _rserrno.o
        10          0          0          0          0         68   defsig_exit.o
       172        110          0          0          0         76   defsig_fpe_inner.o
        14          0          0          0          0         80   defsig_fpe_outer.o
        50          0          0          0          0         88   defsig_general.o
        80         58          0          0          0         76   defsig_rtmem_inner.o
        14          0          0          0          0         80   defsig_rtmem_outer.o
        18          0          0          0          0         80   exit.o
        94          0          0          0          0         80   h1_alloc.o
        52          0          0          0          0         68   h1_extend.o
        78          0          0          0          0         80   h1_free.o
        14          0          0          0          0         84   h1_init.o
         6          0          0          0          0        152   heapauxi.o
         4          0          0          0          0        136   hguard.o
         0          0          0          0          0          0   indicate_semi.o
       138          0          0          0          0        168   init_alloc.o
         2          0          0          0          0          0   libinit.o
        14          0          0          0          0          0   libinit2.o
         2          0          0          0          0          0   libshutdown.o
         2          0          0          0          0          0   libshutdown2.o
         8          4          0          0         96         68   libspace.o
       238          0          0          0          0        100   lludivv7m.o
         0          0          0          0          0          0   maybetermalloc1.o
         8          4          0          0          0         68   rt_errno_addr_intlibspace.o
         8          4          0          0          0         68   rt_heap_descriptor_intlibspace.o
        68          0          0          0          0         68   rt_memclr.o
        78          0          0          0          0         80   rt_memclr_w.o
       138          0          0          0          0         68   rt_memcpy_v6.o
       100          0          0          0          0         80   rt_memcpy_w.o
         2          0          0          0          0          0   rtexit.o
        10          0          0          0          0          0   rtexit2.o
        12          4          0          0          0         68   sys_exit.o
        74          0          0          0          0         80   sys_stackheap_outer.o
        14          0          0          0          0         76   sys_wrch.o
         2          0          0          0          0         68   use_no_semi.o
       708         16          0          0          0        140   d2f_clz.o
      1256         28          0          0          0        408   daddsub_clz.o
       892        152          0          0          0        292   ddiv_clz.o
        26          0          0          0          0        116   dflt_clz.o
       448         16          0          0          0        164   dmul_clz.o
       258          4          0          0          0        156   dnaninf.o
       112          0          0          0          0        160   drenorm_clz.o
        12          0          0          0          0        116   dretinf.o
       378          0          0          0          0        168   dunder_clz.o
       492         36          0          0          0        148   except.o
       122          8          0          0          0        132   f2d.o
       242          4          0          0          0        144   fnaninf.o
        10          0          0          0          0        116   fpinit.o
        10          0          0          0          0        116   fretinf.o
       316          0          0          0          0        132   funder_clz.o
       178          0          0          0          0        116   retnan.o
       126          0          0          0          0        148   trapv.o
         0          0          0          0          0          0   usenofp.o
       280         46          0          0          0        176   acosf.o
       300         42          0          0          0        176   asinf.o
       592         90          0          0          0        184   atan2f.o
       336         56          0          0          0        136   cosf.o
        38          0          0          0          0        116   fpclassifyf.o
        44         12          0          0          0        464   funder.o
       340         24         32          0          0        160   rredf.o
       400         56          0          0          0        212   sinf.o
        62          0          0          0          0        136   sqrtf_full.o

    ----------------------------------------------------------------------
     12240        794         32          0        100      37464   Library Totals
        16          0          0          0          4          0   (incl. Padding)

    ----------------------------------------------------------------------

      Code (inc. data)   RO Data    RW Data    ZI Data      Debug   Library Name

      2456          8          0          0          0      30472   arm_cortexM4lf_math.lib
      1790        196          0          0         96       2460   c_w.l
      5586        264          0          0          0       2772   g_wm.l
      2392        326         32          0          0       1760   m_wm.l

    ----------------------------------------------------------------------
     12240        794         32          0        100      37464   Library Totals

    ----------------------------------------------------------------------

==============================================================================


      Code (inc. data)   RO Data    RW Data    ZI Data      Debug   

     52260       3156       1420        832      50728    1846288   Grand Totals
     52260       3156       1420        276      50728    1846288   ELF Image Totals (compressed)
     52260       3156       1420        276          0          0   ROM Totals

==============================================================================

    Total RO  Size (Code + RO Data)                53680 (  52.42kB)
    Total RW  Size (RW Data + ZI Data)             51560 (  50.35kB)
    Total ROM Size (Code + RO Data + RW Data)      53956 (  52.69kB)

==============================================================================

